Archive member included to satisfy reference by file (symbol)

e:/ides/atmelstudio/7.0/toolchain/avr8/avr8-gnu-toolchain/bin/../lib/gcc/avr/5.4.0/../../../../avr/lib/avr5\libm.a(addsf3.o)
                              src/libraries/Arduino-PID-Library-master/PID_v1.o (__subsf3)
e:/ides/atmelstudio/7.0/toolchain/avr8/avr8-gnu-toolchain/bin/../lib/gcc/avr/5.4.0/../../../../avr/lib/avr5\libm.a(addsf3x.o)
                              e:/ides/atmelstudio/7.0/toolchain/avr8/avr8-gnu-toolchain/bin/../lib/gcc/avr/5.4.0/../../../../avr/lib/avr5\libm.a(addsf3.o) (__addsf3x)
e:/ides/atmelstudio/7.0/toolchain/avr8/avr8-gnu-toolchain/bin/../lib/gcc/avr/5.4.0/../../../../avr/lib/avr5\libm.a(atan2.o)
                              Sketch.o (atan2)
e:/ides/atmelstudio/7.0/toolchain/avr8/avr8-gnu-toolchain/bin/../lib/gcc/avr/5.4.0/../../../../avr/lib/avr5\libm.a(atan.o)
                              e:/ides/atmelstudio/7.0/toolchain/avr8/avr8-gnu-toolchain/bin/../lib/gcc/avr/5.4.0/../../../../avr/lib/avr5\libm.a(atan2.o) (atan)
e:/ides/atmelstudio/7.0/toolchain/avr8/avr8-gnu-toolchain/bin/../lib/gcc/avr/5.4.0/../../../../avr/lib/avr5\libm.a(cmpsf2.o)
                              Sketch.o (__ltsf2)
e:/ides/atmelstudio/7.0/toolchain/avr8/avr8-gnu-toolchain/bin/../lib/gcc/avr/5.4.0/../../../../avr/lib/avr5\libm.a(divsf3.o)
                              Sketch.o (__divsf3)
e:/ides/atmelstudio/7.0/toolchain/avr8/avr8-gnu-toolchain/bin/../lib/gcc/avr/5.4.0/../../../../avr/lib/avr5\libm.a(divsf3x.o)
                              e:/ides/atmelstudio/7.0/toolchain/avr8/avr8-gnu-toolchain/bin/../lib/gcc/avr/5.4.0/../../../../avr/lib/avr5\libm.a(divsf3.o) (__divsf3x)
e:/ides/atmelstudio/7.0/toolchain/avr8/avr8-gnu-toolchain/bin/../lib/gcc/avr/5.4.0/../../../../avr/lib/avr5\libm.a(fixsfsi.o)
                              Sketch.o (__fixsfsi)
e:/ides/atmelstudio/7.0/toolchain/avr8/avr8-gnu-toolchain/bin/../lib/gcc/avr/5.4.0/../../../../avr/lib/avr5\libm.a(fixunssfsi.o)
                              e:/ides/atmelstudio/7.0/toolchain/avr8/avr8-gnu-toolchain/bin/../lib/gcc/avr/5.4.0/../../../../avr/lib/avr5\libm.a(fixsfsi.o) (__fixunssfsi)
e:/ides/atmelstudio/7.0/toolchain/avr8/avr8-gnu-toolchain/bin/../lib/gcc/avr/5.4.0/../../../../avr/lib/avr5\libm.a(floatsisf.o)
                              Sketch.o (__floatunsisf)
e:/ides/atmelstudio/7.0/toolchain/avr8/avr8-gnu-toolchain/bin/../lib/gcc/avr/5.4.0/../../../../avr/lib/avr5\libm.a(fp_cmp.o)
                              e:/ides/atmelstudio/7.0/toolchain/avr8/avr8-gnu-toolchain/bin/../lib/gcc/avr/5.4.0/../../../../avr/lib/avr5\libm.a(cmpsf2.o) (__fp_cmp)
e:/ides/atmelstudio/7.0/toolchain/avr8/avr8-gnu-toolchain/bin/../lib/gcc/avr/5.4.0/../../../../avr/lib/avr5\libm.a(fp_inf.o)
                              e:/ides/atmelstudio/7.0/toolchain/avr8/avr8-gnu-toolchain/bin/../lib/gcc/avr/5.4.0/../../../../avr/lib/avr5\libm.a(addsf3x.o) (__fp_inf)
e:/ides/atmelstudio/7.0/toolchain/avr8/avr8-gnu-toolchain/bin/../lib/gcc/avr/5.4.0/../../../../avr/lib/avr5\libm.a(fp_nan.o)
                              e:/ides/atmelstudio/7.0/toolchain/avr8/avr8-gnu-toolchain/bin/../lib/gcc/avr/5.4.0/../../../../avr/lib/avr5\libm.a(addsf3x.o) (__fp_nan)
e:/ides/atmelstudio/7.0/toolchain/avr8/avr8-gnu-toolchain/bin/../lib/gcc/avr/5.4.0/../../../../avr/lib/avr5\libm.a(fp_powser.o)
                              e:/ides/atmelstudio/7.0/toolchain/avr8/avr8-gnu-toolchain/bin/../lib/gcc/avr/5.4.0/../../../../avr/lib/avr5\libm.a(atan.o) (__fp_powser)
e:/ides/atmelstudio/7.0/toolchain/avr8/avr8-gnu-toolchain/bin/../lib/gcc/avr/5.4.0/../../../../avr/lib/avr5\libm.a(fp_pscA.o)
                              e:/ides/atmelstudio/7.0/toolchain/avr8/avr8-gnu-toolchain/bin/../lib/gcc/avr/5.4.0/../../../../avr/lib/avr5\libm.a(addsf3x.o) (__fp_pscA)
e:/ides/atmelstudio/7.0/toolchain/avr8/avr8-gnu-toolchain/bin/../lib/gcc/avr/5.4.0/../../../../avr/lib/avr5\libm.a(fp_pscB.o)
                              e:/ides/atmelstudio/7.0/toolchain/avr8/avr8-gnu-toolchain/bin/../lib/gcc/avr/5.4.0/../../../../avr/lib/avr5\libm.a(addsf3x.o) (__fp_pscB)
e:/ides/atmelstudio/7.0/toolchain/avr8/avr8-gnu-toolchain/bin/../lib/gcc/avr/5.4.0/../../../../avr/lib/avr5\libm.a(fp_round.o)
                              e:/ides/atmelstudio/7.0/toolchain/avr8/avr8-gnu-toolchain/bin/../lib/gcc/avr/5.4.0/../../../../avr/lib/avr5\libm.a(addsf3.o) (__fp_round)
e:/ides/atmelstudio/7.0/toolchain/avr8/avr8-gnu-toolchain/bin/../lib/gcc/avr/5.4.0/../../../../avr/lib/avr5\libm.a(fp_split3.o)
                              e:/ides/atmelstudio/7.0/toolchain/avr8/avr8-gnu-toolchain/bin/../lib/gcc/avr/5.4.0/../../../../avr/lib/avr5\libm.a(addsf3x.o) (__fp_split3)
e:/ides/atmelstudio/7.0/toolchain/avr8/avr8-gnu-toolchain/bin/../lib/gcc/avr/5.4.0/../../../../avr/lib/avr5\libm.a(fp_zero.o)
                              e:/ides/atmelstudio/7.0/toolchain/avr8/avr8-gnu-toolchain/bin/../lib/gcc/avr/5.4.0/../../../../avr/lib/avr5\libm.a(addsf3x.o) (__fp_zero)
[...]
Memory Configuration

Name             Origin             Length             Attributes
text             0x00000000         0x00020000         xr
data             0x00800060         0x0000ffa0         rw !x
eeprom           0x00810000         0x00010000         rw !x
fuse             0x00820000         0x00000003         rw !x
lock             0x00830000         0x00000400         rw !x
signature        0x00840000         0x00000400         rw !x
user_signatures  0x00850000         0x00000400         rw !x
*default*        0x00000000         0xffffffff

Linker script and memory map

Address of section .data set to 0x800100
LOAD E:/IDEs/AtmelStudio/7.0/Packs/atmel/ATmega_DFP/1.2.150/gcc/dev/atmega328p/avr5/crtatmega328p.o
LOAD Sketch.o
LOAD src/libraries/Arduino-PID-Library-master/PID_v1.o
LOAD src/libraries/I2Cdev/I2Cdev.o
LOAD src/libraries/MPU6050/MPU6050.o
LOAD src/libraries/NewPing/NewPing.o
LOAD src/libraries/Wire/src/utility/twi.o
LOAD src/libraries/Wire/src/Wire.o
LOAD src/MPU6050Calib.o
LOAD src/Motors.o
LOAD src/my_libs/pwm_basic.o
LOAD src/my_libs/pwm_basic_example.o
START GROUP
LOAD e:/ides/atmelstudio/7.0/toolchain/avr8/avr8-gnu-toolchain/bin/../lib/gcc/avr/5.4.0/../../../../avr/lib/avr5\libm.a
LOAD P:\robot_mini\SRC\ArduGirobot_AtmelStudio\ArduGirobot_AtmelStudio\ArduinoCore\Release\libArduinoCore.a
END GROUP
LOAD e:/ides/atmelstudio/7.0/toolchain/avr8/avr8-gnu-toolchain/bin/../lib/gcc/avr/5.4.0/avr5\libgcc.a
LOAD e:/ides/atmelstudio/7.0/toolchain/avr8/avr8-gnu-toolchain/bin/../lib/gcc/avr/5.4.0/../../../../avr/lib/avr5\libm.a
START GROUP
LOAD e:/ides/atmelstudio/7.0/toolchain/avr8/avr8-gnu-toolchain/bin/../lib/gcc/avr/5.4.0/avr5\libgcc.a
LOAD e:/ides/atmelstudio/7.0/toolchain/avr8/avr8-gnu-toolchain/bin/../lib/gcc/avr/5.4.0/../../../../avr/lib/avr5\libm.a
LOAD e:/ides/atmelstudio/7.0/toolchain/avr8/avr8-gnu-toolchain/bin/../lib/gcc/avr/5.4.0/../../../../avr/lib/avr5\libc.a
LOAD E:/IDEs/AtmelStudio/7.0/Packs/atmel/ATmega_DFP/1.2.150/gcc/dev/atmega328p/avr5\libatmega328p.a
END GROUP
                0x00020000                __TEXT_REGION_LENGTH__ = DEFINED (__TEXT_REGION_LENGTH__)?__TEXT_REGION_LENGTH__:0x20000
                0x0000ffa0                __DATA_REGION_LENGTH__ = DEFINED (__DATA_REGION_LENGTH__)?__DATA_REGION_LENGTH__:0xffa0
                0x00010000                __EEPROM_REGION_LENGTH__ = DEFINED (__EEPROM_REGION_LENGTH__)?__EEPROM_REGION_LENGTH__:0x10000
                [0x00000003]                __FUSE_REGION_LENGTH__ = DEFINED (__FUSE_REGION_LENGTH__)?__FUSE_REGION_LENGTH__:0x400
                0x00000400                __LOCK_REGION_LENGTH__ = DEFINED (__LOCK_REGION_LENGTH__)?__LOCK_REGION_LENGTH__:0x400
                0x00000400                __SIGNATURE_REGION_LENGTH__ = DEFINED (__SIGNATURE_REGION_LENGTH__)?__SIGNATURE_REGION_LENGTH__:0x400
                0x00000400                __USER_SIGNATURE_REGION_LENGTH__ = DEFINED (__USER_SIGNATURE_REGION_LENGTH__)?__USER_SIGNATURE_REGION_LENGTH__:0x400

.hash
 *(.hash)

.dynsym
 *(.dynsym)

.dynstr
 *(.dynstr)

.gnu.version
 *(.gnu.version)

.gnu.version_d
 *(.gnu.version_d)

.gnu.version_r
 *(.gnu.version_r)

.rel.init
 *(.rel.init)

.rela.init
 *(.rela.init)

.rel.text
 *(.rel.text)
 *(.rel.text.*)
 *(.rel.gnu.linkonce.t*)

.rela.text
 *(.rela.text)
 *(.rela.text.*)
 *(.rela.gnu.linkonce.t*)

.rel.fini
 *(.rel.fini)

.rela.fini
 *(.rela.fini)

.rel.rodata
 *(.rel.rodata)
 *(.rel.rodata.*)
 *(.rel.gnu.linkonce.r*)

.rela.rodata
 *(.rela.rodata)
 *(.rela.rodata.*)
 *(.rela.gnu.linkonce.r*)

.rel.data
 *(.rel.data)
 *(.rel.data.*)
 *(.rel.gnu.linkonce.d*)

.rela.data
 *(.rela.data)
 *(.rela.data.*)
 *(.rela.gnu.linkonce.d*)

.rel.ctors
 *(.rel.ctors)

.rela.ctors
 *(.rela.ctors)

.rel.dtors
 *(.rel.dtors)

.rela.dtors
 *(.rela.dtors)

.rel.got
 *(.rel.got)

.rela.got
 *(.rela.got)

.rel.bss
 *(.rel.bss)

.rela.bss
 *(.rela.bss)

.rel.plt
 *(.rel.plt)

.rela.plt
 *(.rela.plt)

.text           0x00000000     0x3d68
 *(.vectors)
 .vectors       0x00000000       0x68 E:/IDEs/AtmelStudio/7.0/Packs/atmel/ATmega_DFP/1.2.150/gcc/dev/atmega328p/avr5/crtatmega328p.o
                0x00000000                __vector_default
                0x00000000                __vectors
 *(.vectors)
 *(.progmem.gcc*)
 .progmem.gcc_fplib
                0x00000068       0x2d e:/ides/atmelstudio/7.0/toolchain/avr8/avr8-gnu-toolchain/bin/../lib/gcc/avr/5.4.0/../../../../avr/lib/avr5\libm.a(atan.o)
                0x00000096                . = ALIGN (0x2)
 *fill*         0x00000095        0x1 
                0x00000096                __trampolines_start = .
 *(.trampolines)
 .trampolines   0x00000096        0x0 linker stubs
 *(.trampolines*)
                0x00000096                __trampolines_end = .
 *libprintf_flt.a:*(.progmem.data)
 *libc.a:*(.progmem.data)
 .progmem.data  0x00000096       0x3b e:/ides/atmelstudio/7.0/toolchain/avr8/avr8-gnu-toolchain/bin/../lib/gcc/avr/5.4.0/../../../../avr/lib/avr5\libc.a(strtod.o)
 *(.progmem*)
 .progmem.data.digital_pin_to_bit_mask_PGM
                0x000000d1       0x14 P:\robot_mini\SRC\ArduGirobot_AtmelStudio\ArduGirobot_AtmelStudio\ArduinoCore\Release\libArduinoCore.a(wiring_digital.o)
                0x000000d1                digital_pin_to_bit_mask_PGM
 .progmem.data.digital_pin_to_port_PGM
                0x000000e5       0x14 P:\robot_mini\SRC\ArduGirobot_AtmelStudio\ArduGirobot_AtmelStudio\ArduinoCore\Release\libArduinoCore.a(wiring_digital.o)
                0x000000e5                digital_pin_to_port_PGM
 .progmem.data.port_to_input_PGM
                0x000000f9        0xa P:\robot_mini\SRC\ArduGirobot_AtmelStudio\ArduGirobot_AtmelStudio\ArduinoCore\Release\libArduinoCore.a(wiring_digital.o)
                0x000000f9                port_to_input_PGM
 .progmem.data.port_to_output_PGM
                0x00000103        0xa P:\robot_mini\SRC\ArduGirobot_AtmelStudio\ArduGirobot_AtmelStudio\ArduinoCore\Release\libArduinoCore.a(wiring_digital.o)
                0x00000103                port_to_output_PGM
 .progmem.data.port_to_mode_PGM
                0x0000010d        0xa P:\robot_mini\SRC\ArduGirobot_AtmelStudio\ArduGirobot_AtmelStudio\ArduinoCore\Release\libArduinoCore.a(wiring_digital.o)
                0x0000010d                port_to_mode_PGM
                0x00000118                . = ALIGN (0x2)
 *fill*         0x00000117        0x1 
 *(.jumptables)
 *(.jumptables*)
 *(.lowtext)
 *(.lowtext*)
                0x00000118                __ctors_start = .
 *(.ctors)
 .ctors         0x00000118        0x2 Sketch.o
 .ctors         0x0000011a        0x2 src/libraries/Wire/src/Wire.o
 .ctors         0x0000011c        0x2 src/MPU6050Calib.o
 .ctors         0x0000011e        0x2 P:\robot_mini\SRC\ArduGirobot_AtmelStudio\ArduGirobot_AtmelStudio\ArduinoCore\Release\libArduinoCore.a(HardwareSerial0.o)
                0x00000120                __ctors_end = .
                0x00000120                __dtors_start = .
 *(.dtors)
                0x00000120                __dtors_end = .
 SORT(*)(.ctors)
 SORT(*)(.dtors)
 *(.init0)
 .init0         0x00000120        0x0 E:/IDEs/AtmelStudio/7.0/Packs/atmel/ATmega_DFP/1.2.150/gcc/dev/atmega328p/avr5/crtatmega328p.o
                0x00000120                __init
 *(.init0)
 *(.init1)
 *(.init1)
 *(.init2)
 .init2         0x00000120        0xc E:/IDEs/AtmelStudio/7.0/Packs/atmel/ATmega_DFP/1.2.150/gcc/dev/atmega328p/avr5/crtatmega328p.o
 *(.init2)
 *(.init3)
 *(.init3)
 *(.init4)
 .init4         0x0000012c       0x16 e:/ides/atmelstudio/7.0/toolchain/avr8/avr8-gnu-toolchain/bin/../lib/gcc/avr/5.4.0/avr5\libgcc.a(_copy_data.o)
                0x0000012c                __do_copy_data
 .init4         0x00000142       0x10 e:/ides/atmelstudio/7.0/toolchain/avr8/avr8-gnu-toolchain/bin/../lib/gcc/avr/5.4.0/avr5\libgcc.a(_clear_bss.o)
                0x00000142                __do_clear_bss
 *(.init4)
 *(.init5)
 *(.init5)
 *(.init6)
 .init6         0x00000152       0x16 e:/ides/atmelstudio/7.0/toolchain/avr8/avr8-gnu-toolchain/bin/../lib/gcc/avr/5.4.0/avr5\libgcc.a(_ctors.o)
                0x00000152                __do_global_ctors
 *(.init6)
 *(.init7)
 *(.init7)
 *(.init8)
 *(.init8)
 *(.init9)
 .init9         0x00000168        0x8 E:/IDEs/AtmelStudio/7.0/Packs/atmel/ATmega_DFP/1.2.150/gcc/dev/atmega328p/avr5/crtatmega328p.o
 *(.init9)
 *(.text)
 .text          0x00000170        0x4 E:/IDEs/AtmelStudio/7.0/Packs/atmel/ATmega_DFP/1.2.150/gcc/dev/atmega328p/avr5/crtatmega328p.o
                0x00000170                __vector_22
                0x00000170                __vector_1
                0x00000170                __vector_12
                0x00000170                __bad_interrupt
                0x00000170                __vector_6
                0x00000170                __vector_23
                0x00000170                __vector_25
                0x00000170                __vector_11
                0x00000170                __vector_13
                0x00000170                __vector_17
                0x00000170                __vector_5
                0x00000170                __vector_9
                0x00000170                __vector_2
                0x00000170                __vector_21
                0x00000170                __vector_15
                0x00000170                __vector_8
                0x00000170                __vector_14
                0x00000170                __vector_10
                0x00000170                __vector_20
                0x00000174                . = ALIGN (0x2)
 *(.text.*)
 .text._Z11PrintPidCfgP11PIDConfig_e
                0x00000174       0xac Sketch.o
                0x00000174                _Z11PrintPidCfgP11PIDConfig_e
 .text._Z13Ser_ParseDatav.part.0
                0x00000220      0x3a8 Sketch.o
 .text._Z13Giro_ReadDatav
                0x000005c8      0x250 Sketch.o
                0x000005c8                _Z13Giro_ReadDatav
 .text.setup    0x00000818      0x172 Sketch.o
                0x00000818                setup
 .text.startup._GLOBAL__sub_I_sonar
                0x0000098a      0x1d0 Sketch.o
 .text.loop     0x00000b5a      0x51c Sketch.o
                0x00000b5a                loop
 .text._ZN3PIDC2EPdS0_S0_dddii
                0x00001076      0x1f6 src/libraries/Arduino-PID-Library-master/PID_v1.o
                0x00001076                _ZN3PIDC2EPdS0_S0_dddii
                0x00001076                _ZN3PIDC1EPdS0_S0_dddii
 .text._ZN3PID7ComputeEv
                0x0000126c      0x324 src/libraries/Arduino-PID-Library-master/PID_v1.o
                0x0000126c                _ZN3PID7ComputeEv
 .text._ZN3PID10SetTuningsEddd
                0x00001590      0x186 src/libraries/Arduino-PID-Library-master/PID_v1.o
                0x00001590                _ZN3PID10SetTuningsEddd
 .text._ZN3PID13SetSampleTimeEi
                0x00001716       0x9c src/libraries/Arduino-PID-Library-master/PID_v1.o
                0x00001716                _ZN3PID13SetSampleTimeEi
 .text._ZN3PID15SetOutputLimitsEdd
                0x000017b2      0x112 src/libraries/Arduino-PID-Library-master/PID_v1.o
                0x000017b2                _ZN3PID15SetOutputLimitsEdd
 .text._ZN3PID7SetModeEi
                0x000018c4       0xaa src/libraries/Arduino-PID-Library-master/PID_v1.o
                0x000018c4                _ZN3PID7SetModeEi
 .text._ZN6I2Cdev9writeWordEhhj
                0x0000196e       0x4a src/libraries/I2Cdev/I2Cdev.o
                0x0000196e                _ZN6I2Cdev9writeWordEhhj
 .text._ZN6I2Cdev9readBytesEhhhPhj
                0x000019b8      0x1ae src/libraries/I2Cdev/I2Cdev.o
                0x000019b8                _ZN6I2Cdev9readBytesEhhhPhj
 .text._ZN6I2Cdev9readBytesEhhhPhj.constprop.3
                0x00001b66      0x110 src/libraries/I2Cdev/I2Cdev.o
 .text._ZN6I2Cdev8writeBitEhhhh
                0x00001c76       0x8a src/libraries/I2Cdev/I2Cdev.o
                0x00001c76                _ZN6I2Cdev8writeBitEhhhh
 .text._ZN6I2Cdev9writeBitsEhhhhh
                0x00001d00       0xb4 src/libraries/I2Cdev/I2Cdev.o
                0x00001d00                _ZN6I2Cdev9writeBitsEhhhhh
 .text._ZN7MPU6050C2Ev
                0x00001db4        0x8 src/libraries/MPU6050/MPU6050.o
                0x00001db4                _ZN7MPU6050C2Ev
                0x00001db4                _ZN7MPU6050C1Ev
 .text._ZN7MPU6050C2Eh
                0x00001dbc        0x6 src/libraries/MPU6050/MPU6050.o
                0x00001dbc                _ZN7MPU6050C1Eh
                0x00001dbc                _ZN7MPU6050C2Eh
 .text._ZN7MPU605010initializeEv
                0x00001dc2       0x42 src/libraries/MPU6050/MPU6050.o
                0x00001dc2                _ZN7MPU605010initializeEv
 .text._ZN7MPU605016getAccelerationYEv
                0x00001e04       0x36 src/libraries/MPU6050/MPU6050.o
                0x00001e04                _ZN7MPU605016getAccelerationYEv
 .text._ZN7MPU605016getAccelerationZEv
                0x00001e3a       0x36 src/libraries/MPU6050/MPU6050.o
                0x00001e3a                _ZN7MPU605016getAccelerationZEv
 .text._ZN7MPU605012getRotationXEv
                0x00001e70       0x36 src/libraries/MPU6050/MPU6050.o
                0x00001e70                _ZN7MPU605012getRotationXEv
 .text._ZN7MPU605015setXAccelOffsetEi
                0x00001ea6        0xc src/libraries/MPU6050/MPU6050.o
                0x00001ea6                _ZN7MPU605015setXAccelOffsetEi
 .text._ZN7MPU605015setYAccelOffsetEi
                0x00001eb2        0xc src/libraries/MPU6050/MPU6050.o
                0x00001eb2                _ZN7MPU605015setYAccelOffsetEi
 .text._ZN7MPU605015setZAccelOffsetEi
                0x00001ebe        0xc src/libraries/MPU6050/MPU6050.o
                0x00001ebe                _ZN7MPU605015setZAccelOffsetEi
 .text._ZN7MPU605014setXGyroOffsetEi
                0x00001eca        0xc src/libraries/MPU6050/MPU6050.o
                0x00001eca                _ZN7MPU605014setXGyroOffsetEi
 .text._ZN7MPU605014setYGyroOffsetEi
                0x00001ed6        0xc src/libraries/MPU6050/MPU6050.o
                0x00001ed6                _ZN7MPU605014setYGyroOffsetEi
 .text._ZN7MPU605014setZGyroOffsetEi
                0x00001ee2        0xc src/libraries/MPU6050/MPU6050.o
                0x00001ee2                _ZN7MPU605014setZGyroOffsetEi
 .text._ZN7NewPingC2Ehhj
                0x00001eee       0xa2 src/libraries/NewPing/NewPing.o
                0x00001eee                _ZN7NewPingC1Ehhj
                0x00001eee                _ZN7NewPingC2Ehhj
 .text.__vector_7
                0x00001f90       0x4e src/libraries/NewPing/NewPing.o
                0x00001f90                __vector_7
 .text.twi_readFrom
                0x00001fde       0x90 src/libraries/Wire/src/utility/twi.o
                0x00001fde                twi_readFrom
 .text.twi_writeTo
                0x0000206e       0xac src/libraries/Wire/src/utility/twi.o
                0x0000206e                twi_writeTo
 .text.twi_transmit
                0x0000211a       0x50 src/libraries/Wire/src/utility/twi.o
                0x0000211a                twi_transmit
 .text.twi_stop
                0x0000216a       0x14 src/libraries/Wire/src/utility/twi.o
                0x0000216a                twi_stop
 .text.twi_releaseBus
                0x0000217e        0xc src/libraries/Wire/src/utility/twi.o
                0x0000217e                twi_releaseBus
 .text.__vector_24
                0x0000218a      0x25a src/libraries/Wire/src/utility/twi.o
                0x0000218a                __vector_24
 .text._ZN5Print17availableForWriteEv
                0x000023e4        0x6 src/libraries/Wire/src/Wire.o
                0x000023e4                _ZN5Print17availableForWriteEv
 .text._ZN7TwoWire9availableEv
                0x000023ea       0x10 src/libraries/Wire/src/Wire.o
                0x000023ea                _ZN7TwoWire9availableEv
 .text._ZN7TwoWire4readEv
                0x000023fa       0x28 src/libraries/Wire/src/Wire.o
                0x000023fa                _ZN7TwoWire4readEv
 .text._ZN7TwoWire4peekEv
                0x00002422       0x1e src/libraries/Wire/src/Wire.o
                0x00002422                _ZN7TwoWire4peekEv
 .text._ZN7TwoWire5flushEv
                0x00002440        0x2 src/libraries/Wire/src/Wire.o
                0x00002440                _ZN7TwoWire5flushEv
 .text._ZN7TwoWire5writeEh
                0x00002442       0x6c src/libraries/Wire/src/Wire.o
                0x00002442                _ZN7TwoWire5writeEh
 .text._ZN7TwoWire5writeEPKhj
                0x000024ae       0xd6 src/libraries/Wire/src/Wire.o
                0x000024ae                _ZN7TwoWire5writeEPKhj
 .text._ZN7TwoWire11requestFromEhh
                0x00002584       0x1c src/libraries/Wire/src/Wire.o
                0x00002584                _ZN7TwoWire11requestFromEhh
 .text._ZN7TwoWire17beginTransmissionEh
                0x000025a0       0x14 src/libraries/Wire/src/Wire.o
                0x000025a0                _ZN7TwoWire17beginTransmissionEh
 .text._ZN7TwoWire15endTransmissionEv
                0x000025b4       0x26 src/libraries/Wire/src/Wire.o
                0x000025b4                _ZN7TwoWire15endTransmissionEv
 .text.startup._GLOBAL__sub_I__ZN7TwoWire8rxBufferE
                0x000025da       0x22 src/libraries/Wire/src/Wire.o
 .text.startup._GLOBAL__sub_I_buffersize
                0x000025fc        0xa src/MPU6050Calib.o
 .text._Z9Mot0_Initv
                0x00002606       0x22 src/Motors.o
                0x00002606                _Z9Mot0_Initv
 .text._Z9Mot1_Initv
                0x00002628       0x22 src/Motors.o
                0x00002628                _Z9Mot1_Initv
 .text._Z15Motors_SetSpeedii
                0x0000264a       0x6a src/Motors.o
                0x0000264a                _Z15Motors_SetSpeedii
 .text._Z8Enc_Initv
                0x000026b4       0x34 src/Motors.o
                0x000026b4                _Z8Enc_Initv
 .text.__vector_3
                0x000026e8       0xc6 src/Motors.o
                0x000026e8                __vector_3
 .text.__vector_4
                0x000027ae       0x9c src/Motors.o
                0x000027ae                __vector_4
 .text.PWM_0_init
                0x0000284a       0x20 src/my_libs/pwm_basic.o
                0x0000284a                PWM_0_init
 .text.PWM_0_enable_output_ch0
                0x0000286a        0x8 src/my_libs/pwm_basic.o
                0x0000286a                PWM_0_enable_output_ch0
 .text.PWM_0_disable_output_ch0
                0x00002872        0x8 src/my_libs/pwm_basic.o
                0x00002872                PWM_0_disable_output_ch0
 .text.PWM_0_enable_output_ch1
                0x0000287a        0x8 src/my_libs/pwm_basic.o
                0x0000287a                PWM_0_enable_output_ch1
 .text.PWM_0_disable_output_ch1
                0x00002882        0x8 src/my_libs/pwm_basic.o
                0x00002882                PWM_0_disable_output_ch1
 .text.PWM_0_load_duty_cycle_ch0
                0x0000288a        0x4 src/my_libs/pwm_basic.o
                0x0000288a                PWM_0_load_duty_cycle_ch0
 .text.PWM_0_load_duty_cycle_ch1
                0x0000288e        0x4 src/my_libs/pwm_basic.o
                0x0000288e                PWM_0_load_duty_cycle_ch1
 .text.PWM_1_init
                0x00002892       0x26 src/my_libs/pwm_basic.o
                0x00002892                PWM_1_init
 .text.PWM_1_enable_output_ch0
                0x000028b8        0xc src/my_libs/pwm_basic.o
                0x000028b8                PWM_1_enable_output_ch0
 .text.PWM_1_disable_output_ch0
                0x000028c4        0xc src/my_libs/pwm_basic.o
                0x000028c4                PWM_1_disable_output_ch0
 .text.PWM_1_enable_output_ch1
                0x000028d0        0xc src/my_libs/pwm_basic.o
                0x000028d0                PWM_1_enable_output_ch1
 .text.PWM_1_disable_output_ch1
                0x000028dc        0xc src/my_libs/pwm_basic.o
                0x000028dc                PWM_1_disable_output_ch1
 .text.PWM_1_load_duty_cycle_ch0
                0x000028e8        0x6 src/my_libs/pwm_basic.o
                0x000028e8                PWM_1_load_duty_cycle_ch0
 .text.PWM_1_load_duty_cycle_ch1
                0x000028ee        0x6 src/my_libs/pwm_basic.o
                0x000028ee                PWM_1_load_duty_cycle_ch1
 .text.avr-libc.fplib
                0x000028f4        0xe e:/ides/atmelstudio/7.0/toolchain/avr8/avr8-gnu-toolchain/bin/../lib/gcc/avr/5.4.0/../../../../avr/lib/avr5\libm.a(addsf3.o)
                0x000028f4                __subsf3
                0x000028f6                __addsf3
 .text.avr-libc.fplib
                0x00002902       0xcc e:/ides/atmelstudio/7.0/toolchain/avr8/avr8-gnu-toolchain/bin/../lib/gcc/avr/5.4.0/../../../../avr/lib/avr5\libm.a(addsf3x.o)
                0x00002924                __addsf3x
 .text.avr-libc.fplib
                0x000029ce       0x86 e:/ides/atmelstudio/7.0/toolchain/avr8/avr8-gnu-toolchain/bin/../lib/gcc/avr/5.4.0/../../../../avr/lib/avr5\libm.a(atan2.o)
                0x000029f4                atan2
 .text.avr-libc.fplib
                0x00002a54       0x5e e:/ides/atmelstudio/7.0/toolchain/avr8/avr8-gnu-toolchain/bin/../lib/gcc/avr/5.4.0/../../../../avr/lib/avr5\libm.a(atan.o)
                0x00002a54                atan
 .text.avr-libc.fplib
                0x00002ab2        0xa e:/ides/atmelstudio/7.0/toolchain/avr8/avr8-gnu-toolchain/bin/../lib/gcc/avr/5.4.0/../../../../avr/lib/avr5\libm.a(cmpsf2.o)
                0x00002ab2                __nesf2
                0x00002ab2                __eqsf2
                0x00002ab2                __cmpsf2
                0x00002ab2                __ltsf2
                0x00002ab2                __lesf2
 .text.avr-libc.fplib
                0x00002abc        0x8 e:/ides/atmelstudio/7.0/toolchain/avr8/avr8-gnu-toolchain/bin/../lib/gcc/avr/5.4.0/../../../../avr/lib/avr5\libm.a(divsf3.o)
                0x00002abc                __divsf3
 .text.avr-libc.fplib
                0x00002ac4       0xdc e:/ides/atmelstudio/7.0/toolchain/avr8/avr8-gnu-toolchain/bin/../lib/gcc/avr/5.4.0/../../../../avr/lib/avr5\libm.a(divsf3x.o)
                0x00002ae4                __divsf3x
                0x00002aea                __divsf3_pse
 .text.avr-libc.fplib
                0x00002ba0        0xe e:/ides/atmelstudio/7.0/toolchain/avr8/avr8-gnu-toolchain/bin/../lib/gcc/avr/5.4.0/../../../../avr/lib/avr5\libm.a(fixsfsi.o)
                0x00002ba0                __fixsfsi
 .text.avr-libc.fplib
                0x00002bae       0x5e e:/ides/atmelstudio/7.0/toolchain/avr8/avr8-gnu-toolchain/bin/../lib/gcc/avr/5.4.0/../../../../avr/lib/avr5\libm.a(fixunssfsi.o)
                0x00002bae                __fixunssfsi
 .text.avr-libc.fplib
                0x00002c0c       0x7a e:/ides/atmelstudio/7.0/toolchain/avr8/avr8-gnu-toolchain/bin/../lib/gcc/avr/5.4.0/../../../../avr/lib/avr5\libm.a(floatsisf.o)
                0x00002c0c                __floatunsisf
                0x00002c10                __floatsisf
 .text.avr-libc.fplib
                0x00002c86       0x48 e:/ides/atmelstudio/7.0/toolchain/avr8/avr8-gnu-toolchain/bin/../lib/gcc/avr/5.4.0/../../../../avr/lib/avr5\libm.a(fp_cmp.o)
                0x00002c86                __fp_cmp
 .text.avr-libc.fplib
                0x00002cce        0xc e:/ides/atmelstudio/7.0/toolchain/avr8/avr8-gnu-toolchain/bin/../lib/gcc/avr/5.4.0/../../../../avr/lib/avr5\libm.a(fp_inf.o)
                0x00002cce                __fp_inf
 .text.avr-libc.fplib
                0x00002cda        0x6 e:/ides/atmelstudio/7.0/toolchain/avr8/avr8-gnu-toolchain/bin/../lib/gcc/avr/5.4.0/../../../../avr/lib/avr5\libm.a(fp_nan.o)
                0x00002cda                __fp_nan
 .text.avr-libc.fplib
                0x00002ce0       0x4e e:/ides/atmelstudio/7.0/toolchain/avr8/avr8-gnu-toolchain/bin/../lib/gcc/avr/5.4.0/../../../../avr/lib/avr5\libm.a(fp_powser.o)
                0x00002ce0                __fp_powser
 .text.avr-libc.fplib
                0x00002d2e        0xe e:/ides/atmelstudio/7.0/toolchain/avr8/avr8-gnu-toolchain/bin/../lib/gcc/avr/5.4.0/../../../../avr/lib/avr5\libm.a(fp_pscA.o)
                0x00002d2e                __fp_pscA
 .text.avr-libc.fplib
                0x00002d3c        0xe e:/ides/atmelstudio/7.0/toolchain/avr8/avr8-gnu-toolchain/bin/../lib/gcc/avr/5.4.0/../../../../avr/lib/avr5\libm.a(fp_pscB.o)
                0x00002d3c                __fp_pscB
 .text.avr-libc.fplib
                0x00002d4a       0x22 e:/ides/atmelstudio/7.0/toolchain/avr8/avr8-gnu-toolchain/bin/../lib/gcc/avr/5.4.0/../../../../avr/lib/avr5\libm.a(fp_round.o)
                0x00002d4a                __fp_round
 .text.avr-libc.fplib
                0x00002d6c       0x44 e:/ides/atmelstudio/7.0/toolchain/avr8/avr8-gnu-toolchain/bin/../lib/gcc/avr/5.4.0/../../../../avr/lib/avr5\libm.a(fp_split3.o)
                0x00002d6c                __fp_split3
                0x00002d7c                __fp_splitA
 .text.avr-libc.fplib
                0x00002db0        0xe e:/ides/atmelstudio/7.0/toolchain/avr8/avr8-gnu-toolchain/bin/../lib/gcc/avr/5.4.0/../../../../avr/lib/avr5\libm.a(fp_zero.o)
                0x00002db0                __fp_zero
                0x00002db2                __fp_szero
 .text.avr-libc.fplib
                0x00002dbe        0xa e:/ides/atmelstudio/7.0/toolchain/avr8/avr8-gnu-toolchain/bin/../lib/gcc/avr/5.4.0/../../../../avr/lib/avr5\libm.a(gesf2.o)
                0x00002dbe                __gesf2
                0x00002dbe                __gtsf2
 .text.avr-libc.fplib
                0x00002dc8       0x10 e:/ides/atmelstudio/7.0/toolchain/avr8/avr8-gnu-toolchain/bin/../lib/gcc/avr/5.4.0/../../../../avr/lib/avr5\libm.a(inverse.o)
                0x00002dc8                inverse
 .text.avr-libc.fplib
                0x00002dd8        0x8 e:/ides/atmelstudio/7.0/toolchain/avr8/avr8-gnu-toolchain/bin/../lib/gcc/avr/5.4.0/../../../../avr/lib/avr5\libm.a(mulsf3.o)
                0x00002dd8                __mulsf3
 .text.avr-libc.fplib
                0x00002de0       0xd2 e:/ides/atmelstudio/7.0/toolchain/avr8/avr8-gnu-toolchain/bin/../lib/gcc/avr/5.4.0/../../../../avr/lib/avr5\libm.a(mulsf3x.o)
                0x00002dfe                __mulsf3x
                0x00002e04                __mulsf3_pse
 .text.avr-libc.fplib
                0x00002eb2        0x8 e:/ides/atmelstudio/7.0/toolchain/avr8/avr8-gnu-toolchain/bin/../lib/gcc/avr/5.4.0/../../../../avr/lib/avr5\libm.a(square.o)
                0x00002eb2                square
 .text._ZN14HardwareSerial9availableEv
                0x00002eba       0x18 P:\robot_mini\SRC\ArduGirobot_AtmelStudio\ArduGirobot_AtmelStudio\ArduinoCore\Release\libArduinoCore.a(HardwareSerial.o)
                0x00002eba                _ZN14HardwareSerial9availableEv
 .text._ZN14HardwareSerial4peekEv
                0x00002ed2       0x1c P:\robot_mini\SRC\ArduGirobot_AtmelStudio\ArduGirobot_AtmelStudio\ArduinoCore\Release\libArduinoCore.a(HardwareSerial.o)
                0x00002ed2                _ZN14HardwareSerial4peekEv
 .text._ZN14HardwareSerial4readEv
                0x00002eee       0x28 P:\robot_mini\SRC\ArduGirobot_AtmelStudio\ArduGirobot_AtmelStudio\ArduinoCore\Release\libArduinoCore.a(HardwareSerial.o)
                0x00002eee                _ZN14HardwareSerial4readEv
 .text._ZN14HardwareSerial17availableForWriteEv
                0x00002f16       0x1e P:\robot_mini\SRC\ArduGirobot_AtmelStudio\ArduGirobot_AtmelStudio\ArduinoCore\Release\libArduinoCore.a(HardwareSerial.o)
                0x00002f16                _ZN14HardwareSerial17availableForWriteEv
 .text._Z14serialEventRunv
                0x00002f34       0x1c P:\robot_mini\SRC\ArduGirobot_AtmelStudio\ArduGirobot_AtmelStudio\ArduinoCore\Release\libArduinoCore.a(HardwareSerial.o)
                0x00002f34                _Z14serialEventRunv
 .text._ZN14HardwareSerial17_tx_udr_empty_irqEv
                0x00002f50       0x42 P:\robot_mini\SRC\ArduGirobot_AtmelStudio\ArduGirobot_AtmelStudio\ArduinoCore\Release\libArduinoCore.a(HardwareSerial.o)
                0x00002f50                _ZN14HardwareSerial17_tx_udr_empty_irqEv
 .text._ZN14HardwareSerial5writeEh
                0x00002f92       0x8e P:\robot_mini\SRC\ArduGirobot_AtmelStudio\ArduGirobot_AtmelStudio\ArduinoCore\Release\libArduinoCore.a(HardwareSerial.o)
                0x00002f92                _ZN14HardwareSerial5writeEh
 .text._ZN14HardwareSerial5flushEv
                0x00003020       0x44 P:\robot_mini\SRC\ArduGirobot_AtmelStudio\ArduGirobot_AtmelStudio\ArduinoCore\Release\libArduinoCore.a(HardwareSerial.o)
                0x00003020                _ZN14HardwareSerial5flushEv
 .text._ZN14HardwareSerial5beginEmh
                0x00003064       0xca P:\robot_mini\SRC\ArduGirobot_AtmelStudio\ArduGirobot_AtmelStudio\ArduinoCore\Release\libArduinoCore.a(HardwareSerial.o)
                0x00003064                _ZN14HardwareSerial5beginEmh
 .text.__vector_18
                0x0000312e       0x64 P:\robot_mini\SRC\ArduGirobot_AtmelStudio\ArduGirobot_AtmelStudio\ArduinoCore\Release\libArduinoCore.a(HardwareSerial0.o)
                0x0000312e                __vector_18
 .text.__vector_19
                0x00003192       0x4c P:\robot_mini\SRC\ArduGirobot_AtmelStudio\ArduGirobot_AtmelStudio\ArduinoCore\Release\libArduinoCore.a(HardwareSerial0.o)
                0x00003192                __vector_19
 .text._Z17Serial0_availablev
                0x000031de       0x14 P:\robot_mini\SRC\ArduGirobot_AtmelStudio\ArduGirobot_AtmelStudio\ArduinoCore\Release\libArduinoCore.a(HardwareSerial0.o)
                0x000031de                _Z17Serial0_availablev
 .text.startup._GLOBAL__sub_I___vector_18
                0x000031f2       0x5a P:\robot_mini\SRC\ArduGirobot_AtmelStudio\ArduGirobot_AtmelStudio\ArduinoCore\Release\libArduinoCore.a(HardwareSerial0.o)
 .text.initVariant
                0x0000324c        0x2 P:\robot_mini\SRC\ArduGirobot_AtmelStudio\ArduGirobot_AtmelStudio\ArduinoCore\Release\libArduinoCore.a(main.o)
                0x0000324c                initVariant
 .text.startup.main
                0x0000324e       0x1e P:\robot_mini\SRC\ArduGirobot_AtmelStudio\ArduGirobot_AtmelStudio\ArduinoCore\Release\libArduinoCore.a(main.o)
                0x0000324e                main
 .text._ZN5Print5writeEPKhj
                0x0000326c       0x54 P:\robot_mini\SRC\ArduGirobot_AtmelStudio\ArduGirobot_AtmelStudio\ArduinoCore\Release\libArduinoCore.a(Print.o)
                0x0000326c                _ZN5Print5writeEPKhj
 .text._ZN5Print5writeEPKc
                0x000032c0       0x2a P:\robot_mini\SRC\ArduGirobot_AtmelStudio\ArduGirobot_AtmelStudio\ArduinoCore\Release\libArduinoCore.a(Print.o)
                0x000032c0                _ZN5Print5writeEPKc
 .text._ZN5Print5printEPKc
                0x000032ea        0x4 P:\robot_mini\SRC\ArduGirobot_AtmelStudio\ArduGirobot_AtmelStudio\ArduinoCore\Release\libArduinoCore.a(Print.o)
                0x000032ea                _ZN5Print5printEPKc
 .text._ZN5Print5printEc
                0x000032ee        0xe P:\robot_mini\SRC\ArduGirobot_AtmelStudio\ArduGirobot_AtmelStudio\ArduinoCore\Release\libArduinoCore.a(Print.o)
                0x000032ee                _ZN5Print5printEc
 .text._ZN5Print7printlnEv
                0x000032fc        0x8 P:\robot_mini\SRC\ArduGirobot_AtmelStudio\ArduGirobot_AtmelStudio\ArduinoCore\Release\libArduinoCore.a(Print.o)
                0x000032fc                _ZN5Print7printlnEv
 .text._ZN5Print7printlnEPKc
                0x00003304       0x24 P:\robot_mini\SRC\ArduGirobot_AtmelStudio\ArduGirobot_AtmelStudio\ArduinoCore\Release\libArduinoCore.a(Print.o)
                0x00003304                _ZN5Print7printlnEPKc
 .text._ZN5Print11printNumberEmh
                0x00003328       0x92 P:\robot_mini\SRC\ArduGirobot_AtmelStudio\ArduGirobot_AtmelStudio\ArduinoCore\Release\libArduinoCore.a(Print.o)
                0x00003328                _ZN5Print11printNumberEmh
 .text._ZN5Print5printEmi
                0x000033ba       0x1a P:\robot_mini\SRC\ArduGirobot_AtmelStudio\ArduGirobot_AtmelStudio\ArduinoCore\Release\libArduinoCore.a(Print.o)
                0x000033ba                _ZN5Print5printEmi
 .text._ZN5Print5printEji
                0x000033d4        0xc P:\robot_mini\SRC\ArduGirobot_AtmelStudio\ArduGirobot_AtmelStudio\ArduinoCore\Release\libArduinoCore.a(Print.o)
                0x000033d4                _ZN5Print5printEji
 .text._ZN5Print7printlnEmi
                0x000033e0       0x24 P:\robot_mini\SRC\ArduGirobot_AtmelStudio\ArduGirobot_AtmelStudio\ArduinoCore\Release\libArduinoCore.a(Print.o)
                0x000033e0                _ZN5Print7printlnEmi
 .text._ZN5Print5printEli
                0x00003404       0x90 P:\robot_mini\SRC\ArduGirobot_AtmelStudio\ArduGirobot_AtmelStudio\ArduinoCore\Release\libArduinoCore.a(Print.o)
                0x00003404                _ZN5Print5printEli
 .text._ZN5Print5printEii
                0x00003494        0xe P:\robot_mini\SRC\ArduGirobot_AtmelStudio\ArduGirobot_AtmelStudio\ArduinoCore\Release\libArduinoCore.a(Print.o)
                0x00003494                _ZN5Print5printEii
 .text._ZN5Print10printFloatEdh
                0x000034a2      0x1b6 P:\robot_mini\SRC\ArduGirobot_AtmelStudio\ArduGirobot_AtmelStudio\ArduinoCore\Release\libArduinoCore.a(Print.o)
                0x000034a2                _ZN5Print10printFloatEdh
 .text._ZN5Print5printEdi
                0x00003658        0x4 P:\robot_mini\SRC\ArduGirobot_AtmelStudio\ArduGirobot_AtmelStudio\ArduinoCore\Release\libArduinoCore.a(Print.o)
                0x00003658                _ZN5Print5printEdi
 .text.__vector_16
                0x0000365c       0x8c P:\robot_mini\SRC\ArduGirobot_AtmelStudio\ArduGirobot_AtmelStudio\ArduinoCore\Release\libArduinoCore.a(wiring.o)
                0x0000365c                __vector_16
 .text.millis   0x000036e8       0x18 P:\robot_mini\SRC\ArduGirobot_AtmelStudio\ArduGirobot_AtmelStudio\ArduinoCore\Release\libArduinoCore.a(wiring.o)
                0x000036e8                millis
 .text.micros   0x00003700       0x44 P:\robot_mini\SRC\ArduGirobot_AtmelStudio\ArduGirobot_AtmelStudio\ArduinoCore\Release\libArduinoCore.a(wiring.o)
                0x00003700                micros
 .text.init     0x00003744       0x76 P:\robot_mini\SRC\ArduGirobot_AtmelStudio\ArduGirobot_AtmelStudio\ArduinoCore\Release\libArduinoCore.a(wiring.o)
                0x00003744                init
 .text.pinMode  0x000037ba       0x78 P:\robot_mini\SRC\ArduGirobot_AtmelStudio\ArduGirobot_AtmelStudio\ArduinoCore\Release\libArduinoCore.a(wiring_digital.o)
                0x000037ba                pinMode
 .text._Z3maplllll
                0x00003832       0x82 P:\robot_mini\SRC\ArduGirobot_AtmelStudio\ArduGirobot_AtmelStudio\ArduinoCore\Release\libArduinoCore.a(WMath.o)
                0x00003832                _Z3maplllll
 .text.avr-libc.fplib
                0x000038b4        0xa e:/ides/atmelstudio/7.0/toolchain/avr8/avr8-gnu-toolchain/bin/../lib/gcc/avr/5.4.0/../../../../avr/lib/avr5\libm.a(unordsf2.o)
                0x000038b4                __unordsf2
 .text.libgcc.mul
                0x000038be       0x20 e:/ides/atmelstudio/7.0/toolchain/avr8/avr8-gnu-toolchain/bin/../lib/gcc/avr/5.4.0/avr5\libgcc.a(_mulsi3.o)
                0x000038be                __mulsi3
 .text.libgcc.div
                0x000038de       0x44 e:/ides/atmelstudio/7.0/toolchain/avr8/avr8-gnu-toolchain/bin/../lib/gcc/avr/5.4.0/avr5\libgcc.a(_udivmodsi4.o)
                0x000038de                __udivmodsi4
 .text.libgcc.div
                0x00003922       0x2e e:/ides/atmelstudio/7.0/toolchain/avr8/avr8-gnu-toolchain/bin/../lib/gcc/avr/5.4.0/avr5\libgcc.a(_divmodsi4.o)
                0x00003922                __divmodsi4
 .text.libgcc.div
                0x00003950       0x10 e:/ides/atmelstudio/7.0/toolchain/avr8/avr8-gnu-toolchain/bin/../lib/gcc/avr/5.4.0/avr5\libgcc.a(_negsi2.o)
                0x00003950                __negsi2
 .text.libgcc.mul
                0x00003960       0x1e e:/ides/atmelstudio/7.0/toolchain/avr8/avr8-gnu-toolchain/bin/../lib/gcc/avr/5.4.0/avr5\libgcc.a(_umulhisi3.o)
                0x00003960                __umulhisi3
 .text.libgcc.mul
                0x0000397e       0x16 e:/ides/atmelstudio/7.0/toolchain/avr8/avr8-gnu-toolchain/bin/../lib/gcc/avr/5.4.0/avr5\libgcc.a(_muluhisi3.o)
                0x0000397e                __muluhisi3
 .text.libgcc   0x00003994        0xc e:/ides/atmelstudio/7.0/toolchain/avr8/avr8-gnu-toolchain/bin/../lib/gcc/avr/5.4.0/avr5\libgcc.a(_tablejump2.o)
                0x00003994                __tablejump2__
 .text.avr-libc
                0x000039a0        0x8 e:/ides/atmelstudio/7.0/toolchain/avr8/avr8-gnu-toolchain/bin/../lib/gcc/avr/5.4.0/../../../../avr/lib/avr5\libc.a(atof.o)
                0x000039a0                atof
 .text.avr-libc
                0x000039a8        0xa e:/ides/atmelstudio/7.0/toolchain/avr8/avr8-gnu-toolchain/bin/../lib/gcc/avr/5.4.0/../../../../avr/lib/avr5\libc.a(strtok.o)
                0x000039a8                strtok
 .text.avr-libc
                0x000039b2       0x12 e:/ides/atmelstudio/7.0/toolchain/avr8/avr8-gnu-toolchain/bin/../lib/gcc/avr/5.4.0/../../../../avr/lib/avr5\libc.a(strcmp.o)
                0x000039b2                strcmp
 .text.avr-libc
                0x000039c4       0x4e e:/ides/atmelstudio/7.0/toolchain/avr8/avr8-gnu-toolchain/bin/../lib/gcc/avr/5.4.0/../../../../avr/lib/avr5\libc.a(strtok_r.o)
                0x000039c4                strtok_r
 .text.avr-libc
                0x00003a12      0x29c e:/ides/atmelstudio/7.0/toolchain/avr8/avr8-gnu-toolchain/bin/../lib/gcc/avr/5.4.0/../../../../avr/lib/avr5\libc.a(strtod.o)
                0x00003a12                strtod
 .text.avr-libc
                0x00003cae       0x12 e:/ides/atmelstudio/7.0/toolchain/avr8/avr8-gnu-toolchain/bin/../lib/gcc/avr/5.4.0/../../../../avr/lib/avr5\libc.a(isspace.o)
                0x00003cae                isspace
 .text.avr-libc
                0x00003cc0       0x30 e:/ides/atmelstudio/7.0/toolchain/avr8/avr8-gnu-toolchain/bin/../lib/gcc/avr/5.4.0/../../../../avr/lib/avr5\libc.a(strncasecmp_P.o)
                0x00003cc0                strncasecmp_P
 .text.avr-libc
                0x00003cf0        0x6 e:/ides/atmelstudio/7.0/toolchain/avr8/avr8-gnu-toolchain/bin/../lib/gcc/avr/5.4.0/../../../../avr/lib/avr5\libc.a(cty_isfalse.o)
                0x00003cf0                __ctype_isfalse
                0x00003cf4                __ctype_istrue
 .text.libgcc.prologue
                0x00003cf6       0x38 e:/ides/atmelstudio/7.0/toolchain/avr8/avr8-gnu-toolchain/bin/../lib/gcc/avr/5.4.0/avr5\libgcc.a(_prologue.o)
                0x00003cf6                __prologue_saves__
 .text.libgcc.prologue
                0x00003d2e       0x36 e:/ides/atmelstudio/7.0/toolchain/avr8/avr8-gnu-toolchain/bin/../lib/gcc/avr/5.4.0/avr5\libgcc.a(_epilogue.o)
                0x00003d2e                __epilogue_restores__
                0x00003d64                . = ALIGN (0x2)
 *(.fini9)
 .fini9         0x00003d64        0x0 e:/ides/atmelstudio/7.0/toolchain/avr8/avr8-gnu-toolchain/bin/../lib/gcc/avr/5.4.0/avr5\libgcc.a(_exit.o)
                0x00003d64                _exit
                0x00003d64                exit
 *(.fini9)
 *(.fini8)
 *(.fini8)
 *(.fini7)
 *(.fini7)
 *(.fini6)
 *(.fini6)
 *(.fini5)
 *(.fini5)
 *(.fini4)
 *(.fini4)
 *(.fini3)
 *(.fini3)
 *(.fini2)
 *(.fini2)
 *(.fini1)
 *(.fini1)
 *(.fini0)
 .fini0         0x00003d64        0x4 e:/ides/atmelstudio/7.0/toolchain/avr8/avr8-gnu-toolchain/bin/../lib/gcc/avr/5.4.0/avr5\libgcc.a(_exit.o)
 *(.fini0)
                0x00003d68                _etext = .

.data           0x00800100      0x194 load address 0x00003d68
                0x00800100                PROVIDE (__data_start, .)
 *(.data)
 *(.data*)
 .data.Mot1_RpmPtr
                0x00800100        0x2 Sketch.o
                0x00800100                Mot1_RpmPtr
 .data.Mot0_RpmPtr
                0x00800102        0x2 Sketch.o
                0x00800102                Mot0_RpmPtr
 .data.connectGiroToMot
                0x00800104        0x1 Sketch.o
                0x00800104                connectGiroToMot
 .data._ZN6I2Cdev11readTimeoutE
                0x00800105        0x2 src/libraries/I2Cdev/I2Cdev.o
                0x00800105                _ZN6I2Cdev11readTimeoutE
 *(.gnu.linkonce.d*)
 *(.rodata)
 *(.rodata*)
 .rodata.str1.1
                0x00800107      0x159 Sketch.o
                                0x15b (size before relaxing)
 .rodata._ZTV7TwoWire
                0x00800260       0x12 src/libraries/Wire/src/Wire.o
                0x00800260                _ZTV7TwoWire
 .rodata._ZTV14HardwareSerial
                0x00800272       0x12 P:\robot_mini\SRC\ArduGirobot_AtmelStudio\ArduGirobot_AtmelStudio\ArduinoCore\Release\libArduinoCore.a(HardwareSerial.o)
                0x00800272                _ZTV14HardwareSerial
 .rodata.str1.1
                0x00800284        0xf P:\robot_mini\SRC\ArduGirobot_AtmelStudio\ArduGirobot_AtmelStudio\ArduinoCore\Release\libArduinoCore.a(Print.o)
 *(.gnu.linkonce.r*)
                0x00800294                . = ALIGN (0x2)
 *fill*         0x00800293        0x1 
                0x00800294                _edata = .
                0x00800294                PROVIDE (__data_end, .)

.bss            0x00800294      0x33b
                0x00800294                PROVIDE (__bss_start, .)
 *(.bss)
 .bss           0x00800294        0x2 e:/ides/atmelstudio/7.0/toolchain/avr8/avr8-gnu-toolchain/bin/../lib/gcc/avr/5.4.0/../../../../avr/lib/avr5\libc.a(strtok.o)
 *(.bss*)
 .bss._ZZ15Ser_ReceiveDatavE3ndx
                0x00800296        0x1 Sketch.o
 .bss.loopTime  0x00800297        0x4 Sketch.o
                0x00800297                loopTime
 .bss.Giro_prevTime
                0x0080029b        0x4 Sketch.o
                0x0080029b                Giro_prevTime
 .bss.Giro_loopTime
                0x0080029f        0x4 Sketch.o
                0x0080029f                Giro_loopTime
 .bss.Giro_currTime
                0x008002a3        0x4 Sketch.o
                0x008002a3                Giro_currTime
 .bss.printGiroPid
                0x008002a7        0x1 Sketch.o
                0x008002a7                printGiroPid
 .bss.printMotPid
                0x008002a8        0x1 Sketch.o
                0x008002a8                printMotPid
 .bss.printRawGiro
                0x008002a9        0x1 Sketch.o
                0x008002a9                printRawGiro
 .bss.PidPtr    0x008002aa        0x2 Sketch.o
                0x008002aa                PidPtr
 .bss.CfgPtr    0x008002ac        0x2 Sketch.o
                0x008002ac                CfgPtr
 .bss.Ser_NewData
                0x008002ae        0x1 Sketch.o
                0x008002ae                Ser_NewData
 .bss.Ser_Buffer
                0x008002af       0x50 Sketch.o
                0x008002af                Ser_Buffer
 .bss.Giro_Pid  0x008002ff       0x3c Sketch.o
                0x008002ff                Giro_Pid
 .bss.Mot1_Pid  0x0080033b       0x3c Sketch.o
                0x0080033b                Mot1_Pid
 .bss.Mot0_Pid  0x00800377       0x3c Sketch.o
                0x00800377                Mot0_Pid
 .bss.Giro_PidCtl
                0x008003b3       0x1d Sketch.o
                0x008003b3                Giro_PidCtl
 .bss.Mot1_PidCtl
                0x008003d0       0x1d Sketch.o
                0x008003d0                Mot1_PidCtl
 .bss.Mot0_PidCtl
                0x008003ed       0x1d Sketch.o
                0x008003ed                Mot0_PidCtl
 .bss.running   0x0080040a        0x1 Sketch.o
                0x0080040a                running
 .bss.previousMilliSerialLog
                0x0080040b        0x4 Sketch.o
                0x0080040b                previousMilliSerialLog
 .bss.previousMilliEnc
                0x0080040f        0x4 Sketch.o
                0x0080040f                previousMilliEnc
 .bss.Giro_PrevAngle
                0x00800413        0x4 Sketch.o
                0x00800413                Giro_PrevAngle
 .bss.Giro_FilteredAngle
                0x00800417        0x4 Sketch.o
                0x00800417                Giro_FilteredAngle
 .bss.Giro_Angle
                0x0080041b        0x4 Sketch.o
                0x0080041b                Giro_Angle
 .bss.Giro_AccAngle
                0x0080041f        0x4 Sketch.o
                0x0080041f                Giro_AccAngle
 .bss.Giro_Rate
                0x00800423        0x2 Sketch.o
                0x00800423                Giro_Rate
 .bss.Giro_RotX
                0x00800425        0x2 Sketch.o
                0x00800425                Giro_RotX
 .bss.Giro_AccZ
                0x00800427        0x2 Sketch.o
                0x00800427                Giro_AccZ
 .bss.Giro_AccY
                0x00800429        0x2 Sketch.o
                0x00800429                Giro_AccY
 .bss.mpu       0x0080042b        0xf Sketch.o
                0x0080042b                mpu
 .bss.sonar     0x0080043a       0x12 Sketch.o
                0x0080043a                sonar
 .bss.intFunc   0x0080044c        0x2 src/libraries/NewPing/NewPing.o
                0x0080044c                intFunc
 .bss.twi_error
                0x0080044e        0x1 src/libraries/Wire/src/utility/twi.o
 .bss.twi_rxBufferIndex
                0x0080044f        0x1 src/libraries/Wire/src/utility/twi.o
 .bss.twi_rxBuffer
                0x00800450       0x20 src/libraries/Wire/src/utility/twi.o
 .bss.twi_txBufferLength
                0x00800470        0x1 src/libraries/Wire/src/utility/twi.o
 .bss.twi_txBufferIndex
                0x00800471        0x1 src/libraries/Wire/src/utility/twi.o
 .bss.twi_txBuffer
                0x00800472       0x20 src/libraries/Wire/src/utility/twi.o
 .bss.twi_masterBufferLength
                0x00800492        0x1 src/libraries/Wire/src/utility/twi.o
 .bss.twi_masterBufferIndex
                0x00800493        0x1 src/libraries/Wire/src/utility/twi.o
 .bss.twi_masterBuffer
                0x00800494       0x20 src/libraries/Wire/src/utility/twi.o
 .bss.twi_onSlaveReceive
                0x008004b4        0x2 src/libraries/Wire/src/utility/twi.o
 .bss.twi_onSlaveTransmit
                0x008004b6        0x2 src/libraries/Wire/src/utility/twi.o
 .bss.twi_inRepStart
                0x008004b8        0x1 src/libraries/Wire/src/utility/twi.o
 .bss.twi_sendStop
                0x008004b9        0x1 src/libraries/Wire/src/utility/twi.o
 .bss.twi_slarw
                0x008004ba        0x1 src/libraries/Wire/src/utility/twi.o
 .bss.twi_state
                0x008004bb        0x1 src/libraries/Wire/src/utility/twi.o
 .bss.Wire      0x008004bc        0xc src/libraries/Wire/src/Wire.o
                0x008004bc                Wire
 .bss._ZN7TwoWire12transmittingE
                0x008004c8        0x1 src/libraries/Wire/src/Wire.o
                0x008004c8                _ZN7TwoWire12transmittingE
 .bss._ZN7TwoWire14txBufferLengthE
                0x008004c9        0x1 src/libraries/Wire/src/Wire.o
                0x008004c9                _ZN7TwoWire14txBufferLengthE
 .bss._ZN7TwoWire13txBufferIndexE
                0x008004ca        0x1 src/libraries/Wire/src/Wire.o
                0x008004ca                _ZN7TwoWire13txBufferIndexE
 .bss._ZN7TwoWire8txBufferE
                0x008004cb       0x20 src/libraries/Wire/src/Wire.o
                0x008004cb                _ZN7TwoWire8txBufferE
 .bss._ZN7TwoWire9txAddressE
                0x008004eb        0x1 src/libraries/Wire/src/Wire.o
                0x008004eb                _ZN7TwoWire9txAddressE
 .bss._ZN7TwoWire14rxBufferLengthE
                0x008004ec        0x1 src/libraries/Wire/src/Wire.o
                0x008004ec                _ZN7TwoWire14rxBufferLengthE
 .bss._ZN7TwoWire13rxBufferIndexE
                0x008004ed        0x1 src/libraries/Wire/src/Wire.o
                0x008004ed                _ZN7TwoWire13rxBufferIndexE
 .bss._ZN7TwoWire8rxBufferE
                0x008004ee       0x20 src/libraries/Wire/src/Wire.o
                0x008004ee                _ZN7TwoWire8rxBufferE
 .bss.accelgyro
                0x0080050e        0xf src/MPU6050Calib.o
                0x0080050e                accelgyro
 .bss.Mot1_Dir  0x0080051d        0x1 src/Motors.o
                0x0080051d                Mot1_Dir
 .bss.Mot0_Dir  0x0080051e        0x1 src/Motors.o
                0x0080051e                Mot0_Dir
 .bss.Mot1_Enc  0x0080051f        0x4 src/Motors.o
                0x0080051f                Mot1_Enc
 .bss.Mot0_Enc  0x00800523        0x4 src/Motors.o
                0x00800523                Mot0_Enc
 .bss.Serial    0x00800527       0x9d P:\robot_mini\SRC\ArduGirobot_AtmelStudio\ArduGirobot_AtmelStudio\ArduinoCore\Release\libArduinoCore.a(HardwareSerial0.o)
                0x00800527                Serial
 .bss.timer0_fract
                0x008005c4        0x1 P:\robot_mini\SRC\ArduGirobot_AtmelStudio\ArduGirobot_AtmelStudio\ArduinoCore\Release\libArduinoCore.a(wiring.o)
 .bss.timer0_millis
                0x008005c5        0x4 P:\robot_mini\SRC\ArduGirobot_AtmelStudio\ArduGirobot_AtmelStudio\ArduinoCore\Release\libArduinoCore.a(wiring.o)
                0x008005c5                timer0_millis
 .bss.timer0_overflow_count
                0x008005c9        0x4 P:\robot_mini\SRC\ArduGirobot_AtmelStudio\ArduGirobot_AtmelStudio\ArduinoCore\Release\libArduinoCore.a(wiring.o)
                0x008005c9                timer0_overflow_count
 *(COMMON)
 COMMON         0x008005cd        0x2 e:/ides/atmelstudio/7.0/toolchain/avr8/avr8-gnu-toolchain/bin/../lib/gcc/avr/5.4.0/../../../../avr/lib/avr5\libc.a(errno.o)
                0x008005cd                errno
                0x008005cf                PROVIDE (__bss_end, .)
                0x00003d68                __data_load_start = LOADADDR (.data)
                0x00003efc                __data_load_end = (__data_load_start + SIZEOF (.data))

.noinit         0x008005cf        0x0
                [!provide]                PROVIDE (__noinit_start, .)
 *(.noinit*)
                [!provide]                PROVIDE (__noinit_end, .)
                0x008005cf                _end = .
                0x008005cf                PROVIDE (__heap_start, .)

.eeprom         0x00810000        0x0
 *(.eeprom*)
                0x00810000                __eeprom_end = .

.fuse
 *(.fuse)
 *(.lfuse)
 *(.hfuse)
 *(.efuse)

.lock
 *(.lock*)

.signature
 *(.signature*)

.user_signatures
 *(.user_signatures*)

.stab
 *(.stab)

.stabstr
 *(.stabstr)

.stab.excl
 *(.stab.excl)

.stab.exclstr
 *(.stab.exclstr)

.stab.index
 *(.stab.index)

.stab.indexstr
 *(.stab.indexstr)

.comment        0x00000000       0x5c
 *(.comment)
 .comment       0x00000000       0x30 Sketch.o
                                 0x31 (size before relaxing)
 .comment       0x00000030       0x31 src/libraries/Arduino-PID-Library-master/PID_v1.o
 .comment       0x00000030       0x31 src/libraries/I2Cdev/I2Cdev.o
 .comment       0x00000030       0x31 src/libraries/MPU6050/MPU6050.o
 .comment       0x00000030       0x31 src/libraries/NewPing/NewPing.o
 .comment       0x00000030       0x31 src/libraries/Wire/src/utility/twi.o
 .comment       0x00000030       0x31 src/libraries/Wire/src/Wire.o
 .comment       0x00000030       0x31 src/MPU6050Calib.o
 .comment       0x00000030       0x31 src/Motors.o
 .comment       0x00000030       0x31 src/my_libs/pwm_basic.o
 .comment       0x00000030       0x31 P:\robot_mini\SRC\ArduGirobot_AtmelStudio\ArduGirobot_AtmelStudio\ArduinoCore\Release\libArduinoCore.a(HardwareSerial.o)
 .comment       0x00000030       0x31 P:\robot_mini\SRC\ArduGirobot_AtmelStudio\ArduGirobot_AtmelStudio\ArduinoCore\Release\libArduinoCore.a(HardwareSerial0.o)
 .comment       0x00000030       0x31 P:\robot_mini\SRC\ArduGirobot_AtmelStudio\ArduGirobot_AtmelStudio\ArduinoCore\Release\libArduinoCore.a(main.o)
 .comment       0x00000030       0x31 P:\robot_mini\SRC\ArduGirobot_AtmelStudio\ArduGirobot_AtmelStudio\ArduinoCore\Release\libArduinoCore.a(Print.o)
 .comment       0x00000030       0x31 P:\robot_mini\SRC\ArduGirobot_AtmelStudio\ArduGirobot_AtmelStudio\ArduinoCore\Release\libArduinoCore.a(wiring.o)
 .comment       0x00000030       0x31 P:\robot_mini\SRC\ArduGirobot_AtmelStudio\ArduGirobot_AtmelStudio\ArduinoCore\Release\libArduinoCore.a(wiring_digital.o)
 .comment       0x00000030       0x31 P:\robot_mini\SRC\ArduGirobot_AtmelStudio\ArduGirobot_AtmelStudio\ArduinoCore\Release\libArduinoCore.a(WMath.o)
 .comment       0x00000030       0x31 e:/ides/atmelstudio/7.0/toolchain/avr8/avr8-gnu-toolchain/bin/../lib/gcc/avr/5.4.0/../../../../avr/lib/avr5\libc.a(strtok.o)
 .comment       0x00000030       0x31 e:/ides/atmelstudio/7.0/toolchain/avr8/avr8-gnu-toolchain/bin/../lib/gcc/avr/5.4.0/../../../../avr/lib/avr5\libc.a(strtod.o)
 .comment       0x00000030       0x2c e:/ides/atmelstudio/7.0/toolchain/avr8/avr8-gnu-toolchain/bin/../lib/gcc/avr/5.4.0/../../../../avr/lib/avr5\libc.a(errno.o)
                                 0x2d (size before relaxing)

.note.gnu.avr.deviceinfo
                0x00000000       0x40
 .note.gnu.avr.deviceinfo
                0x00000000       0x40 E:/IDEs/AtmelStudio/7.0/Packs/atmel/ATmega_DFP/1.2.150/gcc/dev/atmega328p/avr5/crtatmega328p.o

.note.gnu.build-id
 *(.note.gnu.build-id)

.debug
 *(.debug)

.line
 *(.line)

.debug_srcinfo
 *(.debug_srcinfo)

.debug_sfnames
 *(.debug_sfnames)

.debug_aranges  0x00000000     0x1048
 *(.debug_aranges)
 .debug_aranges
                0x00000000       0x80 Sketch.o
 .debug_aranges
                0x00000080       0x90 src/libraries/Arduino-PID-Library-master/PID_v1.o
 .debug_aranges
                0x00000110       0xb0 src/libraries/I2Cdev/I2Cdev.o
 .debug_aranges
                0x000001c0      0x880 src/libraries/MPU6050/MPU6050.o
 .debug_aranges
                0x00000a40       0xa0 src/libraries/NewPing/NewPing.o
 .debug_aranges
                0x00000ae0       0x80 src/libraries/Wire/src/utility/twi.o
 .debug_aranges
                0x00000b60       0xf8 src/libraries/Wire/src/Wire.o
 .debug_aranges
                0x00000c58       0x40 src/MPU6050Calib.o
 .debug_aranges
                0x00000c98       0x68 src/Motors.o
 .debug_aranges
                0x00000d00       0xa0 src/my_libs/pwm_basic.o
 .debug_aranges
                0x00000da0       0x68 P:\robot_mini\SRC\ArduGirobot_AtmelStudio\ArduGirobot_AtmelStudio\ArduinoCore\Release\libArduinoCore.a(HardwareSerial.o)
 .debug_aranges
                0x00000e08       0x48 P:\robot_mini\SRC\ArduGirobot_AtmelStudio\ArduGirobot_AtmelStudio\ArduinoCore\Release\libArduinoCore.a(HardwareSerial0.o)
 .debug_aranges
                0x00000e50       0x30 P:\robot_mini\SRC\ArduGirobot_AtmelStudio\ArduGirobot_AtmelStudio\ArduinoCore\Release\libArduinoCore.a(main.o)
 .debug_aranges
                0x00000e80      0x100 P:\robot_mini\SRC\ArduGirobot_AtmelStudio\ArduGirobot_AtmelStudio\ArduinoCore\Release\libArduinoCore.a(Print.o)
 .debug_aranges
                0x00000f80       0x48 P:\robot_mini\SRC\ArduGirobot_AtmelStudio\ArduGirobot_AtmelStudio\ArduinoCore\Release\libArduinoCore.a(wiring.o)
 .debug_aranges
                0x00000fc8       0x38 P:\robot_mini\SRC\ArduGirobot_AtmelStudio\ArduGirobot_AtmelStudio\ArduinoCore\Release\libArduinoCore.a(wiring_digital.o)
 .debug_aranges
                0x00001000       0x48 P:\robot_mini\SRC\ArduGirobot_AtmelStudio\ArduGirobot_AtmelStudio\ArduinoCore\Release\libArduinoCore.a(WMath.o)

.debug_pubnames
 *(.debug_pubnames)

.debug_info     0x00000000    0x1fbb8
 *(.debug_info .gnu.linkonce.wi.*)
 .debug_info    0x00000000      0x5f4 E:/IDEs/AtmelStudio/7.0/Packs/atmel/ATmega_DFP/1.2.150/gcc/dev/atmega328p/avr5/crtatmega328p.o
 .debug_info    0x000005f4     0x48fb Sketch.o
 .debug_info    0x00004eef      0xdf4 src/libraries/Arduino-PID-Library-master/PID_v1.o
 .debug_info    0x00005ce3     0x1b2d src/libraries/I2Cdev/I2Cdev.o
 .debug_info    0x00007810     0x9539 src/libraries/MPU6050/MPU6050.o
 .debug_info    0x00010d49      0xf6e src/libraries/NewPing/NewPing.o
 .debug_info    0x00011cb7      0x604 src/libraries/Wire/src/utility/twi.o
 .debug_info    0x000122bb     0x2cb9 src/libraries/Wire/src/Wire.o
 .debug_info    0x00014f74     0x31fc src/MPU6050Calib.o
 .debug_info    0x00018170      0x75a src/Motors.o
 .debug_info    0x000188ca      0x320 src/my_libs/pwm_basic.o
 .debug_info    0x00018bea     0x1e89 P:\robot_mini\SRC\ArduGirobot_AtmelStudio\ArduGirobot_AtmelStudio\ArduinoCore\Release\libArduinoCore.a(HardwareSerial.o)
 .debug_info    0x0001aa73     0x1b16 P:\robot_mini\SRC\ArduGirobot_AtmelStudio\ArduGirobot_AtmelStudio\ArduinoCore\Release\libArduinoCore.a(HardwareSerial0.o)
 .debug_info    0x0001c589      0x237 P:\robot_mini\SRC\ArduGirobot_AtmelStudio\ArduGirobot_AtmelStudio\ArduinoCore\Release\libArduinoCore.a(main.o)
 .debug_info    0x0001c7c0     0x28ff P:\robot_mini\SRC\ArduGirobot_AtmelStudio\ArduGirobot_AtmelStudio\ArduinoCore\Release\libArduinoCore.a(Print.o)
 .debug_info    0x0001f0bf      0x2cb P:\robot_mini\SRC\ArduGirobot_AtmelStudio\ArduGirobot_AtmelStudio\ArduinoCore\Release\libArduinoCore.a(wiring.o)
 .debug_info    0x0001f38a      0x5fe P:\robot_mini\SRC\ArduGirobot_AtmelStudio\ArduGirobot_AtmelStudio\ArduinoCore\Release\libArduinoCore.a(wiring_digital.o)
 .debug_info    0x0001f988      0x230 P:\robot_mini\SRC\ArduGirobot_AtmelStudio\ArduGirobot_AtmelStudio\ArduinoCore\Release\libArduinoCore.a(WMath.o)

.debug_abbrev   0x00000000     0x38db
 *(.debug_abbrev)
 .debug_abbrev  0x00000000      0x5a2 E:/IDEs/AtmelStudio/7.0/Packs/atmel/ATmega_DFP/1.2.150/gcc/dev/atmega328p/avr5/crtatmega328p.o
 .debug_abbrev  0x000005a2      0x575 Sketch.o
 .debug_abbrev  0x00000b17      0x2bb src/libraries/Arduino-PID-Library-master/PID_v1.o
 .debug_abbrev  0x00000dd2      0x3ab src/libraries/I2Cdev/I2Cdev.o
 .debug_abbrev  0x0000117d      0x3e7 src/libraries/MPU6050/MPU6050.o
 .debug_abbrev  0x00001564      0x3fd src/libraries/NewPing/NewPing.o
 .debug_abbrev  0x00001961      0x260 src/libraries/Wire/src/utility/twi.o
 .debug_abbrev  0x00001bc1      0x5db src/libraries/Wire/src/Wire.o
 .debug_abbrev  0x0000219c      0x2e1 src/MPU6050Calib.o
 .debug_abbrev  0x0000247d      0x215 src/Motors.o
 .debug_abbrev  0x00002692       0xd6 src/my_libs/pwm_basic.o
 .debug_abbrev  0x00002768      0x432 P:\robot_mini\SRC\ArduGirobot_AtmelStudio\ArduGirobot_AtmelStudio\ArduinoCore\Release\libArduinoCore.a(HardwareSerial.o)
 .debug_abbrev  0x00002b9a      0x3ce P:\robot_mini\SRC\ArduGirobot_AtmelStudio\ArduGirobot_AtmelStudio\ArduinoCore\Release\libArduinoCore.a(HardwareSerial0.o)
 .debug_abbrev  0x00002f68      0x12d P:\robot_mini\SRC\ArduGirobot_AtmelStudio\ArduGirobot_AtmelStudio\ArduinoCore\Release\libArduinoCore.a(main.o)
 .debug_abbrev  0x00003095      0x47a P:\robot_mini\SRC\ArduGirobot_AtmelStudio\ArduGirobot_AtmelStudio\ArduinoCore\Release\libArduinoCore.a(Print.o)
 .debug_abbrev  0x0000350f      0x146 P:\robot_mini\SRC\ArduGirobot_AtmelStudio\ArduGirobot_AtmelStudio\ArduinoCore\Release\libArduinoCore.a(wiring.o)
 .debug_abbrev  0x00003655      0x15b P:\robot_mini\SRC\ArduGirobot_AtmelStudio\ArduGirobot_AtmelStudio\ArduinoCore\Release\libArduinoCore.a(wiring_digital.o)
 .debug_abbrev  0x000037b0      0x12b P:\robot_mini\SRC\ArduGirobot_AtmelStudio\ArduGirobot_AtmelStudio\ArduinoCore\Release\libArduinoCore.a(WMath.o)

.debug_line     0x00000000     0x7245
 *(.debug_line .debug_line.* .debug_line_end)
 .debug_line    0x00000000      0x133 E:/IDEs/AtmelStudio/7.0/Packs/atmel/ATmega_DFP/1.2.150/gcc/dev/atmega328p/avr5/crtatmega328p.o
 .debug_line    0x00000133      0x9c0 Sketch.o
 .debug_line    0x00000af3      0x5df src/libraries/Arduino-PID-Library-master/PID_v1.o
 .debug_line    0x000010d2      0x853 src/libraries/I2Cdev/I2Cdev.o
 .debug_line    0x00001925     0x2559 src/libraries/MPU6050/MPU6050.o
 .debug_line    0x00003e7e      0x5f9 src/libraries/NewPing/NewPing.o
 .debug_line    0x00004477      0x51e src/libraries/Wire/src/utility/twi.o
 .debug_line    0x00004995      0x7b1 src/libraries/Wire/src/Wire.o
 .debug_line    0x00005146      0x59c src/MPU6050Calib.o
 .debug_line    0x000056e2      0x400 src/Motors.o
 .debug_line    0x00005ae2      0x2c1 src/my_libs/pwm_basic.o
 .debug_line    0x00005da3      0x41b P:\robot_mini\SRC\ArduGirobot_AtmelStudio\ArduGirobot_AtmelStudio\ArduinoCore\Release\libArduinoCore.a(HardwareSerial.o)
 .debug_line    0x000061be      0x281 P:\robot_mini\SRC\ArduGirobot_AtmelStudio\ArduGirobot_AtmelStudio\ArduinoCore\Release\libArduinoCore.a(HardwareSerial0.o)
 .debug_line    0x0000643f      0x16a P:\robot_mini\SRC\ArduGirobot_AtmelStudio\ArduGirobot_AtmelStudio\ArduinoCore\Release\libArduinoCore.a(main.o)
 .debug_line    0x000065a9      0x67a P:\robot_mini\SRC\ArduGirobot_AtmelStudio\ArduGirobot_AtmelStudio\ArduinoCore\Release\libArduinoCore.a(Print.o)
 .debug_line    0x00006c23      0x298 P:\robot_mini\SRC\ArduGirobot_AtmelStudio\ArduGirobot_AtmelStudio\ArduinoCore\Release\libArduinoCore.a(wiring.o)
 .debug_line    0x00006ebb      0x257 P:\robot_mini\SRC\ArduGirobot_AtmelStudio\ArduGirobot_AtmelStudio\ArduinoCore\Release\libArduinoCore.a(wiring_digital.o)
 .debug_line    0x00007112      0x133 P:\robot_mini\SRC\ArduGirobot_AtmelStudio\ArduGirobot_AtmelStudio\ArduinoCore\Release\libArduinoCore.a(WMath.o)

.debug_frame    0x00000000     0x3bf0
 *(.debug_frame)
 .debug_frame   0x00000000      0x25c Sketch.o
 .debug_frame   0x0000025c      0x3c8 src/libraries/Arduino-PID-Library-master/PID_v1.o
 .debug_frame   0x00000624      0x454 src/libraries/I2Cdev/I2Cdev.o
 .debug_frame   0x00000a78     0x1fb4 src/libraries/MPU6050/MPU6050.o
 .debug_frame   0x00002a2c      0x280 src/libraries/NewPing/NewPing.o
 .debug_frame   0x00002cac      0x134 src/libraries/Wire/src/utility/twi.o
 .debug_frame   0x00002de0      0x290 src/libraries/Wire/src/Wire.o
 .debug_frame   0x00003070       0xe4 src/MPU6050Calib.o
 .debug_frame   0x00003154      0x124 src/Motors.o
 .debug_frame   0x00003278      0x154 src/my_libs/pwm_basic.o
 .debug_frame   0x000033cc      0x110 P:\robot_mini\SRC\ArduGirobot_AtmelStudio\ArduGirobot_AtmelStudio\ArduinoCore\Release\libArduinoCore.a(HardwareSerial.o)
 .debug_frame   0x000034dc       0xe0 P:\robot_mini\SRC\ArduGirobot_AtmelStudio\ArduGirobot_AtmelStudio\ArduinoCore\Release\libArduinoCore.a(HardwareSerial0.o)
 .debug_frame   0x000035bc       0x54 P:\robot_mini\SRC\ArduGirobot_AtmelStudio\ArduGirobot_AtmelStudio\ArduinoCore\Release\libArduinoCore.a(main.o)
 .debug_frame   0x00003610      0x3ac P:\robot_mini\SRC\ArduGirobot_AtmelStudio\ArduGirobot_AtmelStudio\ArduinoCore\Release\libArduinoCore.a(Print.o)
 .debug_frame   0x000039bc       0xc4 P:\robot_mini\SRC\ArduGirobot_AtmelStudio\ArduGirobot_AtmelStudio\ArduinoCore\Release\libArduinoCore.a(wiring.o)
 .debug_frame   0x00003a80       0x7c P:\robot_mini\SRC\ArduGirobot_AtmelStudio\ArduGirobot_AtmelStudio\ArduinoCore\Release\libArduinoCore.a(wiring_digital.o)
 .debug_frame   0x00003afc       0xf4 P:\robot_mini\SRC\ArduGirobot_AtmelStudio\ArduGirobot_AtmelStudio\ArduinoCore\Release\libArduinoCore.a(WMath.o)

.debug_str      0x00000000     0x73eb
 *(.debug_str)
 .debug_str     0x00000000      0x208 E:/IDEs/AtmelStudio/7.0/Packs/atmel/ATmega_DFP/1.2.150/gcc/dev/atmega328p/avr5/crtatmega328p.o
 .debug_str     0x00000208     0x46a9 Sketch.o
                               0x4776 (size before relaxing)
 .debug_str     0x000048b1       0xb1 src/libraries/Arduino-PID-Library-master/PID_v1.o
                                0x59b (size before relaxing)
 .debug_str     0x00004962      0x3b3 src/libraries/I2Cdev/I2Cdev.o
                                0x67d (size before relaxing)
 .debug_str     0x00004d15      0x16b src/libraries/MPU6050/MPU6050.o
                               0x3fbd (size before relaxing)
 .debug_str     0x00004e80      0x121 src/libraries/NewPing/NewPing.o
                                0x6c7 (size before relaxing)
 .debug_str     0x00004fa1      0x2be src/libraries/Wire/src/utility/twi.o
                                0x3cf (size before relaxing)
 .debug_str     0x0000525f     0x13cc src/libraries/Wire/src/Wire.o
                               0x18c6 (size before relaxing)
 .debug_str     0x0000662b      0x1a6 src/MPU6050Calib.o
                               0x3f15 (size before relaxing)
 .debug_str     0x000067d1      0x217 src/Motors.o
                                0x4f8 (size before relaxing)
 .debug_str     0x000069e8       0x8a src/my_libs/pwm_basic.o
                                0x376 (size before relaxing)
 .debug_str     0x00006a72      0x498 P:\robot_mini\SRC\ArduGirobot_AtmelStudio\ArduGirobot_AtmelStudio\ArduinoCore\Release\libArduinoCore.a(HardwareSerial.o)
                               0x15ed (size before relaxing)
 .debug_str     0x00006f0a       0x47 P:\robot_mini\SRC\ArduGirobot_AtmelStudio\ArduGirobot_AtmelStudio\ArduinoCore\Release\libArduinoCore.a(HardwareSerial0.o)
                               0x1409 (size before relaxing)
 .debug_str     0x00006f51       0x37 P:\robot_mini\SRC\ArduGirobot_AtmelStudio\ArduGirobot_AtmelStudio\ArduinoCore\Release\libArduinoCore.a(main.o)
                                0x2b5 (size before relaxing)
 .debug_str     0x00006f88      0x2ff P:\robot_mini\SRC\ArduGirobot_AtmelStudio\ArduGirobot_AtmelStudio\ArduinoCore\Release\libArduinoCore.a(Print.o)
                               0x1243 (size before relaxing)
 .debug_str     0x00007287       0x66 P:\robot_mini\SRC\ArduGirobot_AtmelStudio\ArduGirobot_AtmelStudio\ArduinoCore\Release\libArduinoCore.a(wiring.o)
                                0x24b (size before relaxing)
 .debug_str     0x000072ed       0x52 P:\robot_mini\SRC\ArduGirobot_AtmelStudio\ArduGirobot_AtmelStudio\ArduinoCore\Release\libArduinoCore.a(wiring_digital.o)
                                0x2b0 (size before relaxing)
 .debug_str     0x0000733f       0xac P:\robot_mini\SRC\ArduGirobot_AtmelStudio\ArduGirobot_AtmelStudio\ArduinoCore\Release\libArduinoCore.a(WMath.o)
                                0x24e (size before relaxing)

.debug_loc      0x00000000    0x142f2
 *(.debug_loc)
 .debug_loc     0x00000000      0x7c7 Sketch.o
 .debug_loc     0x000007c7     0x1bfc src/libraries/Arduino-PID-Library-master/PID_v1.o
 .debug_loc     0x000023c3     0x239e src/libraries/I2Cdev/I2Cdev.o
 .debug_loc     0x00004761     0x9e65 src/libraries/MPU6050/MPU6050.o
 .debug_loc     0x0000e5c6     0x104d src/libraries/NewPing/NewPing.o
 .debug_loc     0x0000f613      0x3e6 src/libraries/Wire/src/utility/twi.o
 .debug_loc     0x0000f9f9     0x1202 src/libraries/Wire/src/Wire.o
 .debug_loc     0x00010bfb      0x389 src/MPU6050Calib.o
 .debug_loc     0x00010f84      0x49c src/Motors.o
 .debug_loc     0x00011420      0x482 P:\robot_mini\SRC\ArduGirobot_AtmelStudio\ArduGirobot_AtmelStudio\ArduinoCore\Release\libArduinoCore.a(HardwareSerial.o)
 .debug_loc     0x000118a2      0x1b0 P:\robot_mini\SRC\ArduGirobot_AtmelStudio\ArduGirobot_AtmelStudio\ArduinoCore\Release\libArduinoCore.a(HardwareSerial0.o)
 .debug_loc     0x00011a52     0x1c87 P:\robot_mini\SRC\ArduGirobot_AtmelStudio\ArduGirobot_AtmelStudio\ArduinoCore\Release\libArduinoCore.a(Print.o)
 .debug_loc     0x000136d9      0x247 P:\robot_mini\SRC\ArduGirobot_AtmelStudio\ArduGirobot_AtmelStudio\ArduinoCore\Release\libArduinoCore.a(wiring.o)
 .debug_loc     0x00013920      0x5fc P:\robot_mini\SRC\ArduGirobot_AtmelStudio\ArduGirobot_AtmelStudio\ArduinoCore\Release\libArduinoCore.a(wiring_digital.o)
 .debug_loc     0x00013f1c      0x3d6 P:\robot_mini\SRC\ArduGirobot_AtmelStudio\ArduGirobot_AtmelStudio\ArduinoCore\Release\libArduinoCore.a(WMath.o)

.debug_macinfo
 *(.debug_macinfo)

.debug_weaknames
 *(.debug_weaknames)

.debug_funcnames
 *(.debug_funcnames)

.debug_typenames
 *(.debug_typenames)

.debug_varnames
 *(.debug_varnames)

.debug_pubtypes
 *(.debug_pubtypes)

.debug_ranges   0x00000000     0x1328
 *(.debug_ranges)
 .debug_ranges  0x00000000       0xa8 Sketch.o
 .debug_ranges  0x000000a8      0x158 src/libraries/Arduino-PID-Library-master/PID_v1.o
 .debug_ranges  0x00000200      0x128 src/libraries/I2Cdev/I2Cdev.o
 .debug_ranges  0x00000328      0x8b8 src/libraries/MPU6050/MPU6050.o
 .debug_ranges  0x00000be0      0x178 src/libraries/NewPing/NewPing.o
 .debug_ranges  0x00000d58       0x70 src/libraries/Wire/src/utility/twi.o
 .debug_ranges  0x00000dc8      0x168 src/libraries/Wire/src/Wire.o
 .debug_ranges  0x00000f30       0x48 src/MPU6050Calib.o
 .debug_ranges  0x00000f78       0xb8 src/Motors.o
 .debug_ranges  0x00001030       0x90 src/my_libs/pwm_basic.o
 .debug_ranges  0x000010c0       0x58 P:\robot_mini\SRC\ArduGirobot_AtmelStudio\ArduGirobot_AtmelStudio\ArduinoCore\Release\libArduinoCore.a(HardwareSerial.o)
 .debug_ranges  0x00001118       0x38 P:\robot_mini\SRC\ArduGirobot_AtmelStudio\ArduGirobot_AtmelStudio\ArduinoCore\Release\libArduinoCore.a(HardwareSerial0.o)
 .debug_ranges  0x00001150       0x20 P:\robot_mini\SRC\ArduGirobot_AtmelStudio\ArduGirobot_AtmelStudio\ArduinoCore\Release\libArduinoCore.a(main.o)
 .debug_ranges  0x00001170      0x120 P:\robot_mini\SRC\ArduGirobot_AtmelStudio\ArduGirobot_AtmelStudio\ArduinoCore\Release\libArduinoCore.a(Print.o)
 .debug_ranges  0x00001290       0x38 P:\robot_mini\SRC\ArduGirobot_AtmelStudio\ArduGirobot_AtmelStudio\ArduinoCore\Release\libArduinoCore.a(wiring.o)
 .debug_ranges  0x000012c8       0x28 P:\robot_mini\SRC\ArduGirobot_AtmelStudio\ArduGirobot_AtmelStudio\ArduinoCore\Release\libArduinoCore.a(wiring_digital.o)
 .debug_ranges  0x000012f0       0x38 P:\robot_mini\SRC\ArduGirobot_AtmelStudio\ArduGirobot_AtmelStudio\ArduinoCore\Release\libArduinoCore.a(WMath.o)

.debug_macro
 *(.debug_macro)
OUTPUT(ArduGirobot.elf elf32-avr)
LOAD linker stubs
