Archive member included to satisfy reference by file (symbol)

c:/program files (x86)/atmel/studio/7.0/toolchain/avr8/avr8-gnu-toolchain/bin/../lib/gcc/avr/5.4.0/../../../../avr/lib/avr5\libm.a(addsf3.o)
                              Sketch.o (__subsf3)
c:/program files (x86)/atmel/studio/7.0/toolchain/avr8/avr8-gnu-toolchain/bin/../lib/gcc/avr/5.4.0/../../../../avr/lib/avr5\libm.a(addsf3x.o)
                              c:/program files (x86)/atmel/studio/7.0/toolchain/avr8/avr8-gnu-toolchain/bin/../lib/gcc/avr/5.4.0/../../../../avr/lib/avr5\libm.a(addsf3.o) (__addsf3x)
c:/program files (x86)/atmel/studio/7.0/toolchain/avr8/avr8-gnu-toolchain/bin/../lib/gcc/avr/5.4.0/../../../../avr/lib/avr5\libm.a(atan2.o)
                              Sketch.o (atan2)
c:/program files (x86)/atmel/studio/7.0/toolchain/avr8/avr8-gnu-toolchain/bin/../lib/gcc/avr/5.4.0/../../../../avr/lib/avr5\libm.a(atan.o)
                              c:/program files (x86)/atmel/studio/7.0/toolchain/avr8/avr8-gnu-toolchain/bin/../lib/gcc/avr/5.4.0/../../../../avr/lib/avr5\libm.a(atan2.o) (atan)
c:/program files (x86)/atmel/studio/7.0/toolchain/avr8/avr8-gnu-toolchain/bin/../lib/gcc/avr/5.4.0/../../../../avr/lib/avr5\libm.a(cmpsf2.o)
                              Sketch.o (__ltsf2)
c:/program files (x86)/atmel/studio/7.0/toolchain/avr8/avr8-gnu-toolchain/bin/../lib/gcc/avr/5.4.0/../../../../avr/lib/avr5\libm.a(divsf3.o)
                              Sketch.o (__divsf3)
c:/program files (x86)/atmel/studio/7.0/toolchain/avr8/avr8-gnu-toolchain/bin/../lib/gcc/avr/5.4.0/../../../../avr/lib/avr5\libm.a(divsf3x.o)
                              c:/program files (x86)/atmel/studio/7.0/toolchain/avr8/avr8-gnu-toolchain/bin/../lib/gcc/avr/5.4.0/../../../../avr/lib/avr5\libm.a(divsf3.o) (__divsf3x)
c:/program files (x86)/atmel/studio/7.0/toolchain/avr8/avr8-gnu-toolchain/bin/../lib/gcc/avr/5.4.0/../../../../avr/lib/avr5\libm.a(fixsfsi.o)
                              Sketch.o (__fixsfsi)
c:/program files (x86)/atmel/studio/7.0/toolchain/avr8/avr8-gnu-toolchain/bin/../lib/gcc/avr/5.4.0/../../../../avr/lib/avr5\libm.a(fixunssfsi.o)
                              c:/program files (x86)/atmel/studio/7.0/toolchain/avr8/avr8-gnu-toolchain/bin/../lib/gcc/avr/5.4.0/../../../../avr/lib/avr5\libm.a(fixsfsi.o) (__fixunssfsi)
c:/program files (x86)/atmel/studio/7.0/toolchain/avr8/avr8-gnu-toolchain/bin/../lib/gcc/avr/5.4.0/../../../../avr/lib/avr5\libm.a(floatsisf.o)
                              Sketch.o (__floatunsisf)
c:/program files (x86)/atmel/studio/7.0/toolchain/avr8/avr8-gnu-toolchain/bin/../lib/gcc/avr/5.4.0/../../../../avr/lib/avr5\libm.a(fp_cmp.o)
                              c:/program files (x86)/atmel/studio/7.0/toolchain/avr8/avr8-gnu-toolchain/bin/../lib/gcc/avr/5.4.0/../../../../avr/lib/avr5\libm.a(cmpsf2.o) (__fp_cmp)
c:/program files (x86)/atmel/studio/7.0/toolchain/avr8/avr8-gnu-toolchain/bin/../lib/gcc/avr/5.4.0/../../../../avr/lib/avr5\libm.a(fp_inf.o)
                              c:/program files (x86)/atmel/studio/7.0/toolchain/avr8/avr8-gnu-toolchain/bin/../lib/gcc/avr/5.4.0/../../../../avr/lib/avr5\libm.a(addsf3x.o) (__fp_inf)
c:/program files (x86)/atmel/studio/7.0/toolchain/avr8/avr8-gnu-toolchain/bin/../lib/gcc/avr/5.4.0/../../../../avr/lib/avr5\libm.a(fp_nan.o)
                              c:/program files (x86)/atmel/studio/7.0/toolchain/avr8/avr8-gnu-toolchain/bin/../lib/gcc/avr/5.4.0/../../../../avr/lib/avr5\libm.a(addsf3x.o) (__fp_nan)
c:/program files (x86)/atmel/studio/7.0/toolchain/avr8/avr8-gnu-toolchain/bin/../lib/gcc/avr/5.4.0/../../../../avr/lib/avr5\libm.a(fp_powser.o)
                              c:/program files (x86)/atmel/studio/7.0/toolchain/avr8/avr8-gnu-toolchain/bin/../lib/gcc/avr/5.4.0/../../../../avr/lib/avr5\libm.a(atan.o) (__fp_powser)
c:/program files (x86)/atmel/studio/7.0/toolchain/avr8/avr8-gnu-toolchain/bin/../lib/gcc/avr/5.4.0/../../../../avr/lib/avr5\libm.a(fp_pscA.o)
                              c:/program files (x86)/atmel/studio/7.0/toolchain/avr8/avr8-gnu-toolchain/bin/../lib/gcc/avr/5.4.0/../../../../avr/lib/avr5\libm.a(addsf3x.o) (__fp_pscA)
c:/program files (x86)/atmel/studio/7.0/toolchain/avr8/avr8-gnu-toolchain/bin/../lib/gcc/avr/5.4.0/../../../../avr/lib/avr5\libm.a(fp_pscB.o)
                              c:/program files (x86)/atmel/studio/7.0/toolchain/avr8/avr8-gnu-toolchain/bin/../lib/gcc/avr/5.4.0/../../../../avr/lib/avr5\libm.a(addsf3x.o) (__fp_pscB)
c:/program files (x86)/atmel/studio/7.0/toolchain/avr8/avr8-gnu-toolchain/bin/../lib/gcc/avr/5.4.0/../../../../avr/lib/avr5\libm.a(fp_round.o)
                              c:/program files (x86)/atmel/studio/7.0/toolchain/avr8/avr8-gnu-toolchain/bin/../lib/gcc/avr/5.4.0/../../../../avr/lib/avr5\libm.a(addsf3.o) (__fp_round)
c:/program files (x86)/atmel/studio/7.0/toolchain/avr8/avr8-gnu-toolchain/bin/../lib/gcc/avr/5.4.0/../../../../avr/lib/avr5\libm.a(fp_split3.o)
[...]
Memory Configuration

Name             Origin             Length             Attributes
text             0x00000000         0x00020000         xr
data             0x00800060         0x0000ffa0         rw !x
eeprom           0x00810000         0x00010000         rw !x
fuse             0x00820000         0x00000003         rw !x
lock             0x00830000         0x00000400         rw !x
signature        0x00840000         0x00000400         rw !x
user_signatures  0x00850000         0x00000400         rw !x
*default*        0x00000000         0xffffffff

Linker script and memory map

Address of section .data set to 0x800100
LOAD C:/Program Files (x86)/Atmel/Studio/7.0/Packs/atmel/ATmega_DFP/1.2.150/gcc/dev/atmega328p/avr5/crtatmega328p.o
LOAD Sketch.o
LOAD src/libraries/Arduino-PID-Library-master/PID_v1.o
LOAD src/libraries/I2Cdev/I2Cdev.o
LOAD src/libraries/MPU6050/MPU6050.o
LOAD src/libraries/NewPing/NewPing.o
LOAD src/libraries/Wire/src/utility/twi.o
LOAD src/libraries/Wire/src/Wire.o
LOAD src/MPU6050Calib.o
LOAD src/my_libs/ENC_lib.o
LOAD src/my_libs/MOT_lib.o
LOAD src/my_libs/pwm_basic.o
LOAD src/my_libs/pwm_basic_example.o
START GROUP
LOAD c:/program files (x86)/atmel/studio/7.0/toolchain/avr8/avr8-gnu-toolchain/bin/../lib/gcc/avr/5.4.0/../../../../avr/lib/avr5\libm.a
LOAD D:\qtstuff\Arduino2Wheeler\ArduGirobot_AtmelStudio\ArduGirobot_AtmelStudio\ArduinoCore\Debug\libArduinoCore.a
END GROUP
LOAD c:/program files (x86)/atmel/studio/7.0/toolchain/avr8/avr8-gnu-toolchain/bin/../lib/gcc/avr/5.4.0/avr5\libgcc.a
LOAD c:/program files (x86)/atmel/studio/7.0/toolchain/avr8/avr8-gnu-toolchain/bin/../lib/gcc/avr/5.4.0/../../../../avr/lib/avr5\libm.a
START GROUP
LOAD c:/program files (x86)/atmel/studio/7.0/toolchain/avr8/avr8-gnu-toolchain/bin/../lib/gcc/avr/5.4.0/avr5\libgcc.a
LOAD c:/program files (x86)/atmel/studio/7.0/toolchain/avr8/avr8-gnu-toolchain/bin/../lib/gcc/avr/5.4.0/../../../../avr/lib/avr5\libm.a
LOAD c:/program files (x86)/atmel/studio/7.0/toolchain/avr8/avr8-gnu-toolchain/bin/../lib/gcc/avr/5.4.0/../../../../avr/lib/avr5\libc.a
LOAD C:/Program Files (x86)/Atmel/Studio/7.0/Packs/atmel/ATmega_DFP/1.2.150/gcc/dev/atmega328p/avr5\libatmega328p.a
END GROUP
                0x00020000                __TEXT_REGION_LENGTH__ = DEFINED (__TEXT_REGION_LENGTH__)?__TEXT_REGION_LENGTH__:0x20000
                0x0000ffa0                __DATA_REGION_LENGTH__ = DEFINED (__DATA_REGION_LENGTH__)?__DATA_REGION_LENGTH__:0xffa0
                0x00010000                __EEPROM_REGION_LENGTH__ = DEFINED (__EEPROM_REGION_LENGTH__)?__EEPROM_REGION_LENGTH__:0x10000
                [0x00000003]                __FUSE_REGION_LENGTH__ = DEFINED (__FUSE_REGION_LENGTH__)?__FUSE_REGION_LENGTH__:0x400
                0x00000400                __LOCK_REGION_LENGTH__ = DEFINED (__LOCK_REGION_LENGTH__)?__LOCK_REGION_LENGTH__:0x400
                0x00000400                __SIGNATURE_REGION_LENGTH__ = DEFINED (__SIGNATURE_REGION_LENGTH__)?__SIGNATURE_REGION_LENGTH__:0x400
                0x00000400                __USER_SIGNATURE_REGION_LENGTH__ = DEFINED (__USER_SIGNATURE_REGION_LENGTH__)?__USER_SIGNATURE_REGION_LENGTH__:0x400

.hash
 *(.hash)

.dynsym
 *(.dynsym)

.dynstr
 *(.dynstr)

.gnu.version
 *(.gnu.version)

.gnu.version_d
 *(.gnu.version_d)

.gnu.version_r
 *(.gnu.version_r)

.rel.init
 *(.rel.init)

.rela.init
 *(.rela.init)

.rel.text
 *(.rel.text)
 *(.rel.text.*)
 *(.rel.gnu.linkonce.t*)

.rela.text
 *(.rela.text)
 *(.rela.text.*)
 *(.rela.gnu.linkonce.t*)

.rel.fini
 *(.rel.fini)

.rela.fini
 *(.rela.fini)

.rel.rodata
 *(.rel.rodata)
 *(.rel.rodata.*)
 *(.rel.gnu.linkonce.r*)

.rela.rodata
 *(.rela.rodata)
 *(.rela.rodata.*)
 *(.rela.gnu.linkonce.r*)

.rel.data
 *(.rel.data)
 *(.rel.data.*)
 *(.rel.gnu.linkonce.d*)

.rela.data
 *(.rela.data)
 *(.rela.data.*)
 *(.rela.gnu.linkonce.d*)

.rel.ctors
 *(.rel.ctors)

.rela.ctors
 *(.rela.ctors)

.rel.dtors
 *(.rel.dtors)

.rela.dtors
 *(.rela.dtors)

.rel.got
 *(.rel.got)

.rela.got
 *(.rela.got)

.rel.bss
 *(.rel.bss)

.rela.bss
 *(.rela.bss)

.rel.plt
 *(.rel.plt)

.rela.plt
 *(.rela.plt)

.text           0x00000000     0x41c8
 *(.vectors)
 .vectors       0x00000000       0x68 C:/Program Files (x86)/Atmel/Studio/7.0/Packs/atmel/ATmega_DFP/1.2.150/gcc/dev/atmega328p/avr5/crtatmega328p.o
                0x00000000                __vector_default
                0x00000000                __vectors
 *(.vectors)
 *(.progmem.gcc*)
 .progmem.gcc_sw_table._Z16Serial_ParseDatav
                0x00000068       0x42 Sketch.o
 .progmem.gcc_sw_table._Z17Serial_PrintStatsv
                0x000000aa       0x12 Sketch.o
 .progmem.gcc_sw_table.__vector_3
                0x000000bc       0x1c src/my_libs/ENC_lib.o
 .progmem.gcc_sw_table.__vector_4
                0x000000d8       0x1c src/my_libs/ENC_lib.o
 .progmem.gcc_fplib
                0x000000f4       0x2d c:/program files (x86)/atmel/studio/7.0/toolchain/avr8/avr8-gnu-toolchain/bin/../lib/gcc/avr/5.4.0/../../../../avr/lib/avr5\libm.a(atan.o)
                0x00000122                . = ALIGN (0x2)
 *fill*         0x00000121        0x1 
                0x00000122                __trampolines_start = .
 *(.trampolines)
 .trampolines   0x00000122        0x0 linker stubs
 *(.trampolines*)
                0x00000122                __trampolines_end = .
 *libprintf_flt.a:*(.progmem.data)
 *libc.a:*(.progmem.data)
 .progmem.data  0x00000122       0x3b c:/program files (x86)/atmel/studio/7.0/toolchain/avr8/avr8-gnu-toolchain/bin/../lib/gcc/avr/5.4.0/../../../../avr/lib/avr5\libc.a(strtod.o)
 *(.progmem*)
 .progmem.data.digital_pin_to_bit_mask_PGM
                0x0000015d       0x14 D:\qtstuff\Arduino2Wheeler\ArduGirobot_AtmelStudio\ArduGirobot_AtmelStudio\ArduinoCore\Debug\libArduinoCore.a(wiring_digital.o)
                0x0000015d                digital_pin_to_bit_mask_PGM
 .progmem.data.digital_pin_to_port_PGM
                0x00000171       0x14 D:\qtstuff\Arduino2Wheeler\ArduGirobot_AtmelStudio\ArduGirobot_AtmelStudio\ArduinoCore\Debug\libArduinoCore.a(wiring_digital.o)
                0x00000171                digital_pin_to_port_PGM
 .progmem.data.port_to_input_PGM
                0x00000185        0xa D:\qtstuff\Arduino2Wheeler\ArduGirobot_AtmelStudio\ArduGirobot_AtmelStudio\ArduinoCore\Debug\libArduinoCore.a(wiring_digital.o)
                0x00000185                port_to_input_PGM
 .progmem.data.port_to_output_PGM
                0x0000018f        0xa D:\qtstuff\Arduino2Wheeler\ArduGirobot_AtmelStudio\ArduGirobot_AtmelStudio\ArduinoCore\Debug\libArduinoCore.a(wiring_digital.o)
                0x0000018f                port_to_output_PGM
 .progmem.data.port_to_mode_PGM
                0x00000199        0xa D:\qtstuff\Arduino2Wheeler\ArduGirobot_AtmelStudio\ArduGirobot_AtmelStudio\ArduinoCore\Debug\libArduinoCore.a(wiring_digital.o)
                0x00000199                port_to_mode_PGM
                0x000001a4                . = ALIGN (0x2)
 *fill*         0x000001a3        0x1 
 *(.jumptables)
 *(.jumptables*)
 *(.lowtext)
 *(.lowtext*)
                0x000001a4                __ctors_start = .
 *(.ctors)
 .ctors         0x000001a4        0x2 Sketch.o
 .ctors         0x000001a6        0x2 src/libraries/Wire/src/Wire.o
 .ctors         0x000001a8        0x2 src/MPU6050Calib.o
 .ctors         0x000001aa        0x2 D:\qtstuff\Arduino2Wheeler\ArduGirobot_AtmelStudio\ArduGirobot_AtmelStudio\ArduinoCore\Debug\libArduinoCore.a(HardwareSerial0.o)
                0x000001ac                __ctors_end = .
                0x000001ac                __dtors_start = .
 *(.dtors)
                0x000001ac                __dtors_end = .
 SORT(*)(.ctors)
 SORT(*)(.dtors)
 *(.init0)
 .init0         0x000001ac        0x0 C:/Program Files (x86)/Atmel/Studio/7.0/Packs/atmel/ATmega_DFP/1.2.150/gcc/dev/atmega328p/avr5/crtatmega328p.o
                0x000001ac                __init
 *(.init0)
 *(.init1)
 *(.init1)
 *(.init2)
 .init2         0x000001ac        0xc C:/Program Files (x86)/Atmel/Studio/7.0/Packs/atmel/ATmega_DFP/1.2.150/gcc/dev/atmega328p/avr5/crtatmega328p.o
 *(.init2)
 *(.init3)
 *(.init3)
 *(.init4)
 .init4         0x000001b8       0x16 c:/program files (x86)/atmel/studio/7.0/toolchain/avr8/avr8-gnu-toolchain/bin/../lib/gcc/avr/5.4.0/avr5\libgcc.a(_copy_data.o)
                0x000001b8                __do_copy_data
 .init4         0x000001ce       0x10 c:/program files (x86)/atmel/studio/7.0/toolchain/avr8/avr8-gnu-toolchain/bin/../lib/gcc/avr/5.4.0/avr5\libgcc.a(_clear_bss.o)
                0x000001ce                __do_clear_bss
 *(.init4)
 *(.init5)
 *(.init5)
 *(.init6)
 .init6         0x000001de       0x16 c:/program files (x86)/atmel/studio/7.0/toolchain/avr8/avr8-gnu-toolchain/bin/../lib/gcc/avr/5.4.0/avr5\libgcc.a(_ctors.o)
                0x000001de                __do_global_ctors
 *(.init6)
 *(.init7)
 *(.init7)
 *(.init8)
 *(.init8)
 *(.init9)
 .init9         0x000001f4        0x8 C:/Program Files (x86)/Atmel/Studio/7.0/Packs/atmel/ATmega_DFP/1.2.150/gcc/dev/atmega328p/avr5/crtatmega328p.o
 *(.init9)
 *(.text)
 .text          0x000001fc        0x4 C:/Program Files (x86)/Atmel/Studio/7.0/Packs/atmel/ATmega_DFP/1.2.150/gcc/dev/atmega328p/avr5/crtatmega328p.o
                0x000001fc                __vector_22
                0x000001fc                __vector_1
                0x000001fc                __vector_12
                0x000001fc                __bad_interrupt
                0x000001fc                __vector_6
                0x000001fc                __vector_23
                0x000001fc                __vector_25
                0x000001fc                __vector_11
                0x000001fc                __vector_13
                0x000001fc                __vector_17
                0x000001fc                __vector_5
                0x000001fc                __vector_9
                0x000001fc                __vector_2
                0x000001fc                __vector_21
                0x000001fc                __vector_15
                0x000001fc                __vector_8
                0x000001fc                __vector_14
                0x000001fc                __vector_10
                0x000001fc                __vector_20
                0x00000200                . = ALIGN (0x2)
 *(.text.*)
 .text._ZN11EEPROMClass3putIdEERKT_iS3_.isra.0
                0x00000200       0x56 Sketch.o
 .text._ZN11EEPROMClass3getIdEERT_iS2_.isra.1
                0x00000256       0x4c Sketch.o
 .text._Z19WritePidCfgToEEPROMjP11PIDConfig_e
                0x000002a2       0x34 Sketch.o
                0x000002a2                _Z19WritePidCfgToEEPROMjP11PIDConfig_e
 .text._Z20ReadPidCfgFromEEPROMjP11PIDConfig_e
                0x000002d6       0x34 Sketch.o
                0x000002d6                _Z20ReadPidCfgFromEEPROMjP11PIDConfig_e
 .text._Z23getPidConfigsFromEEPROMv
                0x0000030a       0x30 Sketch.o
                0x0000030a                _Z23getPidConfigsFromEEPROMv
 .text._Z20putPidConfigToEEPROMv
                0x0000033a       0x30 Sketch.o
                0x0000033a                _Z20putPidConfigToEEPROMv
 .text._Z15initPidControlsv
                0x0000036a      0x2c2 Sketch.o
                0x0000036a                _Z15initPidControlsv
 .text._Z16Serial_ParseDatav
                0x0000062c      0x258 Sketch.o
                0x0000062c                _Z16Serial_ParseDatav
 .text._Z19UpdateEncoderValuesv
                0x00000884       0xc8 Sketch.o
                0x00000884                _Z19UpdateEncoderValuesv
 .text._Z13Giro_ReadDatav
                0x0000094c      0x22c Sketch.o
                0x0000094c                _Z13Giro_ReadDatav
 .text.startup._GLOBAL__sub_I__Z19WritePidCfgToEEPROMjP11PIDConfig_e
                0x00000b78       0x18 Sketch.o
 .text._Z17Serial_PrintStatsv
                0x00000b90      0x3c0 Sketch.o
                0x00000b90                _Z17Serial_PrintStatsv
 .text._Z3LOGPKc
                0x00000f50       0x1e Sketch.o
                0x00000f50                _Z3LOGPKc
 .text.setup    0x00000f6e       0xae Sketch.o
                0x00000f6e                setup
 .text._Z18Serial_LookForDatav
                0x0000101c       0x62 Sketch.o
                0x0000101c                _Z18Serial_LookForDatav
 .text._Z9SerialComv
                0x0000107e       0x6a Sketch.o
                0x0000107e                _Z9SerialComv
 .text.loop     0x000010e8      0x28c Sketch.o
                0x000010e8                loop
 .text._ZN3PID7ComputeEv
                0x00001374      0x2ce src/libraries/Arduino-PID-Library-master/PID_v1.o
                0x00001374                _ZN3PID7ComputeEv
 .text._ZN3PID10SetTuningsEdddi
                0x00001642      0x1ac src/libraries/Arduino-PID-Library-master/PID_v1.o
                0x00001642                _ZN3PID10SetTuningsEdddi
 .text._ZN3PID10SetTuningsEddd
                0x000017ee       0x2c src/libraries/Arduino-PID-Library-master/PID_v1.o
                0x000017ee                _ZN3PID10SetTuningsEddd
 .text._ZN3PID13SetSampleTimeEi
                0x0000181a       0x9c src/libraries/Arduino-PID-Library-master/PID_v1.o
                0x0000181a                _ZN3PID13SetSampleTimeEi
 .text._ZN3PID15SetOutputLimitsEdd
                0x000018b6      0x100 src/libraries/Arduino-PID-Library-master/PID_v1.o
                0x000018b6                _ZN3PID15SetOutputLimitsEdd
 .text._ZN3PID10InitializeEv
                0x000019b6       0x8c src/libraries/Arduino-PID-Library-master/PID_v1.o
                0x000019b6                _ZN3PID10InitializeEv
 .text._ZN3PID7SetModeEi
                0x00001a42       0x2e src/libraries/Arduino-PID-Library-master/PID_v1.o
                0x00001a42                _ZN3PID7SetModeEi
 .text._ZN3PID22SetControllerDirectionEi
                0x00001a70       0x78 src/libraries/Arduino-PID-Library-master/PID_v1.o
                0x00001a70                _ZN3PID22SetControllerDirectionEi
 .text._ZN3PIDC2EPdS0_S0_dddii
                0x00001ae8       0xe2 src/libraries/Arduino-PID-Library-master/PID_v1.o
                0x00001ae8                _ZN3PIDC2EPdS0_S0_dddii
                0x00001ae8                _ZN3PIDC1EPdS0_S0_dddii
 .text._ZN6I2Cdev10writeBytesEhhhPh
                0x00001bca       0x60 src/libraries/I2Cdev/I2Cdev.o
                0x00001bca                _ZN6I2Cdev10writeBytesEhhhPh
 .text._ZN6I2Cdev9writeByteEhhh
                0x00001c2a       0x20 src/libraries/I2Cdev/I2Cdev.o
                0x00001c2a                _ZN6I2Cdev9writeByteEhhh
 .text._ZN6I2Cdev10writeWordsEhhhPj
                0x00001c4a       0x7c src/libraries/I2Cdev/I2Cdev.o
                0x00001c4a                _ZN6I2Cdev10writeWordsEhhhPj
 .text._ZN6I2Cdev9writeWordEhhj
                0x00001cc6       0x24 src/libraries/I2Cdev/I2Cdev.o
                0x00001cc6                _ZN6I2Cdev9writeWordEhhj
 .text._ZN6I2Cdev9readBytesEhhhPhj
                0x00001cea      0x16a src/libraries/I2Cdev/I2Cdev.o
                0x00001cea                _ZN6I2Cdev9readBytesEhhhPhj
 .text._ZN6I2Cdev8readByteEhhPhj
                0x00001e54       0x14 src/libraries/I2Cdev/I2Cdev.o
                0x00001e54                _ZN6I2Cdev8readByteEhhPhj
 .text._ZN6I2Cdev8writeBitEhhhh
                0x00001e68       0x60 src/libraries/I2Cdev/I2Cdev.o
                0x00001e68                _ZN6I2Cdev8writeBitEhhhh
 .text._ZN6I2Cdev9writeBitsEhhhhh
                0x00001ec8       0x94 src/libraries/I2Cdev/I2Cdev.o
                0x00001ec8                _ZN6I2Cdev9writeBitsEhhhhh
 .text._ZN7MPU6050C2Ev
                0x00001f5c        0x8 src/libraries/MPU6050/MPU6050.o
                0x00001f5c                _ZN7MPU6050C2Ev
                0x00001f5c                _ZN7MPU6050C1Ev
 .text._ZN7MPU6050C2Eh
                0x00001f64        0x6 src/libraries/MPU6050/MPU6050.o
                0x00001f64                _ZN7MPU6050C1Eh
                0x00001f64                _ZN7MPU6050C2Eh
 .text._ZN7MPU605021setFullScaleGyroRangeEh
                0x00001f6a       0x16 src/libraries/MPU6050/MPU6050.o
                0x00001f6a                _ZN7MPU605021setFullScaleGyroRangeEh
 .text._ZN7MPU605022setFullScaleAccelRangeEh
                0x00001f80       0x16 src/libraries/MPU6050/MPU6050.o
                0x00001f80                _ZN7MPU605022setFullScaleAccelRangeEh
 .text._ZN7MPU605016getAccelerationYEv
                0x00001f96       0x36 src/libraries/MPU6050/MPU6050.o
                0x00001f96                _ZN7MPU605016getAccelerationYEv
 .text._ZN7MPU605016getAccelerationZEv
                0x00001fcc       0x36 src/libraries/MPU6050/MPU6050.o
                0x00001fcc                _ZN7MPU605016getAccelerationZEv
 .text._ZN7MPU605012getRotationXEv
                0x00002002       0x36 src/libraries/MPU6050/MPU6050.o
                0x00002002                _ZN7MPU605012getRotationXEv
 .text._ZN7MPU605015setSleepEnabledEb
                0x00002038        0xe src/libraries/MPU6050/MPU6050.o
                0x00002038                _ZN7MPU605015setSleepEnabledEb
 .text._ZN7MPU605014setClockSourceEh
                0x00002046       0x16 src/libraries/MPU6050/MPU6050.o
                0x00002046                _ZN7MPU605014setClockSourceEh
 .text._ZN7MPU605010initializeEv
                0x0000205c       0x28 src/libraries/MPU6050/MPU6050.o
                0x0000205c                _ZN7MPU605010initializeEv
 .text._ZN7MPU605015setXAccelOffsetEi
                0x00002084        0xc src/libraries/MPU6050/MPU6050.o
                0x00002084                _ZN7MPU605015setXAccelOffsetEi
 .text._ZN7MPU605015setYAccelOffsetEi
                0x00002090        0xc src/libraries/MPU6050/MPU6050.o
                0x00002090                _ZN7MPU605015setYAccelOffsetEi
 .text._ZN7MPU605015setZAccelOffsetEi
                0x0000209c        0xc src/libraries/MPU6050/MPU6050.o
                0x0000209c                _ZN7MPU605015setZAccelOffsetEi
 .text._ZN7MPU605014setXGyroOffsetEi
                0x000020a8        0xc src/libraries/MPU6050/MPU6050.o
                0x000020a8                _ZN7MPU605014setXGyroOffsetEi
 .text._ZN7MPU605014setYGyroOffsetEi
                0x000020b4        0xc src/libraries/MPU6050/MPU6050.o
                0x000020b4                _ZN7MPU605014setYGyroOffsetEi
 .text._ZN7MPU605014setZGyroOffsetEi
                0x000020c0        0xc src/libraries/MPU6050/MPU6050.o
                0x000020c0                _ZN7MPU605014setZGyroOffsetEi
 .text._ZN7NewPing16set_max_distanceEj
                0x000020cc       0x24 src/libraries/NewPing/NewPing.o
                0x000020cc                _ZN7NewPing16set_max_distanceEj
 .text._ZN7NewPingC2Ehhj
                0x000020f0       0x84 src/libraries/NewPing/NewPing.o
                0x000020f0                _ZN7NewPingC1Ehhj
                0x000020f0                _ZN7NewPingC2Ehhj
 .text.__vector_7
                0x00002174       0x4e src/libraries/NewPing/NewPing.o
                0x00002174                __vector_7
 .text.twi_readFrom
                0x000021c2       0x90 src/libraries/Wire/src/utility/twi.o
                0x000021c2                twi_readFrom
 .text.twi_writeTo
                0x00002252       0xac src/libraries/Wire/src/utility/twi.o
                0x00002252                twi_writeTo
 .text.twi_transmit
                0x000022fe       0x50 src/libraries/Wire/src/utility/twi.o
                0x000022fe                twi_transmit
 .text.twi_stop
                0x0000234e       0x14 src/libraries/Wire/src/utility/twi.o
                0x0000234e                twi_stop
 .text.twi_releaseBus
                0x00002362        0xc src/libraries/Wire/src/utility/twi.o
                0x00002362                twi_releaseBus
 .text.__vector_24
                0x0000236e      0x25a src/libraries/Wire/src/utility/twi.o
                0x0000236e                __vector_24
 .text._ZN5Print17availableForWriteEv
                0x000025c8        0x6 src/libraries/Wire/src/Wire.o
                0x000025c8                _ZN5Print17availableForWriteEv
 .text._ZN7TwoWire9availableEv
                0x000025ce       0x10 src/libraries/Wire/src/Wire.o
                0x000025ce                _ZN7TwoWire9availableEv
 .text._ZN7TwoWire4readEv
                0x000025de       0x28 src/libraries/Wire/src/Wire.o
                0x000025de                _ZN7TwoWire4readEv
 .text._ZN7TwoWire4peekEv
                0x00002606       0x1e src/libraries/Wire/src/Wire.o
                0x00002606                _ZN7TwoWire4peekEv
 .text._ZN7TwoWire5flushEv
                0x00002624        0x2 src/libraries/Wire/src/Wire.o
                0x00002624                _ZN7TwoWire5flushEv
 .text._ZN7TwoWire5writeEPKhj
                0x00002626       0x5a src/libraries/Wire/src/Wire.o
                0x00002626                _ZN7TwoWire5writeEPKhj
 .text._ZN7TwoWire5writeEh
                0x00002680       0x5e src/libraries/Wire/src/Wire.o
                0x00002680                _ZN7TwoWire5writeEh
 .text._ZN7TwoWireC2Ev
                0x000026de       0x20 src/libraries/Wire/src/Wire.o
                0x000026de                _ZN7TwoWireC1Ev
                0x000026de                _ZN7TwoWireC2Ev
 .text._ZN7TwoWire17beginTransmissionEh
                0x000026fe       0x14 src/libraries/Wire/src/Wire.o
                0x000026fe                _ZN7TwoWire17beginTransmissionEh
 .text._ZN7TwoWire15endTransmissionEh
                0x00002712       0x26 src/libraries/Wire/src/Wire.o
                0x00002712                _ZN7TwoWire15endTransmissionEh
 .text._ZN7TwoWire11requestFromEhhmhh
                0x00002738       0xa8 src/libraries/Wire/src/Wire.o
                0x00002738                _ZN7TwoWire11requestFromEhhmhh
 .text._ZN7TwoWire11requestFromEhhh
                0x000027e0       0x20 src/libraries/Wire/src/Wire.o
                0x000027e0                _ZN7TwoWire11requestFromEhhh
 .text._ZN7TwoWire11requestFromEhh
                0x00002800        0x6 src/libraries/Wire/src/Wire.o
                0x00002800                _ZN7TwoWire11requestFromEhh
 .text._ZN7TwoWire15endTransmissionEv
                0x00002806        0x6 src/libraries/Wire/src/Wire.o
                0x00002806                _ZN7TwoWire15endTransmissionEv
 .text.startup._GLOBAL__sub_I__ZN7TwoWire8rxBufferE
                0x0000280c        0x8 src/libraries/Wire/src/Wire.o
 .text.startup._GLOBAL__sub_I_buffersize
                0x00002814        0xa src/MPU6050Calib.o
 .text._Z8Enc_Initv
                0x0000281e       0x44 src/my_libs/ENC_lib.o
                0x0000281e                _Z8Enc_Initv
 .text.__vector_3
                0x00002862       0xfa src/my_libs/ENC_lib.o
                0x00002862                __vector_3
 .text.__vector_4
                0x0000295c       0xf6 src/my_libs/ENC_lib.o
                0x0000295c                __vector_4
 .text._Z15Motor0_SetSpeedhh.part.0
                0x00002a52       0x1a src/my_libs/MOT_lib.o
 .text._Z15Motor1_SetSpeedhh.part.1
                0x00002a6c       0x1a src/my_libs/MOT_lib.o
 .text._Z11Motor0_Stopv
                0x00002a86        0xe src/my_libs/MOT_lib.o
                0x00002a86                _Z11Motor0_Stopv
 .text._Z9Mot0_Initv
                0x00002a94       0x18 src/my_libs/MOT_lib.o
                0x00002a94                _Z9Mot0_Initv
 .text._Z11Motor1_Stopv
                0x00002aac        0xe src/my_libs/MOT_lib.o
                0x00002aac                _Z11Motor1_Stopv
 .text._Z9Mot1_Initv
                0x00002aba       0x18 src/my_libs/MOT_lib.o
                0x00002aba                _Z9Mot1_Initv
 .text._Z15Motor0_SetSpeedhh
                0x00002ad2       0x2c src/my_libs/MOT_lib.o
                0x00002ad2                _Z15Motor0_SetSpeedhh
 .text._Z15Motor1_SetSpeedhh
                0x00002afe       0x2c src/my_libs/MOT_lib.o
                0x00002afe                _Z15Motor1_SetSpeedhh
 .text._Z15Motors_SetSpeedii
                0x00002b2a       0x3e src/my_libs/MOT_lib.o
                0x00002b2a                _Z15Motors_SetSpeedii
 .text.PWM_0_init
                0x00002b68       0x20 src/my_libs/pwm_basic.o
                0x00002b68                PWM_0_init
 .text.PWM_0_enable_output_ch0
                0x00002b88        0x8 src/my_libs/pwm_basic.o
                0x00002b88                PWM_0_enable_output_ch0
 .text.PWM_0_disable_output_ch0
                0x00002b90        0x8 src/my_libs/pwm_basic.o
                0x00002b90                PWM_0_disable_output_ch0
 .text.PWM_0_enable_output_ch1
                0x00002b98        0x8 src/my_libs/pwm_basic.o
                0x00002b98                PWM_0_enable_output_ch1
 .text.PWM_0_disable_output_ch1
                0x00002ba0        0x8 src/my_libs/pwm_basic.o
                0x00002ba0                PWM_0_disable_output_ch1
 .text.PWM_0_load_duty_cycle_ch0
                0x00002ba8        0x4 src/my_libs/pwm_basic.o
                0x00002ba8                PWM_0_load_duty_cycle_ch0
 .text.PWM_0_load_duty_cycle_ch1
                0x00002bac        0x4 src/my_libs/pwm_basic.o
                0x00002bac                PWM_0_load_duty_cycle_ch1
 .text.PWM_1_init
                0x00002bb0       0x26 src/my_libs/pwm_basic.o
                0x00002bb0                PWM_1_init
 .text.PWM_1_enable_output_ch0
                0x00002bd6        0xc src/my_libs/pwm_basic.o
                0x00002bd6                PWM_1_enable_output_ch0
 .text.PWM_1_disable_output_ch0
                0x00002be2        0xc src/my_libs/pwm_basic.o
                0x00002be2                PWM_1_disable_output_ch0
 .text.PWM_1_enable_output_ch1
                0x00002bee        0xc src/my_libs/pwm_basic.o
                0x00002bee                PWM_1_enable_output_ch1
 .text.PWM_1_disable_output_ch1
                0x00002bfa        0xc src/my_libs/pwm_basic.o
                0x00002bfa                PWM_1_disable_output_ch1
 .text.PWM_1_load_duty_cycle_ch0
                0x00002c06        0x6 src/my_libs/pwm_basic.o
                0x00002c06                PWM_1_load_duty_cycle_ch0
 .text.PWM_1_load_duty_cycle_ch1
                0x00002c0c        0x6 src/my_libs/pwm_basic.o
                0x00002c0c                PWM_1_load_duty_cycle_ch1
 .text.avr-libc.fplib
                0x00002c12        0xe c:/program files (x86)/atmel/studio/7.0/toolchain/avr8/avr8-gnu-toolchain/bin/../lib/gcc/avr/5.4.0/../../../../avr/lib/avr5\libm.a(addsf3.o)
                0x00002c12                __subsf3
                0x00002c14                __addsf3
 .text.avr-libc.fplib
                0x00002c20       0xcc c:/program files (x86)/atmel/studio/7.0/toolchain/avr8/avr8-gnu-toolchain/bin/../lib/gcc/avr/5.4.0/../../../../avr/lib/avr5\libm.a(addsf3x.o)
                0x00002c42                __addsf3x
 .text.avr-libc.fplib
                0x00002cec       0x86 c:/program files (x86)/atmel/studio/7.0/toolchain/avr8/avr8-gnu-toolchain/bin/../lib/gcc/avr/5.4.0/../../../../avr/lib/avr5\libm.a(atan2.o)
                0x00002d12                atan2
 .text.avr-libc.fplib
                0x00002d72       0x5e c:/program files (x86)/atmel/studio/7.0/toolchain/avr8/avr8-gnu-toolchain/bin/../lib/gcc/avr/5.4.0/../../../../avr/lib/avr5\libm.a(atan.o)
                0x00002d72                atan
 .text.avr-libc.fplib
                0x00002dd0        0xa c:/program files (x86)/atmel/studio/7.0/toolchain/avr8/avr8-gnu-toolchain/bin/../lib/gcc/avr/5.4.0/../../../../avr/lib/avr5\libm.a(cmpsf2.o)
                0x00002dd0                __nesf2
                0x00002dd0                __eqsf2
                0x00002dd0                __cmpsf2
                0x00002dd0                __ltsf2
                0x00002dd0                __lesf2
 .text.avr-libc.fplib
                0x00002dda        0x8 c:/program files (x86)/atmel/studio/7.0/toolchain/avr8/avr8-gnu-toolchain/bin/../lib/gcc/avr/5.4.0/../../../../avr/lib/avr5\libm.a(divsf3.o)
                0x00002dda                __divsf3
 .text.avr-libc.fplib
                0x00002de2       0xdc c:/program files (x86)/atmel/studio/7.0/toolchain/avr8/avr8-gnu-toolchain/bin/../lib/gcc/avr/5.4.0/../../../../avr/lib/avr5\libm.a(divsf3x.o)
                0x00002e02                __divsf3x
                0x00002e08                __divsf3_pse
 .text.avr-libc.fplib
                0x00002ebe        0xe c:/program files (x86)/atmel/studio/7.0/toolchain/avr8/avr8-gnu-toolchain/bin/../lib/gcc/avr/5.4.0/../../../../avr/lib/avr5\libm.a(fixsfsi.o)
                0x00002ebe                __fixsfsi
 .text.avr-libc.fplib
                0x00002ecc       0x5e c:/program files (x86)/atmel/studio/7.0/toolchain/avr8/avr8-gnu-toolchain/bin/../lib/gcc/avr/5.4.0/../../../../avr/lib/avr5\libm.a(fixunssfsi.o)
                0x00002ecc                __fixunssfsi
 .text.avr-libc.fplib
                0x00002f2a       0x7a c:/program files (x86)/atmel/studio/7.0/toolchain/avr8/avr8-gnu-toolchain/bin/../lib/gcc/avr/5.4.0/../../../../avr/lib/avr5\libm.a(floatsisf.o)
                0x00002f2a                __floatunsisf
                0x00002f2e                __floatsisf
 .text.avr-libc.fplib
                0x00002fa4       0x48 c:/program files (x86)/atmel/studio/7.0/toolchain/avr8/avr8-gnu-toolchain/bin/../lib/gcc/avr/5.4.0/../../../../avr/lib/avr5\libm.a(fp_cmp.o)
                0x00002fa4                __fp_cmp
 .text.avr-libc.fplib
                0x00002fec        0xc c:/program files (x86)/atmel/studio/7.0/toolchain/avr8/avr8-gnu-toolchain/bin/../lib/gcc/avr/5.4.0/../../../../avr/lib/avr5\libm.a(fp_inf.o)
                0x00002fec                __fp_inf
 .text.avr-libc.fplib
                0x00002ff8        0x6 c:/program files (x86)/atmel/studio/7.0/toolchain/avr8/avr8-gnu-toolchain/bin/../lib/gcc/avr/5.4.0/../../../../avr/lib/avr5\libm.a(fp_nan.o)
                0x00002ff8                __fp_nan
 .text.avr-libc.fplib
                0x00002ffe       0x4e c:/program files (x86)/atmel/studio/7.0/toolchain/avr8/avr8-gnu-toolchain/bin/../lib/gcc/avr/5.4.0/../../../../avr/lib/avr5\libm.a(fp_powser.o)
                0x00002ffe                __fp_powser
 .text.avr-libc.fplib
                0x0000304c        0xe c:/program files (x86)/atmel/studio/7.0/toolchain/avr8/avr8-gnu-toolchain/bin/../lib/gcc/avr/5.4.0/../../../../avr/lib/avr5\libm.a(fp_pscA.o)
                0x0000304c                __fp_pscA
 .text.avr-libc.fplib
                0x0000305a        0xe c:/program files (x86)/atmel/studio/7.0/toolchain/avr8/avr8-gnu-toolchain/bin/../lib/gcc/avr/5.4.0/../../../../avr/lib/avr5\libm.a(fp_pscB.o)
                0x0000305a                __fp_pscB
 .text.avr-libc.fplib
                0x00003068       0x22 c:/program files (x86)/atmel/studio/7.0/toolchain/avr8/avr8-gnu-toolchain/bin/../lib/gcc/avr/5.4.0/../../../../avr/lib/avr5\libm.a(fp_round.o)
                0x00003068                __fp_round
 .text.avr-libc.fplib
                0x0000308a       0x44 c:/program files (x86)/atmel/studio/7.0/toolchain/avr8/avr8-gnu-toolchain/bin/../lib/gcc/avr/5.4.0/../../../../avr/lib/avr5\libm.a(fp_split3.o)
                0x0000308a                __fp_split3
                0x0000309a                __fp_splitA
 .text.avr-libc.fplib
                0x000030ce        0xe c:/program files (x86)/atmel/studio/7.0/toolchain/avr8/avr8-gnu-toolchain/bin/../lib/gcc/avr/5.4.0/../../../../avr/lib/avr5\libm.a(fp_zero.o)
                0x000030ce                __fp_zero
                0x000030d0                __fp_szero
 .text.avr-libc.fplib
                0x000030dc        0xa c:/program files (x86)/atmel/studio/7.0/toolchain/avr8/avr8-gnu-toolchain/bin/../lib/gcc/avr/5.4.0/../../../../avr/lib/avr5\libm.a(gesf2.o)
                0x000030dc                __gesf2
                0x000030dc                __gtsf2
 .text.avr-libc.fplib
                0x000030e6       0x10 c:/program files (x86)/atmel/studio/7.0/toolchain/avr8/avr8-gnu-toolchain/bin/../lib/gcc/avr/5.4.0/../../../../avr/lib/avr5\libm.a(inverse.o)
                0x000030e6                inverse
 .text.avr-libc.fplib
                0x000030f6        0x8 c:/program files (x86)/atmel/studio/7.0/toolchain/avr8/avr8-gnu-toolchain/bin/../lib/gcc/avr/5.4.0/../../../../avr/lib/avr5\libm.a(mulsf3.o)
                0x000030f6                __mulsf3
 .text.avr-libc.fplib
                0x000030fe       0xd2 c:/program files (x86)/atmel/studio/7.0/toolchain/avr8/avr8-gnu-toolchain/bin/../lib/gcc/avr/5.4.0/../../../../avr/lib/avr5\libm.a(mulsf3x.o)
                0x0000311c                __mulsf3x
                0x00003122                __mulsf3_pse
 .text.avr-libc.fplib
                0x000031d0        0x8 c:/program files (x86)/atmel/studio/7.0/toolchain/avr8/avr8-gnu-toolchain/bin/../lib/gcc/avr/5.4.0/../../../../avr/lib/avr5\libm.a(square.o)
                0x000031d0                square
 .text._ZN14HardwareSerial9availableEv
                0x000031d8       0x18 D:\qtstuff\Arduino2Wheeler\ArduGirobot_AtmelStudio\ArduGirobot_AtmelStudio\ArduinoCore\Debug\libArduinoCore.a(HardwareSerial.o)
                0x000031d8                _ZN14HardwareSerial9availableEv
 .text._ZN14HardwareSerial4peekEv
                0x000031f0       0x1c D:\qtstuff\Arduino2Wheeler\ArduGirobot_AtmelStudio\ArduGirobot_AtmelStudio\ArduinoCore\Debug\libArduinoCore.a(HardwareSerial.o)
                0x000031f0                _ZN14HardwareSerial4peekEv
 .text._ZN14HardwareSerial4readEv
                0x0000320c       0x28 D:\qtstuff\Arduino2Wheeler\ArduGirobot_AtmelStudio\ArduGirobot_AtmelStudio\ArduinoCore\Debug\libArduinoCore.a(HardwareSerial.o)
                0x0000320c                _ZN14HardwareSerial4readEv
 .text._ZN14HardwareSerial17availableForWriteEv
                0x00003234       0x1e D:\qtstuff\Arduino2Wheeler\ArduGirobot_AtmelStudio\ArduGirobot_AtmelStudio\ArduinoCore\Debug\libArduinoCore.a(HardwareSerial.o)
                0x00003234                _ZN14HardwareSerial17availableForWriteEv
 .text._Z14serialEventRunv
                0x00003252       0x1c D:\qtstuff\Arduino2Wheeler\ArduGirobot_AtmelStudio\ArduGirobot_AtmelStudio\ArduinoCore\Debug\libArduinoCore.a(HardwareSerial.o)
                0x00003252                _Z14serialEventRunv
 .text._ZN14HardwareSerial17_tx_udr_empty_irqEv
                0x0000326e       0x42 D:\qtstuff\Arduino2Wheeler\ArduGirobot_AtmelStudio\ArduGirobot_AtmelStudio\ArduinoCore\Debug\libArduinoCore.a(HardwareSerial.o)
                0x0000326e                _ZN14HardwareSerial17_tx_udr_empty_irqEv
 .text._ZN14HardwareSerial5writeEh
                0x000032b0       0x8e D:\qtstuff\Arduino2Wheeler\ArduGirobot_AtmelStudio\ArduGirobot_AtmelStudio\ArduinoCore\Debug\libArduinoCore.a(HardwareSerial.o)
                0x000032b0                _ZN14HardwareSerial5writeEh
 .text._ZN14HardwareSerial5flushEv
                0x0000333e       0x44 D:\qtstuff\Arduino2Wheeler\ArduGirobot_AtmelStudio\ArduGirobot_AtmelStudio\ArduinoCore\Debug\libArduinoCore.a(HardwareSerial.o)
                0x0000333e                _ZN14HardwareSerial5flushEv
 .text._ZN14HardwareSerial5beginEmh
                0x00003382       0xca D:\qtstuff\Arduino2Wheeler\ArduGirobot_AtmelStudio\ArduGirobot_AtmelStudio\ArduinoCore\Debug\libArduinoCore.a(HardwareSerial.o)
                0x00003382                _ZN14HardwareSerial5beginEmh
 .text.__vector_18
                0x0000344c       0x64 D:\qtstuff\Arduino2Wheeler\ArduGirobot_AtmelStudio\ArduGirobot_AtmelStudio\ArduinoCore\Debug\libArduinoCore.a(HardwareSerial0.o)
                0x0000344c                __vector_18
 .text.__vector_19
                0x000034b0       0x4c D:\qtstuff\Arduino2Wheeler\ArduGirobot_AtmelStudio\ArduGirobot_AtmelStudio\ArduinoCore\Debug\libArduinoCore.a(HardwareSerial0.o)
                0x000034b0                __vector_19
 .text._Z17Serial0_availablev
                0x000034fc       0x14 D:\qtstuff\Arduino2Wheeler\ArduGirobot_AtmelStudio\ArduGirobot_AtmelStudio\ArduinoCore\Debug\libArduinoCore.a(HardwareSerial0.o)
                0x000034fc                _Z17Serial0_availablev
 .text.startup._GLOBAL__sub_I___vector_18
                0x00003510       0x5a D:\qtstuff\Arduino2Wheeler\ArduGirobot_AtmelStudio\ArduGirobot_AtmelStudio\ArduinoCore\Debug\libArduinoCore.a(HardwareSerial0.o)
 .text.initVariant
                0x0000356a        0x2 D:\qtstuff\Arduino2Wheeler\ArduGirobot_AtmelStudio\ArduGirobot_AtmelStudio\ArduinoCore\Debug\libArduinoCore.a(main.o)
                0x0000356a                initVariant
 .text.startup.main
                0x0000356c       0x1e D:\qtstuff\Arduino2Wheeler\ArduGirobot_AtmelStudio\ArduGirobot_AtmelStudio\ArduinoCore\Debug\libArduinoCore.a(main.o)
                0x0000356c                main
 .text._Znwj    0x0000358a        0x4 D:\qtstuff\Arduino2Wheeler\ArduGirobot_AtmelStudio\ArduGirobot_AtmelStudio\ArduinoCore\Debug\libArduinoCore.a(new.o)
                0x0000358a                _Znwj
 .text._ZN5Print5writeEPKhj
                0x0000358e       0x54 D:\qtstuff\Arduino2Wheeler\ArduGirobot_AtmelStudio\ArduGirobot_AtmelStudio\ArduinoCore\Debug\libArduinoCore.a(Print.o)
                0x0000358e                _ZN5Print5writeEPKhj
 .text._ZN5Print5writeEPKc
                0x000035e2       0x2a D:\qtstuff\Arduino2Wheeler\ArduGirobot_AtmelStudio\ArduGirobot_AtmelStudio\ArduinoCore\Debug\libArduinoCore.a(Print.o)
                0x000035e2                _ZN5Print5writeEPKc
 .text._ZN5Print5printEc
                0x0000360c        0xe D:\qtstuff\Arduino2Wheeler\ArduGirobot_AtmelStudio\ArduGirobot_AtmelStudio\ArduinoCore\Debug\libArduinoCore.a(Print.o)
                0x0000360c                _ZN5Print5printEc
 .text._ZN5Print7printlnEv
                0x0000361a        0x8 D:\qtstuff\Arduino2Wheeler\ArduGirobot_AtmelStudio\ArduGirobot_AtmelStudio\ArduinoCore\Debug\libArduinoCore.a(Print.o)
                0x0000361a                _ZN5Print7printlnEv
 .text._ZN5Print7printlnEPKc
                0x00003622       0x24 D:\qtstuff\Arduino2Wheeler\ArduGirobot_AtmelStudio\ArduGirobot_AtmelStudio\ArduinoCore\Debug\libArduinoCore.a(Print.o)
                0x00003622                _ZN5Print7printlnEPKc
 .text._ZN5Print11printNumberEmh
                0x00003646       0x92 D:\qtstuff\Arduino2Wheeler\ArduGirobot_AtmelStudio\ArduGirobot_AtmelStudio\ArduinoCore\Debug\libArduinoCore.a(Print.o)
                0x00003646                _ZN5Print11printNumberEmh
 .text._ZN5Print5printEmi
                0x000036d8       0x1a D:\qtstuff\Arduino2Wheeler\ArduGirobot_AtmelStudio\ArduGirobot_AtmelStudio\ArduinoCore\Debug\libArduinoCore.a(Print.o)
                0x000036d8                _ZN5Print5printEmi
 .text._ZN5Print5printEji
                0x000036f2        0xc D:\qtstuff\Arduino2Wheeler\ArduGirobot_AtmelStudio\ArduGirobot_AtmelStudio\ArduinoCore\Debug\libArduinoCore.a(Print.o)
                0x000036f2                _ZN5Print5printEji
 .text._ZN5Print7printlnEmi
                0x000036fe       0x24 D:\qtstuff\Arduino2Wheeler\ArduGirobot_AtmelStudio\ArduGirobot_AtmelStudio\ArduinoCore\Debug\libArduinoCore.a(Print.o)
                0x000036fe                _ZN5Print7printlnEmi
 .text._ZN5Print10printFloatEdh
                0x00003722      0x1b6 D:\qtstuff\Arduino2Wheeler\ArduGirobot_AtmelStudio\ArduGirobot_AtmelStudio\ArduinoCore\Debug\libArduinoCore.a(Print.o)
                0x00003722                _ZN5Print10printFloatEdh
 .text._ZN5Print7printlnEdi
                0x000038d8       0x24 D:\qtstuff\Arduino2Wheeler\ArduGirobot_AtmelStudio\ArduGirobot_AtmelStudio\ArduinoCore\Debug\libArduinoCore.a(Print.o)
                0x000038d8                _ZN5Print7printlnEdi
 .text.__vector_16
                0x000038fc       0x8c D:\qtstuff\Arduino2Wheeler\ArduGirobot_AtmelStudio\ArduGirobot_AtmelStudio\ArduinoCore\Debug\libArduinoCore.a(wiring.o)
                0x000038fc                __vector_16
 .text.millis   0x00003988       0x18 D:\qtstuff\Arduino2Wheeler\ArduGirobot_AtmelStudio\ArduGirobot_AtmelStudio\ArduinoCore\Debug\libArduinoCore.a(wiring.o)
                0x00003988                millis
 .text.init     0x000039a0       0x76 D:\qtstuff\Arduino2Wheeler\ArduGirobot_AtmelStudio\ArduGirobot_AtmelStudio\ArduinoCore\Debug\libArduinoCore.a(wiring.o)
                0x000039a0                init
 .text.pinMode  0x00003a16       0x78 D:\qtstuff\Arduino2Wheeler\ArduGirobot_AtmelStudio\ArduGirobot_AtmelStudio\ArduinoCore\Debug\libArduinoCore.a(wiring_digital.o)
                0x00003a16                pinMode
 .text._Z3maplllll
                0x00003a8e       0x82 D:\qtstuff\Arduino2Wheeler\ArduGirobot_AtmelStudio\ArduGirobot_AtmelStudio\ArduinoCore\Debug\libArduinoCore.a(WMath.o)
                0x00003a8e                _Z3maplllll
 .text.avr-libc.fplib
                0x00003b10        0xa c:/program files (x86)/atmel/studio/7.0/toolchain/avr8/avr8-gnu-toolchain/bin/../lib/gcc/avr/5.4.0/../../../../avr/lib/avr5\libm.a(unordsf2.o)
                0x00003b10                __unordsf2
 .text.libgcc.mul
                0x00003b1a       0x20 c:/program files (x86)/atmel/studio/7.0/toolchain/avr8/avr8-gnu-toolchain/bin/../lib/gcc/avr/5.4.0/avr5\libgcc.a(_mulsi3.o)
                0x00003b1a                __mulsi3
 .text.libgcc.div
                0x00003b3a       0x44 c:/program files (x86)/atmel/studio/7.0/toolchain/avr8/avr8-gnu-toolchain/bin/../lib/gcc/avr/5.4.0/avr5\libgcc.a(_udivmodsi4.o)
                0x00003b3a                __udivmodsi4
 .text.libgcc.div
                0x00003b7e       0x2e c:/program files (x86)/atmel/studio/7.0/toolchain/avr8/avr8-gnu-toolchain/bin/../lib/gcc/avr/5.4.0/avr5\libgcc.a(_divmodsi4.o)
                0x00003b7e                __divmodsi4
 .text.libgcc.div
                0x00003bac       0x10 c:/program files (x86)/atmel/studio/7.0/toolchain/avr8/avr8-gnu-toolchain/bin/../lib/gcc/avr/5.4.0/avr5\libgcc.a(_negsi2.o)
                0x00003bac                __negsi2
 .text.libgcc   0x00003bbc        0xc c:/program files (x86)/atmel/studio/7.0/toolchain/avr8/avr8-gnu-toolchain/bin/../lib/gcc/avr/5.4.0/avr5\libgcc.a(_tablejump2.o)
                0x00003bbc                __tablejump2__
 .text.libgcc.mul
                0x00003bc8       0x16 c:/program files (x86)/atmel/studio/7.0/toolchain/avr8/avr8-gnu-toolchain/bin/../lib/gcc/avr/5.4.0/avr5\libgcc.a(_muluhisi3.o)
                0x00003bc8                __muluhisi3
 .text.libgcc.mul
                0x00003bde       0x1e c:/program files (x86)/atmel/studio/7.0/toolchain/avr8/avr8-gnu-toolchain/bin/../lib/gcc/avr/5.4.0/avr5\libgcc.a(_umulhisi3.o)
                0x00003bde                __umulhisi3
 .text.avr-libc
                0x00003bfc      0x242 c:/program files (x86)/atmel/studio/7.0/toolchain/avr8/avr8-gnu-toolchain/bin/../lib/gcc/avr/5.4.0/../../../../avr/lib/avr5\libc.a(malloc.o)
                0x00003bfc                malloc
                0x00003d2c                free
 .text.avr-libc
                0x00003e3e        0x8 c:/program files (x86)/atmel/studio/7.0/toolchain/avr8/avr8-gnu-toolchain/bin/../lib/gcc/avr/5.4.0/../../../../avr/lib/avr5\libc.a(atof.o)
                0x00003e3e                atof
 .text.avr-libc
                0x00003e46      0x29c c:/program files (x86)/atmel/studio/7.0/toolchain/avr8/avr8-gnu-toolchain/bin/../lib/gcc/avr/5.4.0/../../../../avr/lib/avr5\libc.a(strtod.o)
                0x00003e46                strtod
 .text.avr-libc
                0x000040e2       0x12 c:/program files (x86)/atmel/studio/7.0/toolchain/avr8/avr8-gnu-toolchain/bin/../lib/gcc/avr/5.4.0/../../../../avr/lib/avr5\libc.a(isspace.o)
                0x000040e2                isspace
 .text.avr-libc
                0x000040f4       0x30 c:/program files (x86)/atmel/studio/7.0/toolchain/avr8/avr8-gnu-toolchain/bin/../lib/gcc/avr/5.4.0/../../../../avr/lib/avr5\libc.a(strncasecmp_P.o)
                0x000040f4                strncasecmp_P
 .text.avr-libc
                0x00004124        0x6 c:/program files (x86)/atmel/studio/7.0/toolchain/avr8/avr8-gnu-toolchain/bin/../lib/gcc/avr/5.4.0/../../../../avr/lib/avr5\libc.a(cty_isfalse.o)
                0x00004124                __ctype_isfalse
                0x00004128                __ctype_istrue
 .text.avr-libc
                0x0000412a       0x10 C:/Program Files (x86)/Atmel/Studio/7.0/Packs/atmel/ATmega_DFP/1.2.150/gcc/dev/atmega328p/avr5\libatmega328p.a(eerd_byte.o)
                0x0000412a                eeprom_read_byte
 .text.avr-libc
                0x0000413a       0x1c C:/Program Files (x86)/Atmel/Studio/7.0/Packs/atmel/ATmega_DFP/1.2.150/gcc/dev/atmega328p/avr5\libatmega328p.a(eewr_byte.o)
                0x0000413a                eeprom_write_byte
                0x0000413c                eeprom_write_r18
 .text.libgcc.prologue
                0x00004156       0x38 c:/program files (x86)/atmel/studio/7.0/toolchain/avr8/avr8-gnu-toolchain/bin/../lib/gcc/avr/5.4.0/avr5\libgcc.a(_prologue.o)
                0x00004156                __prologue_saves__
 .text.libgcc.prologue
                0x0000418e       0x36 c:/program files (x86)/atmel/studio/7.0/toolchain/avr8/avr8-gnu-toolchain/bin/../lib/gcc/avr/5.4.0/avr5\libgcc.a(_epilogue.o)
                0x0000418e                __epilogue_restores__
                0x000041c4                . = ALIGN (0x2)
 *(.fini9)
 .fini9         0x000041c4        0x0 c:/program files (x86)/atmel/studio/7.0/toolchain/avr8/avr8-gnu-toolchain/bin/../lib/gcc/avr/5.4.0/avr5\libgcc.a(_exit.o)
                0x000041c4                _exit
                0x000041c4                exit
 *(.fini9)
 *(.fini8)
 *(.fini8)
 *(.fini7)
 *(.fini7)
 *(.fini6)
 *(.fini6)
 *(.fini5)
 *(.fini5)
 *(.fini4)
 *(.fini4)
 *(.fini3)
 *(.fini3)
 *(.fini2)
 *(.fini2)
 *(.fini1)
 *(.fini1)
 *(.fini0)
 .fini0         0x000041c4        0x4 c:/program files (x86)/atmel/studio/7.0/toolchain/avr8/avr8-gnu-toolchain/bin/../lib/gcc/avr/5.4.0/avr5\libgcc.a(_exit.o)
 *(.fini0)
                0x000041c8                _etext = .

.data           0x00800100       0xd0 load address 0x000041c8
                0x00800100                PROVIDE (__data_start, .)
 *(.data)
 .data          0x00800100        0x6 c:/program files (x86)/atmel/studio/7.0/toolchain/avr8/avr8-gnu-toolchain/bin/../lib/gcc/avr/5.4.0/../../../../avr/lib/avr5\libc.a(malloc.o)
                0x00800100                __malloc_heap_end
                0x00800102                __malloc_heap_start
                0x00800104                __malloc_margin
 *(.data*)
 .data._ZZ17Serial_PrintStatsvE5old_i
                0x00800106        0x1 Sketch.o
 .data._ZZ17Serial_PrintStatsvE1i
                0x00800107        0x1 Sketch.o
 .data.PrintCycleTimeStats
                0x00800108        0x1 Sketch.o
                0x00800108                PrintCycleTimeStats
 .data.PrintP3CfgValues
                0x00800109        0x1 Sketch.o
                0x00800109                PrintP3CfgValues
 .data.PrintP2CfgValues
                0x0080010a        0x1 Sketch.o
                0x0080010a                PrintP2CfgValues
 .data.PrintP1CfgValues
                0x0080010b        0x1 Sketch.o
                0x0080010b                PrintP1CfgValues
 .data.PrintPidCfgValues
                0x0080010c        0x1 Sketch.o
                0x0080010c                PrintPidCfgValues
 .data.ConnectGiroToMot
                0x0080010d        0x1 Sketch.o
                0x0080010d                ConnectGiroToMot
 .data._ZN6I2Cdev11readTimeoutE
                0x0080010e        0x2 src/libraries/I2Cdev/I2Cdev.o
                0x0080010e                _ZN6I2Cdev11readTimeoutE
 *(.gnu.linkonce.d*)
 *(.rodata)
 *(.rodata*)
 .rodata.str1.1
                0x00800110       0x8d Sketch.o
 .rodata._ZTV7TwoWire
                0x0080019d       0x12 src/libraries/Wire/src/Wire.o
                0x0080019d                _ZTV7TwoWire
 .rodata._ZTV14HardwareSerial
                0x008001af       0x12 D:\qtstuff\Arduino2Wheeler\ArduGirobot_AtmelStudio\ArduGirobot_AtmelStudio\ArduinoCore\Debug\libArduinoCore.a(HardwareSerial.o)
                0x008001af                _ZTV14HardwareSerial
 .rodata.str1.1
                0x008001c1        0xf D:\qtstuff\Arduino2Wheeler\ArduGirobot_AtmelStudio\ArduGirobot_AtmelStudio\ArduinoCore\Debug\libArduinoCore.a(Print.o)
 *(.gnu.linkonce.r*)
                0x008001d0                . = ALIGN (0x2)
                0x008001d0                _edata = .
                0x008001d0                PROVIDE (__data_end, .)

.bss            0x008001d0      0x22b
                0x008001d0                PROVIDE (__bss_start, .)
 *(.bss)
 *(.bss*)
 .bss._ZZ13Giro_ReadDatavE13Giro_prevTime
                0x008001d0        0x4 Sketch.o
 .bss._ZZ19UpdateEncoderValuesvE16previousMilliEnc
                0x008001d4        0x4 Sketch.o
 .bss._ZZ9SerialComvE22previousMilliSerialLog
                0x008001d8        0x4 Sketch.o
 .bss._ZZ18Serial_LookForDatavE3ndx
                0x008001dc        0x1 Sketch.o
 .bss.Ser_NewData
                0x008001dd        0x1 Sketch.o
                0x008001dd                Ser_NewData
 .bss.Ser_Buffer
                0x008001de       0x40 Sketch.o
                0x008001de                Ser_Buffer
 .bss.Giro_Pid  0x0080021e        0x2 Sketch.o
                0x0080021e                Giro_Pid
 .bss.Mot1_Pid  0x00800220        0x2 Sketch.o
                0x00800220                Mot1_Pid
 .bss.Mot0_Pid  0x00800222        0x2 Sketch.o
                0x00800222                Mot0_Pid
 .bss.Giro_PidCtl
                0x00800224        0x2 Sketch.o
                0x00800224                Giro_PidCtl
 .bss.Mot1_PidCtl
                0x00800226        0x2 Sketch.o
                0x00800226                Mot1_PidCtl
 .bss.Mot0_PidCtl
                0x00800228        0x2 Sketch.o
                0x00800228                Mot0_PidCtl
 .bss.inEquilibrum
                0x0080022a        0x1 Sketch.o
                0x0080022a                inEquilibrum
 .bss.getUp     0x0080022b        0x1 Sketch.o
                0x0080022b                getUp
 .bss.running   0x0080022c        0x1 Sketch.o
                0x0080022c                running
 .bss.Giro_PrevAngle
                0x0080022d        0x4 Sketch.o
                0x0080022d                Giro_PrevAngle
 .bss.Giro_FilteredAngle
                0x00800231        0x4 Sketch.o
                0x00800231                Giro_FilteredAngle
 .bss.Giro_Angle
                0x00800235        0x4 Sketch.o
                0x00800235                Giro_Angle
 .bss.Giro_AccAngle
                0x00800239        0x4 Sketch.o
                0x00800239                Giro_AccAngle
 .bss.Giro_Rate
                0x0080023d        0x2 Sketch.o
                0x0080023d                Giro_Rate
 .bss.Giro_RotX
                0x0080023f        0x2 Sketch.o
                0x0080023f                Giro_RotX
 .bss.Giro_AccZ
                0x00800241        0x2 Sketch.o
                0x00800241                Giro_AccZ
 .bss.Giro_AccY
                0x00800243        0x2 Sketch.o
                0x00800243                Giro_AccY
 .bss.mpu       0x00800245        0xf Sketch.o
                0x00800245                mpu
 .bss.serialLoopTime
                0x00800254        0x4 Sketch.o
                0x00800254                serialLoopTime
 .bss.normalLoopTime
                0x00800258        0x4 Sketch.o
                0x00800258                normalLoopTime
 .bss.sonar     0x0080025c       0x12 Sketch.o
                0x0080025c                sonar
 .bss.intFunc   0x0080026e        0x2 src/libraries/NewPing/NewPing.o
                0x0080026e                intFunc
 .bss.twi_error
                0x00800270        0x1 src/libraries/Wire/src/utility/twi.o
 .bss.twi_rxBufferIndex
                0x00800271        0x1 src/libraries/Wire/src/utility/twi.o
 .bss.twi_rxBuffer
                0x00800272       0x20 src/libraries/Wire/src/utility/twi.o
 .bss.twi_txBufferLength
                0x00800292        0x1 src/libraries/Wire/src/utility/twi.o
 .bss.twi_txBufferIndex
                0x00800293        0x1 src/libraries/Wire/src/utility/twi.o
 .bss.twi_txBuffer
                0x00800294       0x20 src/libraries/Wire/src/utility/twi.o
 .bss.twi_masterBufferLength
                0x008002b4        0x1 src/libraries/Wire/src/utility/twi.o
 .bss.twi_masterBufferIndex
                0x008002b5        0x1 src/libraries/Wire/src/utility/twi.o
 .bss.twi_masterBuffer
                0x008002b6       0x20 src/libraries/Wire/src/utility/twi.o
 .bss.twi_onSlaveReceive
                0x008002d6        0x2 src/libraries/Wire/src/utility/twi.o
 .bss.twi_onSlaveTransmit
                0x008002d8        0x2 src/libraries/Wire/src/utility/twi.o
 .bss.twi_inRepStart
                0x008002da        0x1 src/libraries/Wire/src/utility/twi.o
 .bss.twi_sendStop
                0x008002db        0x1 src/libraries/Wire/src/utility/twi.o
 .bss.twi_slarw
                0x008002dc        0x1 src/libraries/Wire/src/utility/twi.o
 .bss.twi_state
                0x008002dd        0x1 src/libraries/Wire/src/utility/twi.o
 .bss.Wire      0x008002de        0xc src/libraries/Wire/src/Wire.o
                0x008002de                Wire
 .bss._ZN7TwoWire12transmittingE
                0x008002ea        0x1 src/libraries/Wire/src/Wire.o
                0x008002ea                _ZN7TwoWire12transmittingE
 .bss._ZN7TwoWire14txBufferLengthE
                0x008002eb        0x1 src/libraries/Wire/src/Wire.o
                0x008002eb                _ZN7TwoWire14txBufferLengthE
 .bss._ZN7TwoWire13txBufferIndexE
                0x008002ec        0x1 src/libraries/Wire/src/Wire.o
                0x008002ec                _ZN7TwoWire13txBufferIndexE
 .bss._ZN7TwoWire8txBufferE
                0x008002ed       0x20 src/libraries/Wire/src/Wire.o
                0x008002ed                _ZN7TwoWire8txBufferE
 .bss._ZN7TwoWire9txAddressE
                0x0080030d        0x1 src/libraries/Wire/src/Wire.o
                0x0080030d                _ZN7TwoWire9txAddressE
 .bss._ZN7TwoWire14rxBufferLengthE
                0x0080030e        0x1 src/libraries/Wire/src/Wire.o
                0x0080030e                _ZN7TwoWire14rxBufferLengthE
 .bss._ZN7TwoWire13rxBufferIndexE
                0x0080030f        0x1 src/libraries/Wire/src/Wire.o
                0x0080030f                _ZN7TwoWire13rxBufferIndexE
 .bss._ZN7TwoWire8rxBufferE
                0x00800310       0x20 src/libraries/Wire/src/Wire.o
                0x00800310                _ZN7TwoWire8rxBufferE
 .bss.accelgyro
                0x00800330        0xf src/MPU6050Calib.o
                0x00800330                accelgyro
 .bss.Mot0_tmpState
                0x0080033f        0x1 src/my_libs/ENC_lib.o
                0x0080033f                Mot0_tmpState
 .bss.Mot0_p2Val
                0x00800340        0x1 src/my_libs/ENC_lib.o
                0x00800340                Mot0_p2Val
 .bss.Mot0_p1Val
                0x00800341        0x1 src/my_libs/ENC_lib.o
                0x00800341                Mot0_p1Val
 .bss.Mot0_state
                0x00800342        0x1 src/my_libs/ENC_lib.o
                0x00800342                Mot0_state
 .bss.Mot1_tmpState
                0x00800343        0x1 src/my_libs/ENC_lib.o
                0x00800343                Mot1_tmpState
 .bss.Mot1_p2Val
                0x00800344        0x1 src/my_libs/ENC_lib.o
                0x00800344                Mot1_p2Val
 .bss.Mot1_p1Val
                0x00800345        0x1 src/my_libs/ENC_lib.o
                0x00800345                Mot1_p1Val
 .bss.Mot1_state
                0x00800346        0x1 src/my_libs/ENC_lib.o
                0x00800346                Mot1_state
 .bss.Mot1_Enc  0x00800347        0x4 src/my_libs/ENC_lib.o
                0x00800347                Mot1_Enc
 .bss.Mot0_Enc  0x0080034b        0x4 src/my_libs/ENC_lib.o
                0x0080034b                Mot0_Enc
 .bss.Serial    0x0080034f       0x9d D:\qtstuff\Arduino2Wheeler\ArduGirobot_AtmelStudio\ArduGirobot_AtmelStudio\ArduinoCore\Debug\libArduinoCore.a(HardwareSerial0.o)
                0x0080034f                Serial
 .bss.timer0_fract
                0x008003ec        0x1 D:\qtstuff\Arduino2Wheeler\ArduGirobot_AtmelStudio\ArduGirobot_AtmelStudio\ArduinoCore\Debug\libArduinoCore.a(wiring.o)
 .bss.timer0_millis
                0x008003ed        0x4 D:\qtstuff\Arduino2Wheeler\ArduGirobot_AtmelStudio\ArduGirobot_AtmelStudio\ArduinoCore\Debug\libArduinoCore.a(wiring.o)
                0x008003ed                timer0_millis
 .bss.timer0_overflow_count
                0x008003f1        0x4 D:\qtstuff\Arduino2Wheeler\ArduGirobot_AtmelStudio\ArduGirobot_AtmelStudio\ArduinoCore\Debug\libArduinoCore.a(wiring.o)
                0x008003f1                timer0_overflow_count
 *(COMMON)
 COMMON         0x008003f5        0x4 c:/program files (x86)/atmel/studio/7.0/toolchain/avr8/avr8-gnu-toolchain/bin/../lib/gcc/avr/5.4.0/../../../../avr/lib/avr5\libc.a(malloc.o)
                0x008003f5                __brkval
                0x008003f7                __flp
 COMMON         0x008003f9        0x2 c:/program files (x86)/atmel/studio/7.0/toolchain/avr8/avr8-gnu-toolchain/bin/../lib/gcc/avr/5.4.0/../../../../avr/lib/avr5\libc.a(errno.o)
                0x008003f9                errno
                0x008003fb                PROVIDE (__bss_end, .)
                0x000041c8                __data_load_start = LOADADDR (.data)
                0x00004298                __data_load_end = (__data_load_start + SIZEOF (.data))

.noinit         0x008003fb        0x0
                [!provide]                PROVIDE (__noinit_start, .)
 *(.noinit*)
                [!provide]                PROVIDE (__noinit_end, .)
                0x008003fb                _end = .
                0x008003fb                PROVIDE (__heap_start, .)

.eeprom         0x00810000        0x0
 *(.eeprom*)
                0x00810000                __eeprom_end = .

.fuse
 *(.fuse)
 *(.lfuse)
 *(.hfuse)
 *(.efuse)

.lock
 *(.lock*)

.signature
 *(.signature*)

.user_signatures
 *(.user_signatures*)

.stab
 *(.stab)

.stabstr
 *(.stabstr)

.stab.excl
 *(.stab.excl)

.stab.exclstr
 *(.stab.exclstr)

.stab.index
 *(.stab.index)

.stab.indexstr
 *(.stab.indexstr)

.comment        0x00000000       0x5c
 *(.comment)
 .comment       0x00000000       0x30 Sketch.o
                                 0x31 (size before relaxing)
 .comment       0x00000030       0x31 src/libraries/Arduino-PID-Library-master/PID_v1.o
 .comment       0x00000030       0x31 src/libraries/I2Cdev/I2Cdev.o
 .comment       0x00000030       0x31 src/libraries/MPU6050/MPU6050.o
 .comment       0x00000030       0x31 src/libraries/NewPing/NewPing.o
 .comment       0x00000030       0x31 src/libraries/Wire/src/utility/twi.o
 .comment       0x00000030       0x31 src/libraries/Wire/src/Wire.o
 .comment       0x00000030       0x31 src/MPU6050Calib.o
 .comment       0x00000030       0x31 src/my_libs/ENC_lib.o
 .comment       0x00000030       0x31 src/my_libs/MOT_lib.o
 .comment       0x00000030       0x31 src/my_libs/pwm_basic.o
 .comment       0x00000030       0x31 D:\qtstuff\Arduino2Wheeler\ArduGirobot_AtmelStudio\ArduGirobot_AtmelStudio\ArduinoCore\Debug\libArduinoCore.a(HardwareSerial.o)
 .comment       0x00000030       0x31 D:\qtstuff\Arduino2Wheeler\ArduGirobot_AtmelStudio\ArduGirobot_AtmelStudio\ArduinoCore\Debug\libArduinoCore.a(HardwareSerial0.o)
 .comment       0x00000030       0x31 D:\qtstuff\Arduino2Wheeler\ArduGirobot_AtmelStudio\ArduGirobot_AtmelStudio\ArduinoCore\Debug\libArduinoCore.a(main.o)
 .comment       0x00000030       0x31 D:\qtstuff\Arduino2Wheeler\ArduGirobot_AtmelStudio\ArduGirobot_AtmelStudio\ArduinoCore\Debug\libArduinoCore.a(new.o)
 .comment       0x00000030       0x31 D:\qtstuff\Arduino2Wheeler\ArduGirobot_AtmelStudio\ArduGirobot_AtmelStudio\ArduinoCore\Debug\libArduinoCore.a(Print.o)
 .comment       0x00000030       0x31 D:\qtstuff\Arduino2Wheeler\ArduGirobot_AtmelStudio\ArduGirobot_AtmelStudio\ArduinoCore\Debug\libArduinoCore.a(wiring.o)
 .comment       0x00000030       0x31 D:\qtstuff\Arduino2Wheeler\ArduGirobot_AtmelStudio\ArduGirobot_AtmelStudio\ArduinoCore\Debug\libArduinoCore.a(wiring_digital.o)
 .comment       0x00000030       0x31 D:\qtstuff\Arduino2Wheeler\ArduGirobot_AtmelStudio\ArduGirobot_AtmelStudio\ArduinoCore\Debug\libArduinoCore.a(WMath.o)
 .comment       0x00000030       0x31 c:/program files (x86)/atmel/studio/7.0/toolchain/avr8/avr8-gnu-toolchain/bin/../lib/gcc/avr/5.4.0/../../../../avr/lib/avr5\libc.a(malloc.o)
 .comment       0x00000030       0x31 c:/program files (x86)/atmel/studio/7.0/toolchain/avr8/avr8-gnu-toolchain/bin/../lib/gcc/avr/5.4.0/../../../../avr/lib/avr5\libc.a(strtod.o)
 .comment       0x00000030       0x2c c:/program files (x86)/atmel/studio/7.0/toolchain/avr8/avr8-gnu-toolchain/bin/../lib/gcc/avr/5.4.0/../../../../avr/lib/avr5\libc.a(errno.o)
                                 0x2d (size before relaxing)

.note.gnu.avr.deviceinfo
                0x00000000       0x40
 .note.gnu.avr.deviceinfo
                0x00000000       0x40 C:/Program Files (x86)/Atmel/Studio/7.0/Packs/atmel/ATmega_DFP/1.2.150/gcc/dev/atmega328p/avr5/crtatmega328p.o

.note.gnu.build-id
 *(.note.gnu.build-id)

.debug
 *(.debug)

.line
 *(.line)

.debug_srcinfo
 *(.debug_srcinfo)

.debug_sfnames
 *(.debug_sfnames)

.debug_aranges  0x00000000     0x10e8
 *(.debug_aranges)
 .debug_aranges
                0x00000000       0xa8 Sketch.o
 .debug_aranges
                0x000000a8       0x90 src/libraries/Arduino-PID-Library-master/PID_v1.o
 .debug_aranges
                0x00000138       0xa0 src/libraries/I2Cdev/I2Cdev.o
 .debug_aranges
                0x000001d8      0x878 src/libraries/MPU6050/MPU6050.o
 .debug_aranges
                0x00000a50       0xa0 src/libraries/NewPing/NewPing.o
 .debug_aranges
                0x00000af0       0x80 src/libraries/Wire/src/utility/twi.o
 .debug_aranges
                0x00000b70       0xf8 src/libraries/Wire/src/Wire.o
 .debug_aranges
                0x00000c68       0x40 src/MPU6050Calib.o
 .debug_aranges
                0x00000ca8       0x30 src/my_libs/ENC_lib.o
 .debug_aranges
                0x00000cd8       0x60 src/my_libs/MOT_lib.o
 .debug_aranges
                0x00000d38       0xa0 src/my_libs/pwm_basic.o
 .debug_aranges
                0x00000dd8       0x68 D:\qtstuff\Arduino2Wheeler\ArduGirobot_AtmelStudio\ArduGirobot_AtmelStudio\ArduinoCore\Debug\libArduinoCore.a(HardwareSerial.o)
 .debug_aranges
                0x00000e40       0x48 D:\qtstuff\Arduino2Wheeler\ArduGirobot_AtmelStudio\ArduGirobot_AtmelStudio\ArduinoCore\Debug\libArduinoCore.a(HardwareSerial0.o)
 .debug_aranges
                0x00000e88       0x30 D:\qtstuff\Arduino2Wheeler\ArduGirobot_AtmelStudio\ArduGirobot_AtmelStudio\ArduinoCore\Debug\libArduinoCore.a(main.o)
 .debug_aranges
                0x00000eb8       0x28 D:\qtstuff\Arduino2Wheeler\ArduGirobot_AtmelStudio\ArduGirobot_AtmelStudio\ArduinoCore\Debug\libArduinoCore.a(new.o)
 .debug_aranges
                0x00000ee0      0x100 D:\qtstuff\Arduino2Wheeler\ArduGirobot_AtmelStudio\ArduGirobot_AtmelStudio\ArduinoCore\Debug\libArduinoCore.a(Print.o)
 .debug_aranges
                0x00000fe0       0x48 D:\qtstuff\Arduino2Wheeler\ArduGirobot_AtmelStudio\ArduGirobot_AtmelStudio\ArduinoCore\Debug\libArduinoCore.a(wiring.o)
 .debug_aranges
                0x00001028       0x38 D:\qtstuff\Arduino2Wheeler\ArduGirobot_AtmelStudio\ArduGirobot_AtmelStudio\ArduinoCore\Debug\libArduinoCore.a(wiring_digital.o)
 .debug_aranges
                0x00001060       0x48 D:\qtstuff\Arduino2Wheeler\ArduGirobot_AtmelStudio\ArduGirobot_AtmelStudio\ArduinoCore\Debug\libArduinoCore.a(WMath.o)
 .debug_aranges
                0x000010a8       0x20 C:/Program Files (x86)/Atmel/Studio/7.0/Packs/atmel/ATmega_DFP/1.2.150/gcc/dev/atmega328p/avr5\libatmega328p.a(eerd_byte.o)
 .debug_aranges
                0x000010c8       0x20 C:/Program Files (x86)/Atmel/Studio/7.0/Packs/atmel/ATmega_DFP/1.2.150/gcc/dev/atmega328p/avr5\libatmega328p.a(eewr_byte.o)

.debug_pubnames
 *(.debug_pubnames)

.debug_info     0x00000000    0x1e699
 *(.debug_info .gnu.linkonce.wi.*)
 .debug_info    0x00000000      0x5f4 C:/Program Files (x86)/Atmel/Studio/7.0/Packs/atmel/ATmega_DFP/1.2.150/gcc/dev/atmega328p/avr5/crtatmega328p.o
 .debug_info    0x000005f4     0x4bba Sketch.o
 .debug_info    0x000051ae      0xc5a src/libraries/Arduino-PID-Library-master/PID_v1.o
 .debug_info    0x00005e08     0x1198 src/libraries/I2Cdev/I2Cdev.o
 .debug_info    0x00006fa0     0x8c79 src/libraries/MPU6050/MPU6050.o
 .debug_info    0x0000fc19      0xd03 src/libraries/NewPing/NewPing.o
 .debug_info    0x0001091c      0x604 src/libraries/Wire/src/utility/twi.o
 .debug_info    0x00010f20     0x27b4 src/libraries/Wire/src/Wire.o
 .debug_info    0x000136d4     0x3191 src/MPU6050Calib.o
 .debug_info    0x00016865      0x2ec src/my_libs/ENC_lib.o
 .debug_info    0x00016b51      0x5e6 src/my_libs/MOT_lib.o
 .debug_info    0x00017137      0x320 src/my_libs/pwm_basic.o
 .debug_info    0x00017457     0x1e89 D:\qtstuff\Arduino2Wheeler\ArduGirobot_AtmelStudio\ArduGirobot_AtmelStudio\ArduinoCore\Debug\libArduinoCore.a(HardwareSerial.o)
 .debug_info    0x000192e0     0x1b16 D:\qtstuff\Arduino2Wheeler\ArduGirobot_AtmelStudio\ArduGirobot_AtmelStudio\ArduinoCore\Debug\libArduinoCore.a(HardwareSerial0.o)
 .debug_info    0x0001adf6      0x237 D:\qtstuff\Arduino2Wheeler\ArduGirobot_AtmelStudio\ArduGirobot_AtmelStudio\ArduinoCore\Debug\libArduinoCore.a(main.o)
 .debug_info    0x0001b02d      0x11c D:\qtstuff\Arduino2Wheeler\ArduGirobot_AtmelStudio\ArduGirobot_AtmelStudio\ArduinoCore\Debug\libArduinoCore.a(new.o)
 .debug_info    0x0001b149     0x28ff D:\qtstuff\Arduino2Wheeler\ArduGirobot_AtmelStudio\ArduGirobot_AtmelStudio\ArduinoCore\Debug\libArduinoCore.a(Print.o)
 .debug_info    0x0001da48      0x2cb D:\qtstuff\Arduino2Wheeler\ArduGirobot_AtmelStudio\ArduGirobot_AtmelStudio\ArduinoCore\Debug\libArduinoCore.a(wiring.o)
 .debug_info    0x0001dd13      0x5fe D:\qtstuff\Arduino2Wheeler\ArduGirobot_AtmelStudio\ArduGirobot_AtmelStudio\ArduinoCore\Debug\libArduinoCore.a(wiring_digital.o)
 .debug_info    0x0001e311      0x230 D:\qtstuff\Arduino2Wheeler\ArduGirobot_AtmelStudio\ArduGirobot_AtmelStudio\ArduinoCore\Debug\libArduinoCore.a(WMath.o)
 .debug_info    0x0001e541       0xac C:/Program Files (x86)/Atmel/Studio/7.0/Packs/atmel/ATmega_DFP/1.2.150/gcc/dev/atmega328p/avr5\libatmega328p.a(eerd_byte.o)
 .debug_info    0x0001e5ed       0xac C:/Program Files (x86)/Atmel/Studio/7.0/Packs/atmel/ATmega_DFP/1.2.150/gcc/dev/atmega328p/avr5\libatmega328p.a(eewr_byte.o)

.debug_abbrev   0x00000000     0x390f
 *(.debug_abbrev)
 .debug_abbrev  0x00000000      0x5a2 C:/Program Files (x86)/Atmel/Studio/7.0/Packs/atmel/ATmega_DFP/1.2.150/gcc/dev/atmega328p/avr5/crtatmega328p.o
 .debug_abbrev  0x000005a2      0x670 Sketch.o
 .debug_abbrev  0x00000c12      0x2d2 src/libraries/Arduino-PID-Library-master/PID_v1.o
 .debug_abbrev  0x00000ee4      0x2d3 src/libraries/I2Cdev/I2Cdev.o
 .debug_abbrev  0x000011b7      0x2f5 src/libraries/MPU6050/MPU6050.o
 .debug_abbrev  0x000014ac      0x3b7 src/libraries/NewPing/NewPing.o
 .debug_abbrev  0x00001863      0x260 src/libraries/Wire/src/utility/twi.o
 .debug_abbrev  0x00001ac3      0x581 src/libraries/Wire/src/Wire.o
 .debug_abbrev  0x00002044      0x2df src/MPU6050Calib.o
 .debug_abbrev  0x00002323       0xf7 src/my_libs/ENC_lib.o
 .debug_abbrev  0x0000241a      0x1b6 src/my_libs/MOT_lib.o
 .debug_abbrev  0x000025d0       0xd6 src/my_libs/pwm_basic.o
 .debug_abbrev  0x000026a6      0x432 D:\qtstuff\Arduino2Wheeler\ArduGirobot_AtmelStudio\ArduGirobot_AtmelStudio\ArduinoCore\Debug\libArduinoCore.a(HardwareSerial.o)
 .debug_abbrev  0x00002ad8      0x3ce D:\qtstuff\Arduino2Wheeler\ArduGirobot_AtmelStudio\ArduGirobot_AtmelStudio\ArduinoCore\Debug\libArduinoCore.a(HardwareSerial0.o)
 .debug_abbrev  0x00002ea6      0x12d D:\qtstuff\Arduino2Wheeler\ArduGirobot_AtmelStudio\ArduGirobot_AtmelStudio\ArduinoCore\Debug\libArduinoCore.a(main.o)
 .debug_abbrev  0x00002fd3       0xce D:\qtstuff\Arduino2Wheeler\ArduGirobot_AtmelStudio\ArduGirobot_AtmelStudio\ArduinoCore\Debug\libArduinoCore.a(new.o)
 .debug_abbrev  0x000030a1      0x47a D:\qtstuff\Arduino2Wheeler\ArduGirobot_AtmelStudio\ArduGirobot_AtmelStudio\ArduinoCore\Debug\libArduinoCore.a(Print.o)
 .debug_abbrev  0x0000351b      0x146 D:\qtstuff\Arduino2Wheeler\ArduGirobot_AtmelStudio\ArduGirobot_AtmelStudio\ArduinoCore\Debug\libArduinoCore.a(wiring.o)
 .debug_abbrev  0x00003661      0x15b D:\qtstuff\Arduino2Wheeler\ArduGirobot_AtmelStudio\ArduGirobot_AtmelStudio\ArduinoCore\Debug\libArduinoCore.a(wiring_digital.o)
 .debug_abbrev  0x000037bc      0x12b D:\qtstuff\Arduino2Wheeler\ArduGirobot_AtmelStudio\ArduGirobot_AtmelStudio\ArduinoCore\Debug\libArduinoCore.a(WMath.o)
 .debug_abbrev  0x000038e7       0x14 C:/Program Files (x86)/Atmel/Studio/7.0/Packs/atmel/ATmega_DFP/1.2.150/gcc/dev/atmega328p/avr5\libatmega328p.a(eerd_byte.o)
 .debug_abbrev  0x000038fb       0x14 C:/Program Files (x86)/Atmel/Studio/7.0/Packs/atmel/ATmega_DFP/1.2.150/gcc/dev/atmega328p/avr5\libatmega328p.a(eewr_byte.o)

.debug_line     0x00000000     0x7224
 *(.debug_line .debug_line.* .debug_line_end)
 .debug_line    0x00000000      0x133 C:/Program Files (x86)/Atmel/Studio/7.0/Packs/atmel/ATmega_DFP/1.2.150/gcc/dev/atmega328p/avr5/crtatmega328p.o
 .debug_line    0x00000133      0xc63 Sketch.o
 .debug_line    0x00000d96      0x4d5 src/libraries/Arduino-PID-Library-master/PID_v1.o
 .debug_line    0x0000126b      0x683 src/libraries/I2Cdev/I2Cdev.o
 .debug_line    0x000018ee     0x23f7 src/libraries/MPU6050/MPU6050.o
 .debug_line    0x00003ce5      0x4d8 src/libraries/NewPing/NewPing.o
 .debug_line    0x000041bd      0x52e src/libraries/Wire/src/utility/twi.o
 .debug_line    0x000046eb      0x608 src/libraries/Wire/src/Wire.o
 .debug_line    0x00004cf3      0x5a6 src/MPU6050Calib.o
 .debug_line    0x00005299      0x23d src/my_libs/ENC_lib.o
 .debug_line    0x000054d6      0x2f4 src/my_libs/MOT_lib.o
 .debug_line    0x000057ca      0x2d1 src/my_libs/pwm_basic.o
 .debug_line    0x00005a9b      0x43b D:\qtstuff\Arduino2Wheeler\ArduGirobot_AtmelStudio\ArduGirobot_AtmelStudio\ArduinoCore\Debug\libArduinoCore.a(HardwareSerial.o)
 .debug_line    0x00005ed6      0x2a1 D:\qtstuff\Arduino2Wheeler\ArduGirobot_AtmelStudio\ArduGirobot_AtmelStudio\ArduinoCore\Debug\libArduinoCore.a(HardwareSerial0.o)
 .debug_line    0x00006177      0x17a D:\qtstuff\Arduino2Wheeler\ArduGirobot_AtmelStudio\ArduGirobot_AtmelStudio\ArduinoCore\Debug\libArduinoCore.a(main.o)
 .debug_line    0x000062f1      0x12f D:\qtstuff\Arduino2Wheeler\ArduGirobot_AtmelStudio\ArduGirobot_AtmelStudio\ArduinoCore\Debug\libArduinoCore.a(new.o)
 .debug_line    0x00006420      0x69a D:\qtstuff\Arduino2Wheeler\ArduGirobot_AtmelStudio\ArduGirobot_AtmelStudio\ArduinoCore\Debug\libArduinoCore.a(Print.o)
 .debug_line    0x00006aba      0x2a8 D:\qtstuff\Arduino2Wheeler\ArduGirobot_AtmelStudio\ArduGirobot_AtmelStudio\ArduinoCore\Debug\libArduinoCore.a(wiring.o)
 .debug_line    0x00006d62      0x267 D:\qtstuff\Arduino2Wheeler\ArduGirobot_AtmelStudio\ArduGirobot_AtmelStudio\ArduinoCore\Debug\libArduinoCore.a(wiring_digital.o)
 .debug_line    0x00006fc9      0x143 D:\qtstuff\Arduino2Wheeler\ArduGirobot_AtmelStudio\ArduGirobot_AtmelStudio\ArduinoCore\Debug\libArduinoCore.a(WMath.o)
 .debug_line    0x0000710c       0x7a C:/Program Files (x86)/Atmel/Studio/7.0/Packs/atmel/ATmega_DFP/1.2.150/gcc/dev/atmega328p/avr5\libatmega328p.a(eerd_byte.o)
 .debug_line    0x00007186       0x9e C:/Program Files (x86)/Atmel/Studio/7.0/Packs/atmel/ATmega_DFP/1.2.150/gcc/dev/atmega328p/avr5\libatmega328p.a(eewr_byte.o)

.debug_frame    0x00000000     0x3b70
 *(.debug_frame)
 .debug_frame   0x00000000      0x3a0 Sketch.o
 .debug_frame   0x000003a0      0x364 src/libraries/Arduino-PID-Library-master/PID_v1.o
 .debug_frame   0x00000704      0x3bc src/libraries/I2Cdev/I2Cdev.o
 .debug_frame   0x00000ac0     0x1eac src/libraries/MPU6050/MPU6050.o
 .debug_frame   0x0000296c      0x244 src/libraries/NewPing/NewPing.o
 .debug_frame   0x00002bb0      0x134 src/libraries/Wire/src/utility/twi.o
 .debug_frame   0x00002ce4      0x284 src/libraries/Wire/src/Wire.o
 .debug_frame   0x00002f68       0xc8 src/MPU6050Calib.o
 .debug_frame   0x00003030       0xa4 src/my_libs/ENC_lib.o
 .debug_frame   0x000030d4       0xd0 src/my_libs/MOT_lib.o
 .debug_frame   0x000031a4      0x154 src/my_libs/pwm_basic.o
 .debug_frame   0x000032f8      0x110 D:\qtstuff\Arduino2Wheeler\ArduGirobot_AtmelStudio\ArduGirobot_AtmelStudio\ArduinoCore\Debug\libArduinoCore.a(HardwareSerial.o)
 .debug_frame   0x00003408       0xe0 D:\qtstuff\Arduino2Wheeler\ArduGirobot_AtmelStudio\ArduGirobot_AtmelStudio\ArduinoCore\Debug\libArduinoCore.a(HardwareSerial0.o)
 .debug_frame   0x000034e8       0x54 D:\qtstuff\Arduino2Wheeler\ArduGirobot_AtmelStudio\ArduGirobot_AtmelStudio\ArduinoCore\Debug\libArduinoCore.a(main.o)
 .debug_frame   0x0000353c       0x54 D:\qtstuff\Arduino2Wheeler\ArduGirobot_AtmelStudio\ArduGirobot_AtmelStudio\ArduinoCore\Debug\libArduinoCore.a(new.o)
 .debug_frame   0x00003590      0x3ac D:\qtstuff\Arduino2Wheeler\ArduGirobot_AtmelStudio\ArduGirobot_AtmelStudio\ArduinoCore\Debug\libArduinoCore.a(Print.o)
 .debug_frame   0x0000393c       0xc4 D:\qtstuff\Arduino2Wheeler\ArduGirobot_AtmelStudio\ArduGirobot_AtmelStudio\ArduinoCore\Debug\libArduinoCore.a(wiring.o)
 .debug_frame   0x00003a00       0x7c D:\qtstuff\Arduino2Wheeler\ArduGirobot_AtmelStudio\ArduGirobot_AtmelStudio\ArduinoCore\Debug\libArduinoCore.a(wiring_digital.o)
 .debug_frame   0x00003a7c       0xf4 D:\qtstuff\Arduino2Wheeler\ArduGirobot_AtmelStudio\ArduGirobot_AtmelStudio\ArduinoCore\Debug\libArduinoCore.a(WMath.o)

.debug_str      0x00000000     0x785f
 *(.debug_str)
 .debug_str     0x00000000      0x208 C:/Program Files (x86)/Atmel/Studio/7.0/Packs/atmel/ATmega_DFP/1.2.150/gcc/dev/atmega328p/avr5/crtatmega328p.o
 .debug_str     0x00000208     0x4bc0 Sketch.o
                               0x4cc2 (size before relaxing)
 .debug_str     0x00004dc8       0xb1 src/libraries/Arduino-PID-Library-master/PID_v1.o
                                0x5a2 (size before relaxing)
 .debug_str     0x00004e79      0x3ac src/libraries/I2Cdev/I2Cdev.o
                                0x684 (size before relaxing)
 .debug_str     0x00005225      0x165 src/libraries/MPU6050/MPU6050.o
                               0x3fc4 (size before relaxing)
 .debug_str     0x0000538a      0x128 src/libraries/NewPing/NewPing.o
                                0x6ce (size before relaxing)
 .debug_str     0x000054b2      0x2be src/libraries/Wire/src/utility/twi.o
                                0x3d6 (size before relaxing)
 .debug_str     0x00005770     0x1389 src/libraries/Wire/src/Wire.o
                               0x18cd (size before relaxing)
 .debug_str     0x00006af9      0x1d3 src/MPU6050Calib.o
                               0x3f1c (size before relaxing)
 .debug_str     0x00006ccc       0xa9 src/my_libs/ENC_lib.o
                                0x323 (size before relaxing)
 .debug_str     0x00006d75      0x202 src/my_libs/MOT_lib.o
                                0x4b8 (size before relaxing)
 .debug_str     0x00006f77       0x8a src/my_libs/pwm_basic.o
                                0x37d (size before relaxing)
 .debug_str     0x00007001      0x33b D:\qtstuff\Arduino2Wheeler\ArduGirobot_AtmelStudio\ArduGirobot_AtmelStudio\ArduinoCore\Debug\libArduinoCore.a(HardwareSerial.o)
                               0x15f4 (size before relaxing)
 .debug_str     0x0000733c       0x47 D:\qtstuff\Arduino2Wheeler\ArduGirobot_AtmelStudio\ArduGirobot_AtmelStudio\ArduinoCore\Debug\libArduinoCore.a(HardwareSerial0.o)
                               0x1410 (size before relaxing)
 .debug_str     0x00007383       0x37 D:\qtstuff\Arduino2Wheeler\ArduGirobot_AtmelStudio\ArduGirobot_AtmelStudio\ArduinoCore\Debug\libArduinoCore.a(main.o)
                                0x2bc (size before relaxing)
 .debug_str     0x000073ba       0x44 D:\qtstuff\Arduino2Wheeler\ArduGirobot_AtmelStudio\ArduGirobot_AtmelStudio\ArduinoCore\Debug\libArduinoCore.a(new.o)
                                0x1d2 (size before relaxing)
 .debug_str     0x000073fe      0x2fd D:\qtstuff\Arduino2Wheeler\ArduGirobot_AtmelStudio\ArduGirobot_AtmelStudio\ArduinoCore\Debug\libArduinoCore.a(Print.o)
                               0x124a (size before relaxing)
 .debug_str     0x000076fb       0x66 D:\qtstuff\Arduino2Wheeler\ArduGirobot_AtmelStudio\ArduGirobot_AtmelStudio\ArduinoCore\Debug\libArduinoCore.a(wiring.o)
                                0x252 (size before relaxing)
 .debug_str     0x00007761       0x52 D:\qtstuff\Arduino2Wheeler\ArduGirobot_AtmelStudio\ArduGirobot_AtmelStudio\ArduinoCore\Debug\libArduinoCore.a(wiring_digital.o)
                                0x2b7 (size before relaxing)
 .debug_str     0x000077b3       0xac D:\qtstuff\Arduino2Wheeler\ArduGirobot_AtmelStudio\ArduGirobot_AtmelStudio\ArduinoCore\Debug\libArduinoCore.a(WMath.o)
                                0x255 (size before relaxing)

.debug_loc      0x00000000    0x1194a
 *(.debug_loc)
 .debug_loc     0x00000000      0xf86 Sketch.o
 .debug_loc     0x00000f86     0x109d src/libraries/Arduino-PID-Library-master/PID_v1.o
 .debug_loc     0x00002023     0x166b src/libraries/I2Cdev/I2Cdev.o
 .debug_loc     0x0000368e     0x906e src/libraries/MPU6050/MPU6050.o
 .debug_loc     0x0000c6fc      0xba0 src/libraries/NewPing/NewPing.o
 .debug_loc     0x0000d29c      0x3e6 src/libraries/Wire/src/utility/twi.o
 .debug_loc     0x0000d682      0xbfd src/libraries/Wire/src/Wire.o
 .debug_loc     0x0000e27f      0x36a src/MPU6050Calib.o
 .debug_loc     0x0000e5e9      0x114 src/my_libs/ENC_lib.o
 .debug_loc     0x0000e6fd      0x32f src/my_libs/MOT_lib.o
 .debug_loc     0x0000ea2c      0x482 D:\qtstuff\Arduino2Wheeler\ArduGirobot_AtmelStudio\ArduGirobot_AtmelStudio\ArduinoCore\Debug\libArduinoCore.a(HardwareSerial.o)
 .debug_loc     0x0000eeae      0x1b0 D:\qtstuff\Arduino2Wheeler\ArduGirobot_AtmelStudio\ArduGirobot_AtmelStudio\ArduinoCore\Debug\libArduinoCore.a(HardwareSerial0.o)
 .debug_loc     0x0000f05e       0x4c D:\qtstuff\Arduino2Wheeler\ArduGirobot_AtmelStudio\ArduGirobot_AtmelStudio\ArduinoCore\Debug\libArduinoCore.a(new.o)
 .debug_loc     0x0000f0aa     0x1c87 D:\qtstuff\Arduino2Wheeler\ArduGirobot_AtmelStudio\ArduGirobot_AtmelStudio\ArduinoCore\Debug\libArduinoCore.a(Print.o)
 .debug_loc     0x00010d31      0x247 D:\qtstuff\Arduino2Wheeler\ArduGirobot_AtmelStudio\ArduGirobot_AtmelStudio\ArduinoCore\Debug\libArduinoCore.a(wiring.o)
 .debug_loc     0x00010f78      0x5fc D:\qtstuff\Arduino2Wheeler\ArduGirobot_AtmelStudio\ArduGirobot_AtmelStudio\ArduinoCore\Debug\libArduinoCore.a(wiring_digital.o)
 .debug_loc     0x00011574      0x3d6 D:\qtstuff\Arduino2Wheeler\ArduGirobot_AtmelStudio\ArduGirobot_AtmelStudio\ArduinoCore\Debug\libArduinoCore.a(WMath.o)

.debug_macinfo
 *(.debug_macinfo)

.debug_weaknames
 *(.debug_weaknames)

.debug_funcnames
 *(.debug_funcnames)

.debug_typenames
 *(.debug_typenames)

.debug_varnames
 *(.debug_varnames)

.debug_pubtypes
 *(.debug_pubtypes)

.debug_ranges   0x00000000     0x1048
 *(.debug_ranges)
 .debug_ranges  0x00000000       0x98 Sketch.o
 .debug_ranges  0x00000098       0x80 src/libraries/Arduino-PID-Library-master/PID_v1.o
 .debug_ranges  0x00000118      0x100 src/libraries/I2Cdev/I2Cdev.o
 .debug_ranges  0x00000218      0x868 src/libraries/MPU6050/MPU6050.o
 .debug_ranges  0x00000a80       0x90 src/libraries/NewPing/NewPing.o
 .debug_ranges  0x00000b10       0x70 src/libraries/Wire/src/utility/twi.o
 .debug_ranges  0x00000b80       0xe8 src/libraries/Wire/src/Wire.o
 .debug_ranges  0x00000c68       0x48 src/MPU6050Calib.o
 .debug_ranges  0x00000cb0       0x20 src/my_libs/ENC_lib.o
 .debug_ranges  0x00000cd0       0x68 src/my_libs/MOT_lib.o
 .debug_ranges  0x00000d38       0x90 src/my_libs/pwm_basic.o
 .debug_ranges  0x00000dc8       0x58 D:\qtstuff\Arduino2Wheeler\ArduGirobot_AtmelStudio\ArduGirobot_AtmelStudio\ArduinoCore\Debug\libArduinoCore.a(HardwareSerial.o)
 .debug_ranges  0x00000e20       0x38 D:\qtstuff\Arduino2Wheeler\ArduGirobot_AtmelStudio\ArduGirobot_AtmelStudio\ArduinoCore\Debug\libArduinoCore.a(HardwareSerial0.o)
 .debug_ranges  0x00000e58       0x20 D:\qtstuff\Arduino2Wheeler\ArduGirobot_AtmelStudio\ArduGirobot_AtmelStudio\ArduinoCore\Debug\libArduinoCore.a(main.o)
 .debug_ranges  0x00000e78       0x18 D:\qtstuff\Arduino2Wheeler\ArduGirobot_AtmelStudio\ArduGirobot_AtmelStudio\ArduinoCore\Debug\libArduinoCore.a(new.o)
 .debug_ranges  0x00000e90      0x120 D:\qtstuff\Arduino2Wheeler\ArduGirobot_AtmelStudio\ArduGirobot_AtmelStudio\ArduinoCore\Debug\libArduinoCore.a(Print.o)
 .debug_ranges  0x00000fb0       0x38 D:\qtstuff\Arduino2Wheeler\ArduGirobot_AtmelStudio\ArduGirobot_AtmelStudio\ArduinoCore\Debug\libArduinoCore.a(wiring.o)
 .debug_ranges  0x00000fe8       0x28 D:\qtstuff\Arduino2Wheeler\ArduGirobot_AtmelStudio\ArduGirobot_AtmelStudio\ArduinoCore\Debug\libArduinoCore.a(wiring_digital.o)
 .debug_ranges  0x00001010       0x38 D:\qtstuff\Arduino2Wheeler\ArduGirobot_AtmelStudio\ArduGirobot_AtmelStudio\ArduinoCore\Debug\libArduinoCore.a(WMath.o)

.debug_macro
 *(.debug_macro)
OUTPUT(ArduGirobot.elf elf32-avr)
LOAD linker stubs
