Archive member included to satisfy reference by file (symbol)

e:/ides/atmelstudio/7.0/toolchain/avr8/avr8-gnu-toolchain/bin/../lib/gcc/avr/5.4.0/../../../../avr/lib/avr5\libm.a(addsf3.o)
                              Sketch.o (__subsf3)
e:/ides/atmelstudio/7.0/toolchain/avr8/avr8-gnu-toolchain/bin/../lib/gcc/avr/5.4.0/../../../../avr/lib/avr5\libm.a(addsf3x.o)
                              e:/ides/atmelstudio/7.0/toolchain/avr8/avr8-gnu-toolchain/bin/../lib/gcc/avr/5.4.0/../../../../avr/lib/avr5\libm.a(addsf3.o) (__addsf3x)
e:/ides/atmelstudio/7.0/toolchain/avr8/avr8-gnu-toolchain/bin/../lib/gcc/avr/5.4.0/../../../../avr/lib/avr5\libm.a(atan2.o)
                              Sketch.o (atan2)
e:/ides/atmelstudio/7.0/toolchain/avr8/avr8-gnu-toolchain/bin/../lib/gcc/avr/5.4.0/../../../../avr/lib/avr5\libm.a(atan.o)
                              e:/ides/atmelstudio/7.0/toolchain/avr8/avr8-gnu-toolchain/bin/../lib/gcc/avr/5.4.0/../../../../avr/lib/avr5\libm.a(atan2.o) (atan)
e:/ides/atmelstudio/7.0/toolchain/avr8/avr8-gnu-toolchain/bin/../lib/gcc/avr/5.4.0/../../../../avr/lib/avr5\libm.a(cmpsf2.o)
                              Sketch.o (__ltsf2)
e:/ides/atmelstudio/7.0/toolchain/avr8/avr8-gnu-toolchain/bin/../lib/gcc/avr/5.4.0/../../../../avr/lib/avr5\libm.a(divsf3.o)
                              Sketch.o (__divsf3)
e:/ides/atmelstudio/7.0/toolchain/avr8/avr8-gnu-toolchain/bin/../lib/gcc/avr/5.4.0/../../../../avr/lib/avr5\libm.a(divsf3x.o)
                              e:/ides/atmelstudio/7.0/toolchain/avr8/avr8-gnu-toolchain/bin/../lib/gcc/avr/5.4.0/../../../../avr/lib/avr5\libm.a(divsf3.o) (__divsf3x)
e:/ides/atmelstudio/7.0/toolchain/avr8/avr8-gnu-toolchain/bin/../lib/gcc/avr/5.4.0/../../../../avr/lib/avr5\libm.a(fixsfsi.o)
                              Sketch.o (__fixsfsi)
e:/ides/atmelstudio/7.0/toolchain/avr8/avr8-gnu-toolchain/bin/../lib/gcc/avr/5.4.0/../../../../avr/lib/avr5\libm.a(fixunssfsi.o)
                              e:/ides/atmelstudio/7.0/toolchain/avr8/avr8-gnu-toolchain/bin/../lib/gcc/avr/5.4.0/../../../../avr/lib/avr5\libm.a(fixsfsi.o) (__fixunssfsi)
e:/ides/atmelstudio/7.0/toolchain/avr8/avr8-gnu-toolchain/bin/../lib/gcc/avr/5.4.0/../../../../avr/lib/avr5\libm.a(floatsisf.o)
                              Sketch.o (__floatunsisf)
e:/ides/atmelstudio/7.0/toolchain/avr8/avr8-gnu-toolchain/bin/../lib/gcc/avr/5.4.0/../../../../avr/lib/avr5\libm.a(fp_cmp.o)
                              e:/ides/atmelstudio/7.0/toolchain/avr8/avr8-gnu-toolchain/bin/../lib/gcc/avr/5.4.0/../../../../avr/lib/avr5\libm.a(cmpsf2.o) (__fp_cmp)
e:/ides/atmelstudio/7.0/toolchain/avr8/avr8-gnu-toolchain/bin/../lib/gcc/avr/5.4.0/../../../../avr/lib/avr5\libm.a(fp_inf.o)
                              e:/ides/atmelstudio/7.0/toolchain/avr8/avr8-gnu-toolchain/bin/../lib/gcc/avr/5.4.0/../../../../avr/lib/avr5\libm.a(addsf3x.o) (__fp_inf)
e:/ides/atmelstudio/7.0/toolchain/avr8/avr8-gnu-toolchain/bin/../lib/gcc/avr/5.4.0/../../../../avr/lib/avr5\libm.a(fp_nan.o)
                              e:/ides/atmelstudio/7.0/toolchain/avr8/avr8-gnu-toolchain/bin/../lib/gcc/avr/5.4.0/../../../../avr/lib/avr5\libm.a(addsf3x.o) (__fp_nan)
e:/ides/atmelstudio/7.0/toolchain/avr8/avr8-gnu-toolchain/bin/../lib/gcc/avr/5.4.0/../../../../avr/lib/avr5\libm.a(fp_powser.o)
                              e:/ides/atmelstudio/7.0/toolchain/avr8/avr8-gnu-toolchain/bin/../lib/gcc/avr/5.4.0/../../../../avr/lib/avr5\libm.a(atan.o) (__fp_powser)
e:/ides/atmelstudio/7.0/toolchain/avr8/avr8-gnu-toolchain/bin/../lib/gcc/avr/5.4.0/../../../../avr/lib/avr5\libm.a(fp_pscA.o)
                              e:/ides/atmelstudio/7.0/toolchain/avr8/avr8-gnu-toolchain/bin/../lib/gcc/avr/5.4.0/../../../../avr/lib/avr5\libm.a(addsf3x.o) (__fp_pscA)
e:/ides/atmelstudio/7.0/toolchain/avr8/avr8-gnu-toolchain/bin/../lib/gcc/avr/5.4.0/../../../../avr/lib/avr5\libm.a(fp_pscB.o)
                              e:/ides/atmelstudio/7.0/toolchain/avr8/avr8-gnu-toolchain/bin/../lib/gcc/avr/5.4.0/../../../../avr/lib/avr5\libm.a(addsf3x.o) (__fp_pscB)
e:/ides/atmelstudio/7.0/toolchain/avr8/avr8-gnu-toolchain/bin/../lib/gcc/avr/5.4.0/../../../../avr/lib/avr5\libm.a(fp_round.o)
                              e:/ides/atmelstudio/7.0/toolchain/avr8/avr8-gnu-toolchain/bin/../lib/gcc/avr/5.4.0/../../../../avr/lib/avr5\libm.a(addsf3.o) (__fp_round)
e:/ides/atmelstudio/7.0/toolchain/avr8/avr8-gnu-toolchain/bin/../lib/gcc/avr/5.4.0/../../../../avr/lib/avr5\libm.a(fp_split3.o)
                              e:/ides/atmelstudio/7.0/toolchain/avr8/avr8-gnu-toolchain/bin/../lib/gcc/avr/5.4.0/../../../../avr/lib/avr5\libm.a(addsf3x.o) (__fp_split3)
e:/ides/atmelstudio/7.0/toolchain/avr8/avr8-gnu-toolchain/bin/../lib/gcc/avr/5.4.0/../../../../avr/lib/avr5\libm.a(fp_zero.o)
                              e:/ides/atmelstudio/7.0/toolchain/avr8/avr8-gnu-toolchain/bin/../lib/gcc/avr/5.4.0/../../../../avr/lib/avr5\libm.a(addsf3x.o) (__fp_zero)
[...]
Memory Configuration

Name             Origin             Length             Attributes
text             0x00000000         0x00020000         xr
data             0x00800060         0x0000ffa0         rw !x
eeprom           0x00810000         0x00010000         rw !x
fuse             0x00820000         0x00000003         rw !x
lock             0x00830000         0x00000400         rw !x
signature        0x00840000         0x00000400         rw !x
user_signatures  0x00850000         0x00000400         rw !x
*default*        0x00000000         0xffffffff

Linker script and memory map

Address of section .data set to 0x800100
LOAD E:/IDEs/AtmelStudio/7.0/Packs/atmel/ATmega_DFP/1.2.150/gcc/dev/atmega328p/avr5/crtatmega328p.o
LOAD Sketch.o
LOAD src/libraries/Arduino-PID-Library-master/PID_v1.o
LOAD src/libraries/I2Cdev/I2Cdev.o
LOAD src/libraries/MPU6050/MPU6050.o
LOAD src/libraries/NewPing/NewPing.o
LOAD src/libraries/Wire/src/utility/twi.o
LOAD src/libraries/Wire/src/Wire.o
LOAD src/MPU6050Calib.o
LOAD src/my_libs/ENC_lib.o
LOAD src/my_libs/MOT_lib.o
LOAD src/my_libs/pwm_basic.o
LOAD src/my_libs/pwm_basic_example.o
START GROUP
LOAD e:/ides/atmelstudio/7.0/toolchain/avr8/avr8-gnu-toolchain/bin/../lib/gcc/avr/5.4.0/../../../../avr/lib/avr5\libm.a
LOAD P:\robot_mini\Arduino2Wheeler\ArduGirobot_AtmelStudio\ArduGirobot_AtmelStudio\ArduinoCore\Debug\libArduinoCore.a
END GROUP
LOAD e:/ides/atmelstudio/7.0/toolchain/avr8/avr8-gnu-toolchain/bin/../lib/gcc/avr/5.4.0/avr5\libgcc.a
LOAD e:/ides/atmelstudio/7.0/toolchain/avr8/avr8-gnu-toolchain/bin/../lib/gcc/avr/5.4.0/../../../../avr/lib/avr5\libm.a
START GROUP
LOAD e:/ides/atmelstudio/7.0/toolchain/avr8/avr8-gnu-toolchain/bin/../lib/gcc/avr/5.4.0/avr5\libgcc.a
LOAD e:/ides/atmelstudio/7.0/toolchain/avr8/avr8-gnu-toolchain/bin/../lib/gcc/avr/5.4.0/../../../../avr/lib/avr5\libm.a
LOAD e:/ides/atmelstudio/7.0/toolchain/avr8/avr8-gnu-toolchain/bin/../lib/gcc/avr/5.4.0/../../../../avr/lib/avr5\libc.a
LOAD E:/IDEs/AtmelStudio/7.0/Packs/atmel/ATmega_DFP/1.2.150/gcc/dev/atmega328p/avr5\libatmega328p.a
END GROUP
                0x00020000                __TEXT_REGION_LENGTH__ = DEFINED (__TEXT_REGION_LENGTH__)?__TEXT_REGION_LENGTH__:0x20000
                0x0000ffa0                __DATA_REGION_LENGTH__ = DEFINED (__DATA_REGION_LENGTH__)?__DATA_REGION_LENGTH__:0xffa0
                0x00010000                __EEPROM_REGION_LENGTH__ = DEFINED (__EEPROM_REGION_LENGTH__)?__EEPROM_REGION_LENGTH__:0x10000
                [0x00000003]                __FUSE_REGION_LENGTH__ = DEFINED (__FUSE_REGION_LENGTH__)?__FUSE_REGION_LENGTH__:0x400
                0x00000400                __LOCK_REGION_LENGTH__ = DEFINED (__LOCK_REGION_LENGTH__)?__LOCK_REGION_LENGTH__:0x400
                0x00000400                __SIGNATURE_REGION_LENGTH__ = DEFINED (__SIGNATURE_REGION_LENGTH__)?__SIGNATURE_REGION_LENGTH__:0x400
                0x00000400                __USER_SIGNATURE_REGION_LENGTH__ = DEFINED (__USER_SIGNATURE_REGION_LENGTH__)?__USER_SIGNATURE_REGION_LENGTH__:0x400

.hash
 *(.hash)

.dynsym
 *(.dynsym)

.dynstr
 *(.dynstr)

.gnu.version
 *(.gnu.version)

.gnu.version_d
 *(.gnu.version_d)

.gnu.version_r
 *(.gnu.version_r)

.rel.init
 *(.rel.init)

.rela.init
 *(.rela.init)

.rel.text
 *(.rel.text)
 *(.rel.text.*)
 *(.rel.gnu.linkonce.t*)

.rela.text
 *(.rela.text)
 *(.rela.text.*)
 *(.rela.gnu.linkonce.t*)

.rel.fini
 *(.rel.fini)

.rela.fini
 *(.rela.fini)

.rel.rodata
 *(.rel.rodata)
 *(.rel.rodata.*)
 *(.rel.gnu.linkonce.r*)

.rela.rodata
 *(.rela.rodata)
 *(.rela.rodata.*)
 *(.rela.gnu.linkonce.r*)

.rel.data
 *(.rel.data)
 *(.rel.data.*)
 *(.rel.gnu.linkonce.d*)

.rela.data
 *(.rela.data)
 *(.rela.data.*)
 *(.rela.gnu.linkonce.d*)

.rel.ctors
 *(.rel.ctors)

.rela.ctors
 *(.rela.ctors)

.rel.dtors
 *(.rel.dtors)

.rela.dtors
 *(.rela.dtors)

.rel.got
 *(.rel.got)

.rela.got
 *(.rela.got)

.rel.bss
 *(.rel.bss)

.rela.bss
 *(.rela.bss)

.rel.plt
 *(.rel.plt)

.rela.plt
 *(.rela.plt)

.text           0x00000000     0x4a90
 *(.vectors)
 .vectors       0x00000000       0x68 E:/IDEs/AtmelStudio/7.0/Packs/atmel/ATmega_DFP/1.2.150/gcc/dev/atmega328p/avr5/crtatmega328p.o
                0x00000000                __vector_default
                0x00000000                __vectors
 *(.vectors)
 *(.progmem.gcc*)
 .progmem.gcc_sw_table._Z16Serial_ParseDatav
                0x00000068       0xd0 Sketch.o
 .progmem.gcc_sw_table._Z17Serial_PrintStatsv
                0x00000138       0x12 Sketch.o
 .progmem.gcc_sw_table.__vector_24
                0x0000014a      0x192 src/libraries/Wire/src/utility/twi.o
 .progmem.gcc_sw_table.__vector_3
                0x000002dc       0x1c src/my_libs/ENC_lib.o
 .progmem.gcc_sw_table.__vector_4
                0x000002f8       0x1c src/my_libs/ENC_lib.o
 .progmem.gcc_fplib
                0x00000314       0x2d e:/ides/atmelstudio/7.0/toolchain/avr8/avr8-gnu-toolchain/bin/../lib/gcc/avr/5.4.0/../../../../avr/lib/avr5\libm.a(atan.o)
                0x00000342                . = ALIGN (0x2)
 *fill*         0x00000341        0x1 
                0x00000342                __trampolines_start = .
 *(.trampolines)
 .trampolines   0x00000342        0x0 linker stubs
 *(.trampolines*)
                0x00000342                __trampolines_end = .
 *libprintf_flt.a:*(.progmem.data)
 *libc.a:*(.progmem.data)
 .progmem.data  0x00000342       0x3b e:/ides/atmelstudio/7.0/toolchain/avr8/avr8-gnu-toolchain/bin/../lib/gcc/avr/5.4.0/../../../../avr/lib/avr5\libc.a(strtod.o)
 *(.progmem*)
 .progmem.data.digital_pin_to_bit_mask_PGM
                0x0000037d       0x14 P:\robot_mini\Arduino2Wheeler\ArduGirobot_AtmelStudio\ArduGirobot_AtmelStudio\ArduinoCore\Debug\libArduinoCore.a(wiring_digital.o)
                0x0000037d                digital_pin_to_bit_mask_PGM
 .progmem.data.digital_pin_to_port_PGM
                0x00000391       0x14 P:\robot_mini\Arduino2Wheeler\ArduGirobot_AtmelStudio\ArduGirobot_AtmelStudio\ArduinoCore\Debug\libArduinoCore.a(wiring_digital.o)
                0x00000391                digital_pin_to_port_PGM
 .progmem.data.port_to_input_PGM
                0x000003a5        0xa P:\robot_mini\Arduino2Wheeler\ArduGirobot_AtmelStudio\ArduGirobot_AtmelStudio\ArduinoCore\Debug\libArduinoCore.a(wiring_digital.o)
                0x000003a5                port_to_input_PGM
 .progmem.data.port_to_output_PGM
                0x000003af        0xa P:\robot_mini\Arduino2Wheeler\ArduGirobot_AtmelStudio\ArduGirobot_AtmelStudio\ArduinoCore\Debug\libArduinoCore.a(wiring_digital.o)
                0x000003af                port_to_output_PGM
 .progmem.data.port_to_mode_PGM
                0x000003b9        0xa P:\robot_mini\Arduino2Wheeler\ArduGirobot_AtmelStudio\ArduGirobot_AtmelStudio\ArduinoCore\Debug\libArduinoCore.a(wiring_digital.o)
                0x000003b9                port_to_mode_PGM
                0x000003c4                . = ALIGN (0x2)
 *fill*         0x000003c3        0x1 
 *(.jumptables)
 *(.jumptables*)
 *(.lowtext)
 *(.lowtext*)
                0x000003c4                __ctors_start = .
 *(.ctors)
 .ctors         0x000003c4        0x2 Sketch.o
 .ctors         0x000003c6        0x2 src/libraries/Wire/src/Wire.o
 .ctors         0x000003c8        0x2 src/MPU6050Calib.o
 .ctors         0x000003ca        0x2 P:\robot_mini\Arduino2Wheeler\ArduGirobot_AtmelStudio\ArduGirobot_AtmelStudio\ArduinoCore\Debug\libArduinoCore.a(HardwareSerial0.o)
                0x000003cc                __ctors_end = .
                0x000003cc                __dtors_start = .
 *(.dtors)
                0x000003cc                __dtors_end = .
 SORT(*)(.ctors)
 SORT(*)(.dtors)
 *(.init0)
 .init0         0x000003cc        0x0 E:/IDEs/AtmelStudio/7.0/Packs/atmel/ATmega_DFP/1.2.150/gcc/dev/atmega328p/avr5/crtatmega328p.o
                0x000003cc                __init
 *(.init0)
 *(.init1)
 *(.init1)
 *(.init2)
 .init2         0x000003cc        0xc E:/IDEs/AtmelStudio/7.0/Packs/atmel/ATmega_DFP/1.2.150/gcc/dev/atmega328p/avr5/crtatmega328p.o
 *(.init2)
 *(.init3)
 *(.init3)
 *(.init4)
 .init4         0x000003d8       0x16 e:/ides/atmelstudio/7.0/toolchain/avr8/avr8-gnu-toolchain/bin/../lib/gcc/avr/5.4.0/avr5\libgcc.a(_copy_data.o)
                0x000003d8                __do_copy_data
 .init4         0x000003ee       0x10 e:/ides/atmelstudio/7.0/toolchain/avr8/avr8-gnu-toolchain/bin/../lib/gcc/avr/5.4.0/avr5\libgcc.a(_clear_bss.o)
                0x000003ee                __do_clear_bss
 *(.init4)
 *(.init5)
 *(.init5)
 *(.init6)
 .init6         0x000003fe       0x16 e:/ides/atmelstudio/7.0/toolchain/avr8/avr8-gnu-toolchain/bin/../lib/gcc/avr/5.4.0/avr5\libgcc.a(_ctors.o)
                0x000003fe                __do_global_ctors
 *(.init6)
 *(.init7)
 *(.init7)
 *(.init8)
 *(.init8)
 *(.init9)
 .init9         0x00000414        0x8 E:/IDEs/AtmelStudio/7.0/Packs/atmel/ATmega_DFP/1.2.150/gcc/dev/atmega328p/avr5/crtatmega328p.o
 *(.init9)
 *(.text)
 .text          0x0000041c        0x4 E:/IDEs/AtmelStudio/7.0/Packs/atmel/ATmega_DFP/1.2.150/gcc/dev/atmega328p/avr5/crtatmega328p.o
                0x0000041c                __vector_22
                0x0000041c                __vector_1
                0x0000041c                __vector_12
                0x0000041c                __bad_interrupt
                0x0000041c                __vector_6
                0x0000041c                __vector_23
                0x0000041c                __vector_25
                0x0000041c                __vector_11
                0x0000041c                __vector_13
                0x0000041c                __vector_17
                0x0000041c                __vector_5
                0x0000041c                __vector_9
                0x0000041c                __vector_2
                0x0000041c                __vector_21
                0x0000041c                __vector_15
                0x0000041c                __vector_8
                0x0000041c                __vector_14
                0x0000041c                __vector_10
                0x0000041c                __vector_20
                0x00000420                . = ALIGN (0x2)
 *(.text.*)
 .text._Z19WritePidCfgToEEPROMjP11PIDConfig_e
                0x00000420       0xb8 Sketch.o
                0x00000420                _Z19WritePidCfgToEEPROMjP11PIDConfig_e
 .text._Z20ReadPidCfgFromEEPROMjP11PIDConfig_e
                0x000004d8       0x8e Sketch.o
                0x000004d8                _Z20ReadPidCfgFromEEPROMjP11PIDConfig_e
 .text._Z23getPidConfigsFromEEPROMv
                0x00000566       0x32 Sketch.o
                0x00000566                _Z23getPidConfigsFromEEPROMv
 .text._Z20putPidConfigToEEPROMv
                0x00000598       0x32 Sketch.o
                0x00000598                _Z20putPidConfigToEEPROMv
 .text._Z15initPidControlsv
                0x000005ca      0x2cc Sketch.o
                0x000005ca                _Z15initPidControlsv
 .text._Z22ParseRemoteControlByteh
                0x00000896       0x3e Sketch.o
                0x00000896                _Z22ParseRemoteControlByteh
 .text._Z16Serial_ParseDatav
                0x000008d4      0x2dc Sketch.o
                0x000008d4                _Z16Serial_ParseDatav
 .text._Z19UpdateEncoderValuesv
                0x00000bb0       0xce Sketch.o
                0x00000bb0                _Z19UpdateEncoderValuesv
 .text._Z13Giro_ReadDatav
                0x00000c7e      0x230 Sketch.o
                0x00000c7e                _Z13Giro_ReadDatav
 .text.setup    0x00000eae      0x128 Sketch.o
                0x00000eae                setup
 .text._GLOBAL__sub_I__Z19WritePidCfgToEEPROMjP11PIDConfig_e
                0x00000fd6       0x1a Sketch.o
 .text._Z17Serial_PrintStatsv
                0x00000ff0      0x4c6 Sketch.o
                0x00000ff0                _Z17Serial_PrintStatsv
 .text._Z18Serial_LookForDatav
                0x000014b6       0x66 Sketch.o
                0x000014b6                _Z18Serial_LookForDatav
 .text._Z9SerialComv
                0x0000151c       0x6a Sketch.o
                0x0000151c                _Z9SerialComv
 .text.loop     0x00001586      0x58a Sketch.o
                0x00001586                loop
 .text._ZN3PID7ComputeEv
                0x00001b10      0x2f8 src/libraries/Arduino-PID-Library-master/PID_v1.o
                0x00001b10                _ZN3PID7ComputeEv
 .text._ZN3PID10SetTuningsEdddi
                0x00001e08      0x1b8 src/libraries/Arduino-PID-Library-master/PID_v1.o
                0x00001e08                _ZN3PID10SetTuningsEdddi
 .text._ZN3PID10SetTuningsEddd
                0x00001fc0       0x2c src/libraries/Arduino-PID-Library-master/PID_v1.o
                0x00001fc0                _ZN3PID10SetTuningsEddd
 .text._ZN3PID13SetSampleTimeEi
                0x00001fec       0x9c src/libraries/Arduino-PID-Library-master/PID_v1.o
                0x00001fec                _ZN3PID13SetSampleTimeEi
 .text._ZN3PID15SetOutputLimitsEdd
                0x00002088      0x10c src/libraries/Arduino-PID-Library-master/PID_v1.o
                0x00002088                _ZN3PID15SetOutputLimitsEdd
 .text._ZN3PID10InitializeEv
                0x00002194       0x96 src/libraries/Arduino-PID-Library-master/PID_v1.o
                0x00002194                _ZN3PID10InitializeEv
 .text._ZN3PID7SetModeEi
                0x0000222a       0x32 src/libraries/Arduino-PID-Library-master/PID_v1.o
                0x0000222a                _ZN3PID7SetModeEi
 .text._ZN3PID22SetControllerDirectionEi
                0x0000225c       0x78 src/libraries/Arduino-PID-Library-master/PID_v1.o
                0x0000225c                _ZN3PID22SetControllerDirectionEi
 .text._ZN3PIDC2EPdS0_S0_dddii
                0x000022d4       0xe2 src/libraries/Arduino-PID-Library-master/PID_v1.o
                0x000022d4                _ZN3PIDC2EPdS0_S0_dddii
                0x000022d4                _ZN3PIDC1EPdS0_S0_dddii
 .text._ZN6I2Cdev10writeBytesEhhhPh
                0x000023b6       0x68 src/libraries/I2Cdev/I2Cdev.o
                0x000023b6                _ZN6I2Cdev10writeBytesEhhhPh
 .text._ZN6I2Cdev9writeByteEhhh
                0x0000241e       0x20 src/libraries/I2Cdev/I2Cdev.o
                0x0000241e                _ZN6I2Cdev9writeByteEhhh
 .text._ZN6I2Cdev10writeWordsEhhhPj
                0x0000243e       0x82 src/libraries/I2Cdev/I2Cdev.o
                0x0000243e                _ZN6I2Cdev10writeWordsEhhhPj
 .text._ZN6I2Cdev9writeWordEhhj
                0x000024c0       0x24 src/libraries/I2Cdev/I2Cdev.o
                0x000024c0                _ZN6I2Cdev9writeWordEhhj
 .text._ZN6I2Cdev9readBytesEhhhPhj
                0x000024e4      0x16a src/libraries/I2Cdev/I2Cdev.o
                0x000024e4                _ZN6I2Cdev9readBytesEhhhPhj
 .text._ZN6I2Cdev8readByteEhhPhj
                0x0000264e       0x14 src/libraries/I2Cdev/I2Cdev.o
                0x0000264e                _ZN6I2Cdev8readByteEhhPhj
 .text._ZN6I2Cdev8writeBitEhhhh
                0x00002662       0x72 src/libraries/I2Cdev/I2Cdev.o
                0x00002662                _ZN6I2Cdev8writeBitEhhhh
 .text._ZN6I2Cdev9writeBitsEhhhhh
                0x000026d4       0x96 src/libraries/I2Cdev/I2Cdev.o
                0x000026d4                _ZN6I2Cdev9writeBitsEhhhhh
 .text._ZN7MPU6050C2Ev
                0x0000276a        0x8 src/libraries/MPU6050/MPU6050.o
                0x0000276a                _ZN7MPU6050C2Ev
                0x0000276a                _ZN7MPU6050C1Ev
 .text._ZN7MPU6050C2Eh
                0x00002772        0x6 src/libraries/MPU6050/MPU6050.o
                0x00002772                _ZN7MPU6050C1Eh
                0x00002772                _ZN7MPU6050C2Eh
 .text._ZN7MPU605021setFullScaleGyroRangeEh
                0x00002778       0x16 src/libraries/MPU6050/MPU6050.o
                0x00002778                _ZN7MPU605021setFullScaleGyroRangeEh
 .text._ZN7MPU605022setFullScaleAccelRangeEh
                0x0000278e       0x16 src/libraries/MPU6050/MPU6050.o
                0x0000278e                _ZN7MPU605022setFullScaleAccelRangeEh
 .text._ZN7MPU605016getAccelerationYEv
                0x000027a4       0x38 src/libraries/MPU6050/MPU6050.o
                0x000027a4                _ZN7MPU605016getAccelerationYEv
 .text._ZN7MPU605016getAccelerationZEv
                0x000027dc       0x38 src/libraries/MPU6050/MPU6050.o
                0x000027dc                _ZN7MPU605016getAccelerationZEv
 .text._ZN7MPU605012getRotationXEv
                0x00002814       0x38 src/libraries/MPU6050/MPU6050.o
                0x00002814                _ZN7MPU605012getRotationXEv
 .text._ZN7MPU605015setSleepEnabledEb
                0x0000284c       0x10 src/libraries/MPU6050/MPU6050.o
                0x0000284c                _ZN7MPU605015setSleepEnabledEb
 .text._ZN7MPU605014setClockSourceEh
                0x0000285c       0x16 src/libraries/MPU6050/MPU6050.o
                0x0000285c                _ZN7MPU605014setClockSourceEh
 .text._ZN7MPU605010initializeEv
                0x00002872       0x2a src/libraries/MPU6050/MPU6050.o
                0x00002872                _ZN7MPU605010initializeEv
 .text._ZN7MPU605015setXAccelOffsetEi
                0x0000289c        0xe src/libraries/MPU6050/MPU6050.o
                0x0000289c                _ZN7MPU605015setXAccelOffsetEi
 .text._ZN7MPU605015setYAccelOffsetEi
                0x000028aa        0xe src/libraries/MPU6050/MPU6050.o
                0x000028aa                _ZN7MPU605015setYAccelOffsetEi
 .text._ZN7MPU605015setZAccelOffsetEi
                0x000028b8        0xe src/libraries/MPU6050/MPU6050.o
                0x000028b8                _ZN7MPU605015setZAccelOffsetEi
 .text._ZN7MPU605014setXGyroOffsetEi
                0x000028c6        0xe src/libraries/MPU6050/MPU6050.o
                0x000028c6                _ZN7MPU605014setXGyroOffsetEi
 .text._ZN7MPU605014setYGyroOffsetEi
                0x000028d4        0xe src/libraries/MPU6050/MPU6050.o
                0x000028d4                _ZN7MPU605014setYGyroOffsetEi
 .text._ZN7MPU605014setZGyroOffsetEi
                0x000028e2        0xe src/libraries/MPU6050/MPU6050.o
                0x000028e2                _ZN7MPU605014setZGyroOffsetEi
 .text._ZN7NewPing16set_max_distanceEj
                0x000028f0       0x24 src/libraries/NewPing/NewPing.o
                0x000028f0                _ZN7NewPing16set_max_distanceEj
 .text._ZN7NewPingC2Ehhj
                0x00002914       0x86 src/libraries/NewPing/NewPing.o
                0x00002914                _ZN7NewPingC1Ehhj
                0x00002914                _ZN7NewPingC2Ehhj
 .text.__vector_7
                0x0000299a       0x4e src/libraries/NewPing/NewPing.o
                0x0000299a                __vector_7
 .text.twi_readFrom
                0x000029e8       0xa4 src/libraries/Wire/src/utility/twi.o
                0x000029e8                twi_readFrom
 .text.twi_writeTo
                0x00002a8c       0xc6 src/libraries/Wire/src/utility/twi.o
                0x00002a8c                twi_writeTo
 .text.twi_transmit
                0x00002b52       0x54 src/libraries/Wire/src/utility/twi.o
                0x00002b52                twi_transmit
 .text.twi_stop
                0x00002ba6       0x16 src/libraries/Wire/src/utility/twi.o
                0x00002ba6                twi_stop
 .text.twi_releaseBus
                0x00002bbc        0xc src/libraries/Wire/src/utility/twi.o
                0x00002bbc                twi_releaseBus
 .text.__vector_24
                0x00002bc8      0x242 src/libraries/Wire/src/utility/twi.o
                0x00002bc8                __vector_24
 .text._ZN5Print17availableForWriteEv
                0x00002e0a        0x6 src/libraries/Wire/src/Wire.o
                0x00002e0a                _ZN5Print17availableForWriteEv
 .text._ZN7TwoWire9availableEv
                0x00002e10       0x10 src/libraries/Wire/src/Wire.o
                0x00002e10                _ZN7TwoWire9availableEv
 .text._ZN7TwoWire4readEv
                0x00002e20       0x28 src/libraries/Wire/src/Wire.o
                0x00002e20                _ZN7TwoWire4readEv
 .text._ZN7TwoWire4peekEv
                0x00002e48       0x1e src/libraries/Wire/src/Wire.o
                0x00002e48                _ZN7TwoWire4peekEv
 .text._ZN7TwoWire5flushEv
                0x00002e66        0x2 src/libraries/Wire/src/Wire.o
                0x00002e66                _ZN7TwoWire5flushEv
 .text._ZN7TwoWire5writeEPKhj
                0x00002e68       0x60 src/libraries/Wire/src/Wire.o
                0x00002e68                _ZN7TwoWire5writeEPKhj
 .text._ZN7TwoWire5writeEh
                0x00002ec8       0x62 src/libraries/Wire/src/Wire.o
                0x00002ec8                _ZN7TwoWire5writeEh
 .text._ZN7TwoWireC2Ev
                0x00002f2a       0x20 src/libraries/Wire/src/Wire.o
                0x00002f2a                _ZN7TwoWireC1Ev
                0x00002f2a                _ZN7TwoWireC2Ev
 .text._ZN7TwoWire17beginTransmissionEh
                0x00002f4a       0x14 src/libraries/Wire/src/Wire.o
                0x00002f4a                _ZN7TwoWire17beginTransmissionEh
 .text._ZN7TwoWire15endTransmissionEh
                0x00002f5e       0x26 src/libraries/Wire/src/Wire.o
                0x00002f5e                _ZN7TwoWire15endTransmissionEh
 .text._ZN7TwoWire11requestFromEhhmhh
                0x00002f84       0xb2 src/libraries/Wire/src/Wire.o
                0x00002f84                _ZN7TwoWire11requestFromEhhmhh
 .text._ZN7TwoWire11requestFromEhhh
                0x00003036       0x20 src/libraries/Wire/src/Wire.o
                0x00003036                _ZN7TwoWire11requestFromEhhh
 .text._ZN7TwoWire11requestFromEhh
                0x00003056        0x8 src/libraries/Wire/src/Wire.o
                0x00003056                _ZN7TwoWire11requestFromEhh
 .text._ZN7TwoWire15endTransmissionEv
                0x0000305e        0x8 src/libraries/Wire/src/Wire.o
                0x0000305e                _ZN7TwoWire15endTransmissionEv
 .text._GLOBAL__sub_I__ZN7TwoWire8rxBufferE
                0x00003066        0xa src/libraries/Wire/src/Wire.o
 .text._GLOBAL__sub_I_buffersize
                0x00003070        0xc src/MPU6050Calib.o
 .text._Z8Enc_Initv
                0x0000307c       0x44 src/my_libs/ENC_lib.o
                0x0000307c                _Z8Enc_Initv
 .text.__vector_3
                0x000030c0      0x134 src/my_libs/ENC_lib.o
                0x000030c0                __vector_3
 .text.__vector_4
                0x000031f4      0x130 src/my_libs/ENC_lib.o
                0x000031f4                __vector_4
 .text._Z11Motor0_Stopv
                0x00003324        0xe src/my_libs/MOT_lib.o
                0x00003324                _Z11Motor0_Stopv
 .text._Z9Mot0_Initv
                0x00003332       0x1a src/my_libs/MOT_lib.o
                0x00003332                _Z9Mot0_Initv
 .text._Z11Motor1_Stopv
                0x0000334c        0xe src/my_libs/MOT_lib.o
                0x0000334c                _Z11Motor1_Stopv
 .text._Z9Mot1_Initv
                0x0000335a       0x1a src/my_libs/MOT_lib.o
                0x0000335a                _Z9Mot1_Initv
 .text._Z15Motor0_SetSpeedhh
                0x00003374       0x36 src/my_libs/MOT_lib.o
                0x00003374                _Z15Motor0_SetSpeedhh
 .text._Z15Motor1_SetSpeedhh
                0x000033aa       0x36 src/my_libs/MOT_lib.o
                0x000033aa                _Z15Motor1_SetSpeedhh
 .text._Z15Motors_SetSpeedii
                0x000033e0       0x50 src/my_libs/MOT_lib.o
                0x000033e0                _Z15Motors_SetSpeedii
 .text.PWM_0_init
                0x00003430       0x20 src/my_libs/pwm_basic.o
                0x00003430                PWM_0_init
 .text.PWM_0_enable_output_ch0
                0x00003450        0x8 src/my_libs/pwm_basic.o
                0x00003450                PWM_0_enable_output_ch0
 .text.PWM_0_disable_output_ch0
                0x00003458        0x8 src/my_libs/pwm_basic.o
                0x00003458                PWM_0_disable_output_ch0
 .text.PWM_0_enable_output_ch1
                0x00003460        0x8 src/my_libs/pwm_basic.o
                0x00003460                PWM_0_enable_output_ch1
 .text.PWM_0_disable_output_ch1
                0x00003468        0x8 src/my_libs/pwm_basic.o
                0x00003468                PWM_0_disable_output_ch1
 .text.PWM_0_load_duty_cycle_ch0
                0x00003470        0x4 src/my_libs/pwm_basic.o
                0x00003470                PWM_0_load_duty_cycle_ch0
 .text.PWM_0_load_duty_cycle_ch1
                0x00003474        0x4 src/my_libs/pwm_basic.o
                0x00003474                PWM_0_load_duty_cycle_ch1
 .text.PWM_1_init
                0x00003478       0x26 src/my_libs/pwm_basic.o
                0x00003478                PWM_1_init
 .text.PWM_1_enable_output_ch0
                0x0000349e        0xc src/my_libs/pwm_basic.o
                0x0000349e                PWM_1_enable_output_ch0
 .text.PWM_1_disable_output_ch0
                0x000034aa        0xc src/my_libs/pwm_basic.o
                0x000034aa                PWM_1_disable_output_ch0
 .text.PWM_1_enable_output_ch1
                0x000034b6        0xc src/my_libs/pwm_basic.o
                0x000034b6                PWM_1_enable_output_ch1
 .text.PWM_1_disable_output_ch1
                0x000034c2        0xc src/my_libs/pwm_basic.o
                0x000034c2                PWM_1_disable_output_ch1
 .text.PWM_1_load_duty_cycle_ch0
                0x000034ce        0x6 src/my_libs/pwm_basic.o
                0x000034ce                PWM_1_load_duty_cycle_ch0
 .text.PWM_1_load_duty_cycle_ch1
                0x000034d4        0x6 src/my_libs/pwm_basic.o
                0x000034d4                PWM_1_load_duty_cycle_ch1
 .text.avr-libc.fplib
                0x000034da        0xe e:/ides/atmelstudio/7.0/toolchain/avr8/avr8-gnu-toolchain/bin/../lib/gcc/avr/5.4.0/../../../../avr/lib/avr5\libm.a(addsf3.o)
                0x000034da                __subsf3
                0x000034dc                __addsf3
 .text.avr-libc.fplib
                0x000034e8       0xcc e:/ides/atmelstudio/7.0/toolchain/avr8/avr8-gnu-toolchain/bin/../lib/gcc/avr/5.4.0/../../../../avr/lib/avr5\libm.a(addsf3x.o)
                0x0000350a                __addsf3x
 .text.avr-libc.fplib
                0x000035b4       0x86 e:/ides/atmelstudio/7.0/toolchain/avr8/avr8-gnu-toolchain/bin/../lib/gcc/avr/5.4.0/../../../../avr/lib/avr5\libm.a(atan2.o)
                0x000035da                atan2
 .text.avr-libc.fplib
                0x0000363a       0x5e e:/ides/atmelstudio/7.0/toolchain/avr8/avr8-gnu-toolchain/bin/../lib/gcc/avr/5.4.0/../../../../avr/lib/avr5\libm.a(atan.o)
                0x0000363a                atan
 .text.avr-libc.fplib
                0x00003698        0xa e:/ides/atmelstudio/7.0/toolchain/avr8/avr8-gnu-toolchain/bin/../lib/gcc/avr/5.4.0/../../../../avr/lib/avr5\libm.a(cmpsf2.o)
                0x00003698                __nesf2
                0x00003698                __eqsf2
                0x00003698                __cmpsf2
                0x00003698                __ltsf2
                0x00003698                __lesf2
 .text.avr-libc.fplib
                0x000036a2        0x8 e:/ides/atmelstudio/7.0/toolchain/avr8/avr8-gnu-toolchain/bin/../lib/gcc/avr/5.4.0/../../../../avr/lib/avr5\libm.a(divsf3.o)
                0x000036a2                __divsf3
 .text.avr-libc.fplib
                0x000036aa       0xdc e:/ides/atmelstudio/7.0/toolchain/avr8/avr8-gnu-toolchain/bin/../lib/gcc/avr/5.4.0/../../../../avr/lib/avr5\libm.a(divsf3x.o)
                0x000036ca                __divsf3x
                0x000036d0                __divsf3_pse
 .text.avr-libc.fplib
                0x00003786        0xe e:/ides/atmelstudio/7.0/toolchain/avr8/avr8-gnu-toolchain/bin/../lib/gcc/avr/5.4.0/../../../../avr/lib/avr5\libm.a(fixsfsi.o)
                0x00003786                __fixsfsi
 .text.avr-libc.fplib
                0x00003794       0x5e e:/ides/atmelstudio/7.0/toolchain/avr8/avr8-gnu-toolchain/bin/../lib/gcc/avr/5.4.0/../../../../avr/lib/avr5\libm.a(fixunssfsi.o)
                0x00003794                __fixunssfsi
 .text.avr-libc.fplib
                0x000037f2       0x7a e:/ides/atmelstudio/7.0/toolchain/avr8/avr8-gnu-toolchain/bin/../lib/gcc/avr/5.4.0/../../../../avr/lib/avr5\libm.a(floatsisf.o)
                0x000037f2                __floatunsisf
                0x000037f6                __floatsisf
 .text.avr-libc.fplib
                0x0000386c       0x48 e:/ides/atmelstudio/7.0/toolchain/avr8/avr8-gnu-toolchain/bin/../lib/gcc/avr/5.4.0/../../../../avr/lib/avr5\libm.a(fp_cmp.o)
                0x0000386c                __fp_cmp
 .text.avr-libc.fplib
                0x000038b4        0xc e:/ides/atmelstudio/7.0/toolchain/avr8/avr8-gnu-toolchain/bin/../lib/gcc/avr/5.4.0/../../../../avr/lib/avr5\libm.a(fp_inf.o)
                0x000038b4                __fp_inf
 .text.avr-libc.fplib
                0x000038c0        0x6 e:/ides/atmelstudio/7.0/toolchain/avr8/avr8-gnu-toolchain/bin/../lib/gcc/avr/5.4.0/../../../../avr/lib/avr5\libm.a(fp_nan.o)
                0x000038c0                __fp_nan
 .text.avr-libc.fplib
                0x000038c6       0x4e e:/ides/atmelstudio/7.0/toolchain/avr8/avr8-gnu-toolchain/bin/../lib/gcc/avr/5.4.0/../../../../avr/lib/avr5\libm.a(fp_powser.o)
                0x000038c6                __fp_powser
 .text.avr-libc.fplib
                0x00003914        0xe e:/ides/atmelstudio/7.0/toolchain/avr8/avr8-gnu-toolchain/bin/../lib/gcc/avr/5.4.0/../../../../avr/lib/avr5\libm.a(fp_pscA.o)
                0x00003914                __fp_pscA
 .text.avr-libc.fplib
                0x00003922        0xe e:/ides/atmelstudio/7.0/toolchain/avr8/avr8-gnu-toolchain/bin/../lib/gcc/avr/5.4.0/../../../../avr/lib/avr5\libm.a(fp_pscB.o)
                0x00003922                __fp_pscB
 .text.avr-libc.fplib
                0x00003930       0x22 e:/ides/atmelstudio/7.0/toolchain/avr8/avr8-gnu-toolchain/bin/../lib/gcc/avr/5.4.0/../../../../avr/lib/avr5\libm.a(fp_round.o)
                0x00003930                __fp_round
 .text.avr-libc.fplib
                0x00003952       0x44 e:/ides/atmelstudio/7.0/toolchain/avr8/avr8-gnu-toolchain/bin/../lib/gcc/avr/5.4.0/../../../../avr/lib/avr5\libm.a(fp_split3.o)
                0x00003952                __fp_split3
                0x00003962                __fp_splitA
 .text.avr-libc.fplib
                0x00003996        0xe e:/ides/atmelstudio/7.0/toolchain/avr8/avr8-gnu-toolchain/bin/../lib/gcc/avr/5.4.0/../../../../avr/lib/avr5\libm.a(fp_zero.o)
                0x00003996                __fp_zero
                0x00003998                __fp_szero
 .text.avr-libc.fplib
                0x000039a4        0xa e:/ides/atmelstudio/7.0/toolchain/avr8/avr8-gnu-toolchain/bin/../lib/gcc/avr/5.4.0/../../../../avr/lib/avr5\libm.a(gesf2.o)
                0x000039a4                __gesf2
                0x000039a4                __gtsf2
 .text.avr-libc.fplib
                0x000039ae       0x10 e:/ides/atmelstudio/7.0/toolchain/avr8/avr8-gnu-toolchain/bin/../lib/gcc/avr/5.4.0/../../../../avr/lib/avr5\libm.a(inverse.o)
                0x000039ae                inverse
 .text.avr-libc.fplib
                0x000039be        0x8 e:/ides/atmelstudio/7.0/toolchain/avr8/avr8-gnu-toolchain/bin/../lib/gcc/avr/5.4.0/../../../../avr/lib/avr5\libm.a(mulsf3.o)
                0x000039be                __mulsf3
 .text.avr-libc.fplib
                0x000039c6       0xd2 e:/ides/atmelstudio/7.0/toolchain/avr8/avr8-gnu-toolchain/bin/../lib/gcc/avr/5.4.0/../../../../avr/lib/avr5\libm.a(mulsf3x.o)
                0x000039e4                __mulsf3x
                0x000039ea                __mulsf3_pse
 .text.avr-libc.fplib
                0x00003a98        0x8 e:/ides/atmelstudio/7.0/toolchain/avr8/avr8-gnu-toolchain/bin/../lib/gcc/avr/5.4.0/../../../../avr/lib/avr5\libm.a(square.o)
                0x00003a98                square
 .text._ZN14HardwareSerial9availableEv
                0x00003aa0       0x18 P:\robot_mini\Arduino2Wheeler\ArduGirobot_AtmelStudio\ArduGirobot_AtmelStudio\ArduinoCore\Debug\libArduinoCore.a(HardwareSerial.o)
                0x00003aa0                _ZN14HardwareSerial9availableEv
 .text._ZN14HardwareSerial4peekEv
                0x00003ab8       0x1c P:\robot_mini\Arduino2Wheeler\ArduGirobot_AtmelStudio\ArduGirobot_AtmelStudio\ArduinoCore\Debug\libArduinoCore.a(HardwareSerial.o)
                0x00003ab8                _ZN14HardwareSerial4peekEv
 .text._ZN14HardwareSerial4readEv
                0x00003ad4       0x28 P:\robot_mini\Arduino2Wheeler\ArduGirobot_AtmelStudio\ArduGirobot_AtmelStudio\ArduinoCore\Debug\libArduinoCore.a(HardwareSerial.o)
                0x00003ad4                _ZN14HardwareSerial4readEv
 .text._ZN14HardwareSerial17availableForWriteEv
                0x00003afc       0x1e P:\robot_mini\Arduino2Wheeler\ArduGirobot_AtmelStudio\ArduGirobot_AtmelStudio\ArduinoCore\Debug\libArduinoCore.a(HardwareSerial.o)
                0x00003afc                _ZN14HardwareSerial17availableForWriteEv
 .text._Z14serialEventRunv
                0x00003b1a       0x1c P:\robot_mini\Arduino2Wheeler\ArduGirobot_AtmelStudio\ArduGirobot_AtmelStudio\ArduinoCore\Debug\libArduinoCore.a(HardwareSerial.o)
                0x00003b1a                _Z14serialEventRunv
 .text._ZN14HardwareSerial17_tx_udr_empty_irqEv
                0x00003b36       0x42 P:\robot_mini\Arduino2Wheeler\ArduGirobot_AtmelStudio\ArduGirobot_AtmelStudio\ArduinoCore\Debug\libArduinoCore.a(HardwareSerial.o)
                0x00003b36                _ZN14HardwareSerial17_tx_udr_empty_irqEv
 .text._ZN14HardwareSerial5writeEh
                0x00003b78       0x8e P:\robot_mini\Arduino2Wheeler\ArduGirobot_AtmelStudio\ArduGirobot_AtmelStudio\ArduinoCore\Debug\libArduinoCore.a(HardwareSerial.o)
                0x00003b78                _ZN14HardwareSerial5writeEh
 .text._ZN14HardwareSerial5flushEv
                0x00003c06       0x44 P:\robot_mini\Arduino2Wheeler\ArduGirobot_AtmelStudio\ArduGirobot_AtmelStudio\ArduinoCore\Debug\libArduinoCore.a(HardwareSerial.o)
                0x00003c06                _ZN14HardwareSerial5flushEv
 .text._ZN14HardwareSerial5beginEmh
                0x00003c4a       0xca P:\robot_mini\Arduino2Wheeler\ArduGirobot_AtmelStudio\ArduGirobot_AtmelStudio\ArduinoCore\Debug\libArduinoCore.a(HardwareSerial.o)
                0x00003c4a                _ZN14HardwareSerial5beginEmh
 .text.__vector_18
                0x00003d14       0x64 P:\robot_mini\Arduino2Wheeler\ArduGirobot_AtmelStudio\ArduGirobot_AtmelStudio\ArduinoCore\Debug\libArduinoCore.a(HardwareSerial0.o)
                0x00003d14                __vector_18
 .text.__vector_19
                0x00003d78       0x4c P:\robot_mini\Arduino2Wheeler\ArduGirobot_AtmelStudio\ArduGirobot_AtmelStudio\ArduinoCore\Debug\libArduinoCore.a(HardwareSerial0.o)
                0x00003d78                __vector_19
 .text._Z17Serial0_availablev
                0x00003dc4       0x14 P:\robot_mini\Arduino2Wheeler\ArduGirobot_AtmelStudio\ArduGirobot_AtmelStudio\ArduinoCore\Debug\libArduinoCore.a(HardwareSerial0.o)
                0x00003dc4                _Z17Serial0_availablev
 .text.startup._GLOBAL__sub_I___vector_18
                0x00003dd8       0x5a P:\robot_mini\Arduino2Wheeler\ArduGirobot_AtmelStudio\ArduGirobot_AtmelStudio\ArduinoCore\Debug\libArduinoCore.a(HardwareSerial0.o)
 .text.initVariant
                0x00003e32        0x2 P:\robot_mini\Arduino2Wheeler\ArduGirobot_AtmelStudio\ArduGirobot_AtmelStudio\ArduinoCore\Debug\libArduinoCore.a(main.o)
                0x00003e32                initVariant
 .text.startup.main
                0x00003e34       0x1e P:\robot_mini\Arduino2Wheeler\ArduGirobot_AtmelStudio\ArduGirobot_AtmelStudio\ArduinoCore\Debug\libArduinoCore.a(main.o)
                0x00003e34                main
 .text._Znwj    0x00003e52        0x4 P:\robot_mini\Arduino2Wheeler\ArduGirobot_AtmelStudio\ArduGirobot_AtmelStudio\ArduinoCore\Debug\libArduinoCore.a(new.o)
                0x00003e52                _Znwj
 .text._ZN5Print5writeEPKhj
                0x00003e56       0x54 P:\robot_mini\Arduino2Wheeler\ArduGirobot_AtmelStudio\ArduGirobot_AtmelStudio\ArduinoCore\Debug\libArduinoCore.a(Print.o)
                0x00003e56                _ZN5Print5writeEPKhj
 .text._ZN5Print5writeEPKc
                0x00003eaa       0x2a P:\robot_mini\Arduino2Wheeler\ArduGirobot_AtmelStudio\ArduGirobot_AtmelStudio\ArduinoCore\Debug\libArduinoCore.a(Print.o)
                0x00003eaa                _ZN5Print5writeEPKc
 .text._ZN5Print5printEc
                0x00003ed4        0xe P:\robot_mini\Arduino2Wheeler\ArduGirobot_AtmelStudio\ArduGirobot_AtmelStudio\ArduinoCore\Debug\libArduinoCore.a(Print.o)
                0x00003ed4                _ZN5Print5printEc
 .text._ZN5Print7printlnEv
                0x00003ee2        0x8 P:\robot_mini\Arduino2Wheeler\ArduGirobot_AtmelStudio\ArduGirobot_AtmelStudio\ArduinoCore\Debug\libArduinoCore.a(Print.o)
                0x00003ee2                _ZN5Print7printlnEv
 .text._ZN5Print7printlnEPKc
                0x00003eea       0x24 P:\robot_mini\Arduino2Wheeler\ArduGirobot_AtmelStudio\ArduGirobot_AtmelStudio\ArduinoCore\Debug\libArduinoCore.a(Print.o)
                0x00003eea                _ZN5Print7printlnEPKc
 .text._ZN5Print11printNumberEmh
                0x00003f0e       0x92 P:\robot_mini\Arduino2Wheeler\ArduGirobot_AtmelStudio\ArduGirobot_AtmelStudio\ArduinoCore\Debug\libArduinoCore.a(Print.o)
                0x00003f0e                _ZN5Print11printNumberEmh
 .text._ZN5Print5printEmi
                0x00003fa0       0x1a P:\robot_mini\Arduino2Wheeler\ArduGirobot_AtmelStudio\ArduGirobot_AtmelStudio\ArduinoCore\Debug\libArduinoCore.a(Print.o)
                0x00003fa0                _ZN5Print5printEmi
 .text._ZN5Print5printEji
                0x00003fba        0xc P:\robot_mini\Arduino2Wheeler\ArduGirobot_AtmelStudio\ArduGirobot_AtmelStudio\ArduinoCore\Debug\libArduinoCore.a(Print.o)
                0x00003fba                _ZN5Print5printEji
 .text._ZN5Print7printlnEmi
                0x00003fc6       0x24 P:\robot_mini\Arduino2Wheeler\ArduGirobot_AtmelStudio\ArduGirobot_AtmelStudio\ArduinoCore\Debug\libArduinoCore.a(Print.o)
                0x00003fc6                _ZN5Print7printlnEmi
 .text._ZN5Print10printFloatEdh
                0x00003fea      0x1b6 P:\robot_mini\Arduino2Wheeler\ArduGirobot_AtmelStudio\ArduGirobot_AtmelStudio\ArduinoCore\Debug\libArduinoCore.a(Print.o)
                0x00003fea                _ZN5Print10printFloatEdh
 .text._ZN5Print7printlnEdi
                0x000041a0       0x24 P:\robot_mini\Arduino2Wheeler\ArduGirobot_AtmelStudio\ArduGirobot_AtmelStudio\ArduinoCore\Debug\libArduinoCore.a(Print.o)
                0x000041a0                _ZN5Print7printlnEdi
 .text.__vector_16
                0x000041c4       0x8c P:\robot_mini\Arduino2Wheeler\ArduGirobot_AtmelStudio\ArduGirobot_AtmelStudio\ArduinoCore\Debug\libArduinoCore.a(wiring.o)
                0x000041c4                __vector_16
 .text.millis   0x00004250       0x18 P:\robot_mini\Arduino2Wheeler\ArduGirobot_AtmelStudio\ArduGirobot_AtmelStudio\ArduinoCore\Debug\libArduinoCore.a(wiring.o)
                0x00004250                millis
 .text.init     0x00004268       0x76 P:\robot_mini\Arduino2Wheeler\ArduGirobot_AtmelStudio\ArduGirobot_AtmelStudio\ArduinoCore\Debug\libArduinoCore.a(wiring.o)
                0x00004268                init
 .text.pinMode  0x000042de       0x78 P:\robot_mini\Arduino2Wheeler\ArduGirobot_AtmelStudio\ArduGirobot_AtmelStudio\ArduinoCore\Debug\libArduinoCore.a(wiring_digital.o)
                0x000042de                pinMode
 .text._Z3maplllll
                0x00004356       0x82 P:\robot_mini\Arduino2Wheeler\ArduGirobot_AtmelStudio\ArduGirobot_AtmelStudio\ArduinoCore\Debug\libArduinoCore.a(WMath.o)
                0x00004356                _Z3maplllll
 .text.avr-libc.fplib
                0x000043d8        0xa e:/ides/atmelstudio/7.0/toolchain/avr8/avr8-gnu-toolchain/bin/../lib/gcc/avr/5.4.0/../../../../avr/lib/avr5\libm.a(unordsf2.o)
                0x000043d8                __unordsf2
 .text.libgcc.mul
                0x000043e2       0x20 e:/ides/atmelstudio/7.0/toolchain/avr8/avr8-gnu-toolchain/bin/../lib/gcc/avr/5.4.0/avr5\libgcc.a(_mulsi3.o)
                0x000043e2                __mulsi3
 .text.libgcc.div
                0x00004402       0x44 e:/ides/atmelstudio/7.0/toolchain/avr8/avr8-gnu-toolchain/bin/../lib/gcc/avr/5.4.0/avr5\libgcc.a(_udivmodsi4.o)
                0x00004402                __udivmodsi4
 .text.libgcc.div
                0x00004446       0x2e e:/ides/atmelstudio/7.0/toolchain/avr8/avr8-gnu-toolchain/bin/../lib/gcc/avr/5.4.0/avr5\libgcc.a(_divmodsi4.o)
                0x00004446                __divmodsi4
 .text.libgcc.div
                0x00004474       0x10 e:/ides/atmelstudio/7.0/toolchain/avr8/avr8-gnu-toolchain/bin/../lib/gcc/avr/5.4.0/avr5\libgcc.a(_negsi2.o)
                0x00004474                __negsi2
 .text.libgcc   0x00004484        0xc e:/ides/atmelstudio/7.0/toolchain/avr8/avr8-gnu-toolchain/bin/../lib/gcc/avr/5.4.0/avr5\libgcc.a(_tablejump2.o)
                0x00004484                __tablejump2__
 .text.libgcc.mul
                0x00004490       0x1e e:/ides/atmelstudio/7.0/toolchain/avr8/avr8-gnu-toolchain/bin/../lib/gcc/avr/5.4.0/avr5\libgcc.a(_umulhisi3.o)
                0x00004490                __umulhisi3
 .text.libgcc.mul
                0x000044ae       0x16 e:/ides/atmelstudio/7.0/toolchain/avr8/avr8-gnu-toolchain/bin/../lib/gcc/avr/5.4.0/avr5\libgcc.a(_muluhisi3.o)
                0x000044ae                __muluhisi3
 .text.avr-libc
                0x000044c4      0x242 e:/ides/atmelstudio/7.0/toolchain/avr8/avr8-gnu-toolchain/bin/../lib/gcc/avr/5.4.0/../../../../avr/lib/avr5\libc.a(malloc.o)
                0x000044c4                malloc
                0x000045f4                free
 .text.avr-libc
                0x00004706        0x8 e:/ides/atmelstudio/7.0/toolchain/avr8/avr8-gnu-toolchain/bin/../lib/gcc/avr/5.4.0/../../../../avr/lib/avr5\libc.a(atof.o)
                0x00004706                atof
 .text.avr-libc
                0x0000470e      0x29c e:/ides/atmelstudio/7.0/toolchain/avr8/avr8-gnu-toolchain/bin/../lib/gcc/avr/5.4.0/../../../../avr/lib/avr5\libc.a(strtod.o)
                0x0000470e                strtod
 .text.avr-libc
                0x000049aa       0x12 e:/ides/atmelstudio/7.0/toolchain/avr8/avr8-gnu-toolchain/bin/../lib/gcc/avr/5.4.0/../../../../avr/lib/avr5\libc.a(isspace.o)
                0x000049aa                isspace
 .text.avr-libc
                0x000049bc       0x30 e:/ides/atmelstudio/7.0/toolchain/avr8/avr8-gnu-toolchain/bin/../lib/gcc/avr/5.4.0/../../../../avr/lib/avr5\libc.a(strncasecmp_P.o)
                0x000049bc                strncasecmp_P
 .text.avr-libc
                0x000049ec        0x6 e:/ides/atmelstudio/7.0/toolchain/avr8/avr8-gnu-toolchain/bin/../lib/gcc/avr/5.4.0/../../../../avr/lib/avr5\libc.a(cty_isfalse.o)
                0x000049ec                __ctype_isfalse
                0x000049f0                __ctype_istrue
 .text.avr-libc
                0x000049f2       0x10 E:/IDEs/AtmelStudio/7.0/Packs/atmel/ATmega_DFP/1.2.150/gcc/dev/atmega328p/avr5\libatmega328p.a(eerd_byte.o)
                0x000049f2                eeprom_read_byte
 .text.avr-libc
                0x00004a02       0x1c E:/IDEs/AtmelStudio/7.0/Packs/atmel/ATmega_DFP/1.2.150/gcc/dev/atmega328p/avr5\libatmega328p.a(eewr_byte.o)
                0x00004a02                eeprom_write_byte
                0x00004a04                eeprom_write_r18
 .text.libgcc.prologue
                0x00004a1e       0x38 e:/ides/atmelstudio/7.0/toolchain/avr8/avr8-gnu-toolchain/bin/../lib/gcc/avr/5.4.0/avr5\libgcc.a(_prologue.o)
                0x00004a1e                __prologue_saves__
 .text.libgcc.prologue
                0x00004a56       0x36 e:/ides/atmelstudio/7.0/toolchain/avr8/avr8-gnu-toolchain/bin/../lib/gcc/avr/5.4.0/avr5\libgcc.a(_epilogue.o)
                0x00004a56                __epilogue_restores__
                0x00004a8c                . = ALIGN (0x2)
 *(.fini9)
 .fini9         0x00004a8c        0x0 e:/ides/atmelstudio/7.0/toolchain/avr8/avr8-gnu-toolchain/bin/../lib/gcc/avr/5.4.0/avr5\libgcc.a(_exit.o)
                0x00004a8c                _exit
                0x00004a8c                exit
 *(.fini9)
 *(.fini8)
 *(.fini8)
 *(.fini7)
 *(.fini7)
 *(.fini6)
 *(.fini6)
 *(.fini5)
 *(.fini5)
 *(.fini4)
 *(.fini4)
 *(.fini3)
 *(.fini3)
 *(.fini2)
 *(.fini2)
 *(.fini1)
 *(.fini1)
 *(.fini0)
 .fini0         0x00004a8c        0x4 e:/ides/atmelstudio/7.0/toolchain/avr8/avr8-gnu-toolchain/bin/../lib/gcc/avr/5.4.0/avr5\libgcc.a(_exit.o)
 *(.fini0)
                0x00004a90                _etext = .

.data           0x00800100       0xd6 load address 0x00004a90
                0x00800100                PROVIDE (__data_start, .)
 *(.data)
 .data          0x00800100        0x6 e:/ides/atmelstudio/7.0/toolchain/avr8/avr8-gnu-toolchain/bin/../lib/gcc/avr/5.4.0/../../../../avr/lib/avr5\libc.a(malloc.o)
                0x00800100                __malloc_heap_end
                0x00800102                __malloc_heap_start
                0x00800104                __malloc_margin
 *(.data*)
 .data._ZZ17Serial_PrintStatsvE5old_i
                0x00800106        0x1 Sketch.o
 .data._ZZ17Serial_PrintStatsvE1i
                0x00800107        0x1 Sketch.o
 .data.cmdLife  0x00800108        0x4 Sketch.o
                0x00800108                cmdLife
 .data.stateRunning
                0x0080010c        0x1 Sketch.o
                0x0080010c                stateRunning
 .data.PrintCycleTimeStats
                0x0080010d        0x1 Sketch.o
                0x0080010d                PrintCycleTimeStats
 .data.PrintP3CfgValues
                0x0080010e        0x1 Sketch.o
                0x0080010e                PrintP3CfgValues
 .data.PrintP2CfgValues
                0x0080010f        0x1 Sketch.o
                0x0080010f                PrintP2CfgValues
 .data.PrintP1CfgValues
                0x00800110        0x1 Sketch.o
                0x00800110                PrintP1CfgValues
 .data.PrintPidCfgValues
                0x00800111        0x1 Sketch.o
                0x00800111                PrintPidCfgValues
 .data.ConnectGiroToMot
                0x00800112        0x1 Sketch.o
                0x00800112                ConnectGiroToMot
 .data.turning_speed
                0x00800113        0x1 Sketch.o
                0x00800113                turning_speed
 .data._ZN6I2Cdev11readTimeoutE
                0x00800114        0x2 src/libraries/I2Cdev/I2Cdev.o
                0x00800114                _ZN6I2Cdev11readTimeoutE
 *(.gnu.linkonce.d*)
 *(.rodata)
 *(.rodata*)
 .rodata.str1.1
                0x00800116       0x8d Sketch.o
 .rodata._ZTV7TwoWire
                0x008001a3       0x12 src/libraries/Wire/src/Wire.o
                0x008001a3                _ZTV7TwoWire
 .rodata._ZTV14HardwareSerial
                0x008001b5       0x12 P:\robot_mini\Arduino2Wheeler\ArduGirobot_AtmelStudio\ArduGirobot_AtmelStudio\ArduinoCore\Debug\libArduinoCore.a(HardwareSerial.o)
                0x008001b5                _ZTV14HardwareSerial
 .rodata.str1.1
                0x008001c7        0xf P:\robot_mini\Arduino2Wheeler\ArduGirobot_AtmelStudio\ArduGirobot_AtmelStudio\ArduinoCore\Debug\libArduinoCore.a(Print.o)
 *(.gnu.linkonce.r*)
                0x008001d6                . = ALIGN (0x2)
                0x008001d6                _edata = .
                0x008001d6                PROVIDE (__data_end, .)

.bss            0x008001d6      0x238
                0x008001d6                PROVIDE (__bss_start, .)
 *(.bss)
 *(.bss*)
 .bss._ZZ13Giro_ReadDatavE13Giro_prevTime
                0x008001d6        0x4 Sketch.o
 .bss._ZZ19UpdateEncoderValuesvE16previousMilliEnc
                0x008001da        0x4 Sketch.o
 .bss._ZZ9SerialComvE22previousMilliSerialLog
                0x008001de        0x4 Sketch.o
 .bss._ZZ18Serial_LookForDatavE3ndx
                0x008001e2        0x1 Sketch.o
 .bss.goRight   0x008001e3        0x1 Sketch.o
                0x008001e3                goRight
 .bss.goLeft    0x008001e4        0x1 Sketch.o
                0x008001e4                goLeft
 .bss.goNormal  0x008001e5        0x1 Sketch.o
                0x008001e5                goNormal
 .bss.goDn      0x008001e6        0x1 Sketch.o
                0x008001e6                goDn
 .bss.goUp      0x008001e7        0x1 Sketch.o
                0x008001e7                goUp
 .bss.cmdStartTime
                0x008001e8        0x4 Sketch.o
                0x008001e8                cmdStartTime
 .bss.Ser_NewData
                0x008001ec        0x1 Sketch.o
                0x008001ec                Ser_NewData
 .bss.Ser_Buffer
                0x008001ed       0x40 Sketch.o
                0x008001ed                Ser_Buffer
 .bss.Giro_Pid  0x0080022d        0x2 Sketch.o
                0x0080022d                Giro_Pid
 .bss.Mot1_Pid  0x0080022f        0x2 Sketch.o
                0x0080022f                Mot1_Pid
 .bss.Mot0_Pid  0x00800231        0x2 Sketch.o
                0x00800231                Mot0_Pid
 .bss.Giro_PidCtl
                0x00800233        0x2 Sketch.o
                0x00800233                Giro_PidCtl
 .bss.Mot1_PidCtl
                0x00800235        0x2 Sketch.o
                0x00800235                Mot1_PidCtl
 .bss.Mot0_PidCtl
                0x00800237        0x2 Sketch.o
                0x00800237                Mot0_PidCtl
 .bss.getUp     0x00800239        0x1 Sketch.o
                0x00800239                getUp
 .bss.Giro_PrevAngle
                0x0080023a        0x4 Sketch.o
                0x0080023a                Giro_PrevAngle
 .bss.Giro_FilteredAngle
                0x0080023e        0x4 Sketch.o
                0x0080023e                Giro_FilteredAngle
 .bss.Giro_Angle
                0x00800242        0x4 Sketch.o
                0x00800242                Giro_Angle
 .bss.Giro_AccAngle
                0x00800246        0x4 Sketch.o
                0x00800246                Giro_AccAngle
 .bss.Giro_Rate
                0x0080024a        0x2 Sketch.o
                0x0080024a                Giro_Rate
 .bss.Giro_RotX
                0x0080024c        0x2 Sketch.o
                0x0080024c                Giro_RotX
 .bss.Giro_AccZ
                0x0080024e        0x2 Sketch.o
                0x0080024e                Giro_AccZ
 .bss.Giro_AccY
                0x00800250        0x2 Sketch.o
                0x00800250                Giro_AccY
 .bss.mpu       0x00800252        0xf Sketch.o
                0x00800252                mpu
 .bss.serialLoopTime
                0x00800261        0x4 Sketch.o
                0x00800261                serialLoopTime
 .bss.normalLoopTime
                0x00800265        0x4 Sketch.o
                0x00800265                normalLoopTime
 .bss.RemoteBtnC
                0x00800269        0x1 Sketch.o
                0x00800269                RemoteBtnC
 .bss.RemoteBtnZ
                0x0080026a        0x1 Sketch.o
                0x0080026a                RemoteBtnZ
 .bss.RemoteDirLeft
                0x0080026b        0x1 Sketch.o
                0x0080026b                RemoteDirLeft
 .bss.RemoteDirRight
                0x0080026c        0x1 Sketch.o
                0x0080026c                RemoteDirRight
 .bss.RemoteDirDn
                0x0080026d        0x1 Sketch.o
                0x0080026d                RemoteDirDn
 .bss.RemoteDirUp
                0x0080026e        0x1 Sketch.o
                0x0080026e                RemoteDirUp
 .bss.sonar     0x0080026f       0x12 Sketch.o
                0x0080026f                sonar
 .bss.intFunc   0x00800281        0x2 src/libraries/NewPing/NewPing.o
                0x00800281                intFunc
 .bss.twi_error
                0x00800283        0x1 src/libraries/Wire/src/utility/twi.o
 .bss.twi_rxBufferIndex
                0x00800284        0x1 src/libraries/Wire/src/utility/twi.o
 .bss.twi_rxBuffer
                0x00800285       0x20 src/libraries/Wire/src/utility/twi.o
 .bss.twi_txBufferLength
                0x008002a5        0x1 src/libraries/Wire/src/utility/twi.o
 .bss.twi_txBufferIndex
                0x008002a6        0x1 src/libraries/Wire/src/utility/twi.o
 .bss.twi_txBuffer
                0x008002a7       0x20 src/libraries/Wire/src/utility/twi.o
 .bss.twi_masterBufferLength
                0x008002c7        0x1 src/libraries/Wire/src/utility/twi.o
 .bss.twi_masterBufferIndex
                0x008002c8        0x1 src/libraries/Wire/src/utility/twi.o
 .bss.twi_masterBuffer
                0x008002c9       0x20 src/libraries/Wire/src/utility/twi.o
 .bss.twi_onSlaveReceive
                0x008002e9        0x2 src/libraries/Wire/src/utility/twi.o
 .bss.twi_onSlaveTransmit
                0x008002eb        0x2 src/libraries/Wire/src/utility/twi.o
 .bss.twi_inRepStart
                0x008002ed        0x1 src/libraries/Wire/src/utility/twi.o
 .bss.twi_sendStop
                0x008002ee        0x1 src/libraries/Wire/src/utility/twi.o
 .bss.twi_slarw
                0x008002ef        0x1 src/libraries/Wire/src/utility/twi.o
 .bss.twi_state
                0x008002f0        0x1 src/libraries/Wire/src/utility/twi.o
 .bss.Wire      0x008002f1        0xc src/libraries/Wire/src/Wire.o
                0x008002f1                Wire
 .bss._ZN7TwoWire12transmittingE
                0x008002fd        0x1 src/libraries/Wire/src/Wire.o
                0x008002fd                _ZN7TwoWire12transmittingE
 .bss._ZN7TwoWire14txBufferLengthE
                0x008002fe        0x1 src/libraries/Wire/src/Wire.o
                0x008002fe                _ZN7TwoWire14txBufferLengthE
 .bss._ZN7TwoWire13txBufferIndexE
                0x008002ff        0x1 src/libraries/Wire/src/Wire.o
                0x008002ff                _ZN7TwoWire13txBufferIndexE
 .bss._ZN7TwoWire8txBufferE
                0x00800300       0x20 src/libraries/Wire/src/Wire.o
                0x00800300                _ZN7TwoWire8txBufferE
 .bss._ZN7TwoWire9txAddressE
                0x00800320        0x1 src/libraries/Wire/src/Wire.o
                0x00800320                _ZN7TwoWire9txAddressE
 .bss._ZN7TwoWire14rxBufferLengthE
                0x00800321        0x1 src/libraries/Wire/src/Wire.o
                0x00800321                _ZN7TwoWire14rxBufferLengthE
 .bss._ZN7TwoWire13rxBufferIndexE
                0x00800322        0x1 src/libraries/Wire/src/Wire.o
                0x00800322                _ZN7TwoWire13rxBufferIndexE
 .bss._ZN7TwoWire8rxBufferE
                0x00800323       0x20 src/libraries/Wire/src/Wire.o
                0x00800323                _ZN7TwoWire8rxBufferE
 .bss.accelgyro
                0x00800343        0xf src/MPU6050Calib.o
                0x00800343                accelgyro
 .bss.Mot0_tmpState
                0x00800352        0x1 src/my_libs/ENC_lib.o
                0x00800352                Mot0_tmpState
 .bss.Mot0_p2Val
                0x00800353        0x1 src/my_libs/ENC_lib.o
                0x00800353                Mot0_p2Val
 .bss.Mot0_p1Val
                0x00800354        0x1 src/my_libs/ENC_lib.o
                0x00800354                Mot0_p1Val
 .bss.Mot0_state
                0x00800355        0x1 src/my_libs/ENC_lib.o
                0x00800355                Mot0_state
 .bss.Mot1_tmpState
                0x00800356        0x1 src/my_libs/ENC_lib.o
                0x00800356                Mot1_tmpState
 .bss.Mot1_p2Val
                0x00800357        0x1 src/my_libs/ENC_lib.o
                0x00800357                Mot1_p2Val
 .bss.Mot1_p1Val
                0x00800358        0x1 src/my_libs/ENC_lib.o
                0x00800358                Mot1_p1Val
 .bss.Mot1_state
                0x00800359        0x1 src/my_libs/ENC_lib.o
                0x00800359                Mot1_state
 .bss.Mot1_Enc  0x0080035a        0x4 src/my_libs/ENC_lib.o
                0x0080035a                Mot1_Enc
 .bss.Mot0_Enc  0x0080035e        0x4 src/my_libs/ENC_lib.o
                0x0080035e                Mot0_Enc
 .bss.Serial    0x00800362       0x9d P:\robot_mini\Arduino2Wheeler\ArduGirobot_AtmelStudio\ArduGirobot_AtmelStudio\ArduinoCore\Debug\libArduinoCore.a(HardwareSerial0.o)
                0x00800362                Serial
 .bss.timer0_fract
                0x008003ff        0x1 P:\robot_mini\Arduino2Wheeler\ArduGirobot_AtmelStudio\ArduGirobot_AtmelStudio\ArduinoCore\Debug\libArduinoCore.a(wiring.o)
 .bss.timer0_millis
                0x00800400        0x4 P:\robot_mini\Arduino2Wheeler\ArduGirobot_AtmelStudio\ArduGirobot_AtmelStudio\ArduinoCore\Debug\libArduinoCore.a(wiring.o)
                0x00800400                timer0_millis
 .bss.timer0_overflow_count
                0x00800404        0x4 P:\robot_mini\Arduino2Wheeler\ArduGirobot_AtmelStudio\ArduGirobot_AtmelStudio\ArduinoCore\Debug\libArduinoCore.a(wiring.o)
                0x00800404                timer0_overflow_count
 *(COMMON)
 COMMON         0x00800408        0x4 e:/ides/atmelstudio/7.0/toolchain/avr8/avr8-gnu-toolchain/bin/../lib/gcc/avr/5.4.0/../../../../avr/lib/avr5\libc.a(malloc.o)
                0x00800408                __brkval
                0x0080040a                __flp
 COMMON         0x0080040c        0x2 e:/ides/atmelstudio/7.0/toolchain/avr8/avr8-gnu-toolchain/bin/../lib/gcc/avr/5.4.0/../../../../avr/lib/avr5\libc.a(errno.o)
                0x0080040c                errno
                0x0080040e                PROVIDE (__bss_end, .)
                0x00004a90                __data_load_start = LOADADDR (.data)
                0x00004b66                __data_load_end = (__data_load_start + SIZEOF (.data))

.noinit         0x0080040e        0x0
                [!provide]                PROVIDE (__noinit_start, .)
 *(.noinit*)
                [!provide]                PROVIDE (__noinit_end, .)
                0x0080040e                _end = .
                0x0080040e                PROVIDE (__heap_start, .)

.eeprom         0x00810000        0x0
 *(.eeprom*)
                0x00810000                __eeprom_end = .

.fuse
 *(.fuse)
 *(.lfuse)
 *(.hfuse)
 *(.efuse)

.lock
 *(.lock*)

.signature
 *(.signature*)

.user_signatures
 *(.user_signatures*)

.stab
 *(.stab)

.stabstr
 *(.stabstr)

.stab.excl
 *(.stab.excl)

.stab.exclstr
 *(.stab.exclstr)

.stab.index
 *(.stab.index)

.stab.indexstr
 *(.stab.indexstr)

.comment        0x00000000       0x5c
 *(.comment)
 .comment       0x00000000       0x30 Sketch.o
                                 0x31 (size before relaxing)
 .comment       0x00000030       0x31 src/libraries/Arduino-PID-Library-master/PID_v1.o
 .comment       0x00000030       0x31 src/libraries/I2Cdev/I2Cdev.o
 .comment       0x00000030       0x31 src/libraries/MPU6050/MPU6050.o
 .comment       0x00000030       0x31 src/libraries/NewPing/NewPing.o
 .comment       0x00000030       0x31 src/libraries/Wire/src/utility/twi.o
 .comment       0x00000030       0x31 src/libraries/Wire/src/Wire.o
 .comment       0x00000030       0x31 src/MPU6050Calib.o
 .comment       0x00000030       0x31 src/my_libs/ENC_lib.o
 .comment       0x00000030       0x31 src/my_libs/MOT_lib.o
 .comment       0x00000030       0x31 src/my_libs/pwm_basic.o
 .comment       0x00000030       0x31 P:\robot_mini\Arduino2Wheeler\ArduGirobot_AtmelStudio\ArduGirobot_AtmelStudio\ArduinoCore\Debug\libArduinoCore.a(HardwareSerial.o)
 .comment       0x00000030       0x31 P:\robot_mini\Arduino2Wheeler\ArduGirobot_AtmelStudio\ArduGirobot_AtmelStudio\ArduinoCore\Debug\libArduinoCore.a(HardwareSerial0.o)
 .comment       0x00000030       0x31 P:\robot_mini\Arduino2Wheeler\ArduGirobot_AtmelStudio\ArduGirobot_AtmelStudio\ArduinoCore\Debug\libArduinoCore.a(main.o)
 .comment       0x00000030       0x31 P:\robot_mini\Arduino2Wheeler\ArduGirobot_AtmelStudio\ArduGirobot_AtmelStudio\ArduinoCore\Debug\libArduinoCore.a(new.o)
 .comment       0x00000030       0x31 P:\robot_mini\Arduino2Wheeler\ArduGirobot_AtmelStudio\ArduGirobot_AtmelStudio\ArduinoCore\Debug\libArduinoCore.a(Print.o)
 .comment       0x00000030       0x31 P:\robot_mini\Arduino2Wheeler\ArduGirobot_AtmelStudio\ArduGirobot_AtmelStudio\ArduinoCore\Debug\libArduinoCore.a(wiring.o)
 .comment       0x00000030       0x31 P:\robot_mini\Arduino2Wheeler\ArduGirobot_AtmelStudio\ArduGirobot_AtmelStudio\ArduinoCore\Debug\libArduinoCore.a(wiring_digital.o)
 .comment       0x00000030       0x31 P:\robot_mini\Arduino2Wheeler\ArduGirobot_AtmelStudio\ArduGirobot_AtmelStudio\ArduinoCore\Debug\libArduinoCore.a(WMath.o)
 .comment       0x00000030       0x31 e:/ides/atmelstudio/7.0/toolchain/avr8/avr8-gnu-toolchain/bin/../lib/gcc/avr/5.4.0/../../../../avr/lib/avr5\libc.a(malloc.o)
 .comment       0x00000030       0x31 e:/ides/atmelstudio/7.0/toolchain/avr8/avr8-gnu-toolchain/bin/../lib/gcc/avr/5.4.0/../../../../avr/lib/avr5\libc.a(strtod.o)
 .comment       0x00000030       0x2c e:/ides/atmelstudio/7.0/toolchain/avr8/avr8-gnu-toolchain/bin/../lib/gcc/avr/5.4.0/../../../../avr/lib/avr5\libc.a(errno.o)
                                 0x2d (size before relaxing)

.note.gnu.avr.deviceinfo
                0x00000000       0x40
 .note.gnu.avr.deviceinfo
                0x00000000       0x40 E:/IDEs/AtmelStudio/7.0/Packs/atmel/ATmega_DFP/1.2.150/gcc/dev/atmega328p/avr5/crtatmega328p.o

.note.gnu.build-id
 *(.note.gnu.build-id)

.debug
 *(.debug)

.line
 *(.line)

.debug_srcinfo
 *(.debug_srcinfo)

.debug_sfnames
 *(.debug_sfnames)

.debug_aranges  0x00000000      0x310
 *(.debug_aranges)
 .debug_aranges
                0x00000000       0x68 P:\robot_mini\Arduino2Wheeler\ArduGirobot_AtmelStudio\ArduGirobot_AtmelStudio\ArduinoCore\Debug\libArduinoCore.a(HardwareSerial.o)
 .debug_aranges
                0x00000068       0x48 P:\robot_mini\Arduino2Wheeler\ArduGirobot_AtmelStudio\ArduGirobot_AtmelStudio\ArduinoCore\Debug\libArduinoCore.a(HardwareSerial0.o)
 .debug_aranges
                0x000000b0       0x30 P:\robot_mini\Arduino2Wheeler\ArduGirobot_AtmelStudio\ArduGirobot_AtmelStudio\ArduinoCore\Debug\libArduinoCore.a(main.o)
 .debug_aranges
                0x000000e0       0x28 P:\robot_mini\Arduino2Wheeler\ArduGirobot_AtmelStudio\ArduGirobot_AtmelStudio\ArduinoCore\Debug\libArduinoCore.a(new.o)
 .debug_aranges
                0x00000108      0x100 P:\robot_mini\Arduino2Wheeler\ArduGirobot_AtmelStudio\ArduGirobot_AtmelStudio\ArduinoCore\Debug\libArduinoCore.a(Print.o)
 .debug_aranges
                0x00000208       0x48 P:\robot_mini\Arduino2Wheeler\ArduGirobot_AtmelStudio\ArduGirobot_AtmelStudio\ArduinoCore\Debug\libArduinoCore.a(wiring.o)
 .debug_aranges
                0x00000250       0x38 P:\robot_mini\Arduino2Wheeler\ArduGirobot_AtmelStudio\ArduGirobot_AtmelStudio\ArduinoCore\Debug\libArduinoCore.a(wiring_digital.o)
 .debug_aranges
                0x00000288       0x48 P:\robot_mini\Arduino2Wheeler\ArduGirobot_AtmelStudio\ArduGirobot_AtmelStudio\ArduinoCore\Debug\libArduinoCore.a(WMath.o)
 .debug_aranges
                0x000002d0       0x20 E:/IDEs/AtmelStudio/7.0/Packs/atmel/ATmega_DFP/1.2.150/gcc/dev/atmega328p/avr5\libatmega328p.a(eerd_byte.o)
 .debug_aranges
                0x000002f0       0x20 E:/IDEs/AtmelStudio/7.0/Packs/atmel/ATmega_DFP/1.2.150/gcc/dev/atmega328p/avr5\libatmega328p.a(eewr_byte.o)

.debug_pubnames
 *(.debug_pubnames)

.debug_info     0x00000000     0x7836
 *(.debug_info .gnu.linkonce.wi.*)
 .debug_info    0x00000000      0x5f4 E:/IDEs/AtmelStudio/7.0/Packs/atmel/ATmega_DFP/1.2.150/gcc/dev/atmega328p/avr5/crtatmega328p.o
 .debug_info    0x000005f4     0x1e89 P:\robot_mini\Arduino2Wheeler\ArduGirobot_AtmelStudio\ArduGirobot_AtmelStudio\ArduinoCore\Debug\libArduinoCore.a(HardwareSerial.o)
 .debug_info    0x0000247d     0x1b16 P:\robot_mini\Arduino2Wheeler\ArduGirobot_AtmelStudio\ArduGirobot_AtmelStudio\ArduinoCore\Debug\libArduinoCore.a(HardwareSerial0.o)
 .debug_info    0x00003f93      0x237 P:\robot_mini\Arduino2Wheeler\ArduGirobot_AtmelStudio\ArduGirobot_AtmelStudio\ArduinoCore\Debug\libArduinoCore.a(main.o)
 .debug_info    0x000041ca      0x11c P:\robot_mini\Arduino2Wheeler\ArduGirobot_AtmelStudio\ArduGirobot_AtmelStudio\ArduinoCore\Debug\libArduinoCore.a(new.o)
 .debug_info    0x000042e6     0x28ff P:\robot_mini\Arduino2Wheeler\ArduGirobot_AtmelStudio\ArduGirobot_AtmelStudio\ArduinoCore\Debug\libArduinoCore.a(Print.o)
 .debug_info    0x00006be5      0x2cb P:\robot_mini\Arduino2Wheeler\ArduGirobot_AtmelStudio\ArduGirobot_AtmelStudio\ArduinoCore\Debug\libArduinoCore.a(wiring.o)
 .debug_info    0x00006eb0      0x5fe P:\robot_mini\Arduino2Wheeler\ArduGirobot_AtmelStudio\ArduGirobot_AtmelStudio\ArduinoCore\Debug\libArduinoCore.a(wiring_digital.o)
 .debug_info    0x000074ae      0x230 P:\robot_mini\Arduino2Wheeler\ArduGirobot_AtmelStudio\ArduGirobot_AtmelStudio\ArduinoCore\Debug\libArduinoCore.a(WMath.o)
 .debug_info    0x000076de       0xac E:/IDEs/AtmelStudio/7.0/Packs/atmel/ATmega_DFP/1.2.150/gcc/dev/atmega328p/avr5\libatmega328p.a(eerd_byte.o)
 .debug_info    0x0000778a       0xac E:/IDEs/AtmelStudio/7.0/Packs/atmel/ATmega_DFP/1.2.150/gcc/dev/atmega328p/avr5\libatmega328p.a(eewr_byte.o)

.debug_abbrev   0x00000000     0x180b
 *(.debug_abbrev)
 .debug_abbrev  0x00000000      0x5a2 E:/IDEs/AtmelStudio/7.0/Packs/atmel/ATmega_DFP/1.2.150/gcc/dev/atmega328p/avr5/crtatmega328p.o
 .debug_abbrev  0x000005a2      0x432 P:\robot_mini\Arduino2Wheeler\ArduGirobot_AtmelStudio\ArduGirobot_AtmelStudio\ArduinoCore\Debug\libArduinoCore.a(HardwareSerial.o)
 .debug_abbrev  0x000009d4      0x3ce P:\robot_mini\Arduino2Wheeler\ArduGirobot_AtmelStudio\ArduGirobot_AtmelStudio\ArduinoCore\Debug\libArduinoCore.a(HardwareSerial0.o)
 .debug_abbrev  0x00000da2      0x12d P:\robot_mini\Arduino2Wheeler\ArduGirobot_AtmelStudio\ArduGirobot_AtmelStudio\ArduinoCore\Debug\libArduinoCore.a(main.o)
 .debug_abbrev  0x00000ecf       0xce P:\robot_mini\Arduino2Wheeler\ArduGirobot_AtmelStudio\ArduGirobot_AtmelStudio\ArduinoCore\Debug\libArduinoCore.a(new.o)
 .debug_abbrev  0x00000f9d      0x47a P:\robot_mini\Arduino2Wheeler\ArduGirobot_AtmelStudio\ArduGirobot_AtmelStudio\ArduinoCore\Debug\libArduinoCore.a(Print.o)
 .debug_abbrev  0x00001417      0x146 P:\robot_mini\Arduino2Wheeler\ArduGirobot_AtmelStudio\ArduGirobot_AtmelStudio\ArduinoCore\Debug\libArduinoCore.a(wiring.o)
 .debug_abbrev  0x0000155d      0x15b P:\robot_mini\Arduino2Wheeler\ArduGirobot_AtmelStudio\ArduGirobot_AtmelStudio\ArduinoCore\Debug\libArduinoCore.a(wiring_digital.o)
 .debug_abbrev  0x000016b8      0x12b P:\robot_mini\Arduino2Wheeler\ArduGirobot_AtmelStudio\ArduGirobot_AtmelStudio\ArduinoCore\Debug\libArduinoCore.a(WMath.o)
 .debug_abbrev  0x000017e3       0x14 E:/IDEs/AtmelStudio/7.0/Packs/atmel/ATmega_DFP/1.2.150/gcc/dev/atmega328p/avr5\libatmega328p.a(eerd_byte.o)
 .debug_abbrev  0x000017f7       0x14 E:/IDEs/AtmelStudio/7.0/Packs/atmel/ATmega_DFP/1.2.150/gcc/dev/atmega328p/avr5\libatmega328p.a(eewr_byte.o)

.debug_line     0x00000000     0x17fc
 *(.debug_line .debug_line.* .debug_line_end)
 .debug_line    0x00000000      0x133 E:/IDEs/AtmelStudio/7.0/Packs/atmel/ATmega_DFP/1.2.150/gcc/dev/atmega328p/avr5/crtatmega328p.o
 .debug_line    0x00000133      0x41b P:\robot_mini\Arduino2Wheeler\ArduGirobot_AtmelStudio\ArduGirobot_AtmelStudio\ArduinoCore\Debug\libArduinoCore.a(HardwareSerial.o)
 .debug_line    0x0000054e      0x281 P:\robot_mini\Arduino2Wheeler\ArduGirobot_AtmelStudio\ArduGirobot_AtmelStudio\ArduinoCore\Debug\libArduinoCore.a(HardwareSerial0.o)
 .debug_line    0x000007cf      0x16a P:\robot_mini\Arduino2Wheeler\ArduGirobot_AtmelStudio\ArduGirobot_AtmelStudio\ArduinoCore\Debug\libArduinoCore.a(main.o)
 .debug_line    0x00000939      0x10f P:\robot_mini\Arduino2Wheeler\ArduGirobot_AtmelStudio\ArduGirobot_AtmelStudio\ArduinoCore\Debug\libArduinoCore.a(new.o)
 .debug_line    0x00000a48      0x67a P:\robot_mini\Arduino2Wheeler\ArduGirobot_AtmelStudio\ArduGirobot_AtmelStudio\ArduinoCore\Debug\libArduinoCore.a(Print.o)
 .debug_line    0x000010c2      0x298 P:\robot_mini\Arduino2Wheeler\ArduGirobot_AtmelStudio\ArduGirobot_AtmelStudio\ArduinoCore\Debug\libArduinoCore.a(wiring.o)
 .debug_line    0x0000135a      0x257 P:\robot_mini\Arduino2Wheeler\ArduGirobot_AtmelStudio\ArduGirobot_AtmelStudio\ArduinoCore\Debug\libArduinoCore.a(wiring_digital.o)
 .debug_line    0x000015b1      0x133 P:\robot_mini\Arduino2Wheeler\ArduGirobot_AtmelStudio\ArduGirobot_AtmelStudio\ArduinoCore\Debug\libArduinoCore.a(WMath.o)
 .debug_line    0x000016e4       0x7a E:/IDEs/AtmelStudio/7.0/Packs/atmel/ATmega_DFP/1.2.150/gcc/dev/atmega328p/avr5\libatmega328p.a(eerd_byte.o)
 .debug_line    0x0000175e       0x9e E:/IDEs/AtmelStudio/7.0/Packs/atmel/ATmega_DFP/1.2.150/gcc/dev/atmega328p/avr5\libatmega328p.a(eewr_byte.o)

.debug_frame    0x00000000      0x878
 *(.debug_frame)
 .debug_frame   0x00000000      0x110 P:\robot_mini\Arduino2Wheeler\ArduGirobot_AtmelStudio\ArduGirobot_AtmelStudio\ArduinoCore\Debug\libArduinoCore.a(HardwareSerial.o)
 .debug_frame   0x00000110       0xe0 P:\robot_mini\Arduino2Wheeler\ArduGirobot_AtmelStudio\ArduGirobot_AtmelStudio\ArduinoCore\Debug\libArduinoCore.a(HardwareSerial0.o)
 .debug_frame   0x000001f0       0x54 P:\robot_mini\Arduino2Wheeler\ArduGirobot_AtmelStudio\ArduGirobot_AtmelStudio\ArduinoCore\Debug\libArduinoCore.a(main.o)
 .debug_frame   0x00000244       0x54 P:\robot_mini\Arduino2Wheeler\ArduGirobot_AtmelStudio\ArduGirobot_AtmelStudio\ArduinoCore\Debug\libArduinoCore.a(new.o)
 .debug_frame   0x00000298      0x3ac P:\robot_mini\Arduino2Wheeler\ArduGirobot_AtmelStudio\ArduGirobot_AtmelStudio\ArduinoCore\Debug\libArduinoCore.a(Print.o)
 .debug_frame   0x00000644       0xc4 P:\robot_mini\Arduino2Wheeler\ArduGirobot_AtmelStudio\ArduGirobot_AtmelStudio\ArduinoCore\Debug\libArduinoCore.a(wiring.o)
 .debug_frame   0x00000708       0x7c P:\robot_mini\Arduino2Wheeler\ArduGirobot_AtmelStudio\ArduGirobot_AtmelStudio\ArduinoCore\Debug\libArduinoCore.a(wiring_digital.o)
 .debug_frame   0x00000784       0xf4 P:\robot_mini\Arduino2Wheeler\ArduGirobot_AtmelStudio\ArduGirobot_AtmelStudio\ArduinoCore\Debug\libArduinoCore.a(WMath.o)

.debug_str      0x00000000     0x1f92
 *(.debug_str)
 .debug_str     0x00000000      0x208 E:/IDEs/AtmelStudio/7.0/Packs/atmel/ATmega_DFP/1.2.150/gcc/dev/atmega328p/avr5/crtatmega328p.o
 .debug_str     0x00000208     0x1547 P:\robot_mini\Arduino2Wheeler\ArduGirobot_AtmelStudio\ArduGirobot_AtmelStudio\ArduinoCore\Debug\libArduinoCore.a(HardwareSerial.o)
                               0x15f7 (size before relaxing)
 .debug_str     0x0000174f       0xca P:\robot_mini\Arduino2Wheeler\ArduGirobot_AtmelStudio\ArduGirobot_AtmelStudio\ArduinoCore\Debug\libArduinoCore.a(HardwareSerial0.o)
                               0x1413 (size before relaxing)
 .debug_str     0x00001819       0x42 P:\robot_mini\Arduino2Wheeler\ArduGirobot_AtmelStudio\ArduGirobot_AtmelStudio\ArduinoCore\Debug\libArduinoCore.a(main.o)
                                0x2bf (size before relaxing)
 .debug_str     0x0000185b       0x55 P:\robot_mini\Arduino2Wheeler\ArduGirobot_AtmelStudio\ArduGirobot_AtmelStudio\ArduinoCore\Debug\libArduinoCore.a(new.o)
                                0x1d5 (size before relaxing)
 .debug_str     0x000018b0      0x3ec P:\robot_mini\Arduino2Wheeler\ArduGirobot_AtmelStudio\ArduGirobot_AtmelStudio\ArduinoCore\Debug\libArduinoCore.a(Print.o)
                               0x124d (size before relaxing)
 .debug_str     0x00001c9c      0x162 P:\robot_mini\Arduino2Wheeler\ArduGirobot_AtmelStudio\ArduGirobot_AtmelStudio\ArduinoCore\Debug\libArduinoCore.a(wiring.o)
                                0x255 (size before relaxing)
 .debug_str     0x00001dfe       0xdc P:\robot_mini\Arduino2Wheeler\ArduGirobot_AtmelStudio\ArduGirobot_AtmelStudio\ArduinoCore\Debug\libArduinoCore.a(wiring_digital.o)
                                0x2ba (size before relaxing)
 .debug_str     0x00001eda       0xb8 P:\robot_mini\Arduino2Wheeler\ArduGirobot_AtmelStudio\ArduGirobot_AtmelStudio\ArduinoCore\Debug\libArduinoCore.a(WMath.o)
                                0x258 (size before relaxing)

.debug_loc      0x00000000     0x2f1e
 *(.debug_loc)
 .debug_loc     0x00000000      0x482 P:\robot_mini\Arduino2Wheeler\ArduGirobot_AtmelStudio\ArduGirobot_AtmelStudio\ArduinoCore\Debug\libArduinoCore.a(HardwareSerial.o)
 .debug_loc     0x00000482      0x1b0 P:\robot_mini\Arduino2Wheeler\ArduGirobot_AtmelStudio\ArduGirobot_AtmelStudio\ArduinoCore\Debug\libArduinoCore.a(HardwareSerial0.o)
 .debug_loc     0x00000632       0x4c P:\robot_mini\Arduino2Wheeler\ArduGirobot_AtmelStudio\ArduGirobot_AtmelStudio\ArduinoCore\Debug\libArduinoCore.a(new.o)
 .debug_loc     0x0000067e     0x1c87 P:\robot_mini\Arduino2Wheeler\ArduGirobot_AtmelStudio\ArduGirobot_AtmelStudio\ArduinoCore\Debug\libArduinoCore.a(Print.o)
 .debug_loc     0x00002305      0x247 P:\robot_mini\Arduino2Wheeler\ArduGirobot_AtmelStudio\ArduGirobot_AtmelStudio\ArduinoCore\Debug\libArduinoCore.a(wiring.o)
 .debug_loc     0x0000254c      0x5fc P:\robot_mini\Arduino2Wheeler\ArduGirobot_AtmelStudio\ArduGirobot_AtmelStudio\ArduinoCore\Debug\libArduinoCore.a(wiring_digital.o)
 .debug_loc     0x00002b48      0x3d6 P:\robot_mini\Arduino2Wheeler\ArduGirobot_AtmelStudio\ArduGirobot_AtmelStudio\ArduinoCore\Debug\libArduinoCore.a(WMath.o)

.debug_macinfo
 *(.debug_macinfo)

.debug_weaknames
 *(.debug_weaknames)

.debug_funcnames
 *(.debug_funcnames)

.debug_typenames
 *(.debug_typenames)

.debug_varnames
 *(.debug_varnames)

.debug_pubtypes
 *(.debug_pubtypes)

.debug_ranges   0x00000000      0x280
 *(.debug_ranges)
 .debug_ranges  0x00000000       0x58 P:\robot_mini\Arduino2Wheeler\ArduGirobot_AtmelStudio\ArduGirobot_AtmelStudio\ArduinoCore\Debug\libArduinoCore.a(HardwareSerial.o)
 .debug_ranges  0x00000058       0x38 P:\robot_mini\Arduino2Wheeler\ArduGirobot_AtmelStudio\ArduGirobot_AtmelStudio\ArduinoCore\Debug\libArduinoCore.a(HardwareSerial0.o)
 .debug_ranges  0x00000090       0x20 P:\robot_mini\Arduino2Wheeler\ArduGirobot_AtmelStudio\ArduGirobot_AtmelStudio\ArduinoCore\Debug\libArduinoCore.a(main.o)
 .debug_ranges  0x000000b0       0x18 P:\robot_mini\Arduino2Wheeler\ArduGirobot_AtmelStudio\ArduGirobot_AtmelStudio\ArduinoCore\Debug\libArduinoCore.a(new.o)
 .debug_ranges  0x000000c8      0x120 P:\robot_mini\Arduino2Wheeler\ArduGirobot_AtmelStudio\ArduGirobot_AtmelStudio\ArduinoCore\Debug\libArduinoCore.a(Print.o)
 .debug_ranges  0x000001e8       0x38 P:\robot_mini\Arduino2Wheeler\ArduGirobot_AtmelStudio\ArduGirobot_AtmelStudio\ArduinoCore\Debug\libArduinoCore.a(wiring.o)
 .debug_ranges  0x00000220       0x28 P:\robot_mini\Arduino2Wheeler\ArduGirobot_AtmelStudio\ArduGirobot_AtmelStudio\ArduinoCore\Debug\libArduinoCore.a(wiring_digital.o)
 .debug_ranges  0x00000248       0x38 P:\robot_mini\Arduino2Wheeler\ArduGirobot_AtmelStudio\ArduGirobot_AtmelStudio\ArduinoCore\Debug\libArduinoCore.a(WMath.o)

.debug_macro
 *(.debug_macro)
OUTPUT(ArduGirobot.elf elf32-avr)
LOAD linker stubs
