Archive member included to satisfy reference by file (symbol)

c:/program files (x86)/atmel/studio/7.0/toolchain/avr8/avr8-gnu-toolchain/bin/../lib/gcc/avr/5.4.0/../../../../avr/lib/avr5\libm.a(addsf3.o)
                              Sketch.o (__subsf3)
c:/program files (x86)/atmel/studio/7.0/toolchain/avr8/avr8-gnu-toolchain/bin/../lib/gcc/avr/5.4.0/../../../../avr/lib/avr5\libm.a(addsf3x.o)
                              c:/program files (x86)/atmel/studio/7.0/toolchain/avr8/avr8-gnu-toolchain/bin/../lib/gcc/avr/5.4.0/../../../../avr/lib/avr5\libm.a(addsf3.o) (__addsf3x)
c:/program files (x86)/atmel/studio/7.0/toolchain/avr8/avr8-gnu-toolchain/bin/../lib/gcc/avr/5.4.0/../../../../avr/lib/avr5\libm.a(atan2.o)
                              Sketch.o (atan2)
c:/program files (x86)/atmel/studio/7.0/toolchain/avr8/avr8-gnu-toolchain/bin/../lib/gcc/avr/5.4.0/../../../../avr/lib/avr5\libm.a(atan.o)
                              c:/program files (x86)/atmel/studio/7.0/toolchain/avr8/avr8-gnu-toolchain/bin/../lib/gcc/avr/5.4.0/../../../../avr/lib/avr5\libm.a(atan2.o) (atan)
c:/program files (x86)/atmel/studio/7.0/toolchain/avr8/avr8-gnu-toolchain/bin/../lib/gcc/avr/5.4.0/../../../../avr/lib/avr5\libm.a(cmpsf2.o)
                              Sketch.o (__ltsf2)
c:/program files (x86)/atmel/studio/7.0/toolchain/avr8/avr8-gnu-toolchain/bin/../lib/gcc/avr/5.4.0/../../../../avr/lib/avr5\libm.a(divsf3.o)
                              Sketch.o (__divsf3)
c:/program files (x86)/atmel/studio/7.0/toolchain/avr8/avr8-gnu-toolchain/bin/../lib/gcc/avr/5.4.0/../../../../avr/lib/avr5\libm.a(divsf3x.o)
                              c:/program files (x86)/atmel/studio/7.0/toolchain/avr8/avr8-gnu-toolchain/bin/../lib/gcc/avr/5.4.0/../../../../avr/lib/avr5\libm.a(divsf3.o) (__divsf3x)
c:/program files (x86)/atmel/studio/7.0/toolchain/avr8/avr8-gnu-toolchain/bin/../lib/gcc/avr/5.4.0/../../../../avr/lib/avr5\libm.a(fixsfsi.o)
                              Sketch.o (__fixsfsi)
c:/program files (x86)/atmel/studio/7.0/toolchain/avr8/avr8-gnu-toolchain/bin/../lib/gcc/avr/5.4.0/../../../../avr/lib/avr5\libm.a(fixunssfsi.o)
                              c:/program files (x86)/atmel/studio/7.0/toolchain/avr8/avr8-gnu-toolchain/bin/../lib/gcc/avr/5.4.0/../../../../avr/lib/avr5\libm.a(fixsfsi.o) (__fixunssfsi)
c:/program files (x86)/atmel/studio/7.0/toolchain/avr8/avr8-gnu-toolchain/bin/../lib/gcc/avr/5.4.0/../../../../avr/lib/avr5\libm.a(floatsisf.o)
                              Sketch.o (__floatunsisf)
c:/program files (x86)/atmel/studio/7.0/toolchain/avr8/avr8-gnu-toolchain/bin/../lib/gcc/avr/5.4.0/../../../../avr/lib/avr5\libm.a(fp_cmp.o)
                              c:/program files (x86)/atmel/studio/7.0/toolchain/avr8/avr8-gnu-toolchain/bin/../lib/gcc/avr/5.4.0/../../../../avr/lib/avr5\libm.a(cmpsf2.o) (__fp_cmp)
c:/program files (x86)/atmel/studio/7.0/toolchain/avr8/avr8-gnu-toolchain/bin/../lib/gcc/avr/5.4.0/../../../../avr/lib/avr5\libm.a(fp_inf.o)
                              c:/program files (x86)/atmel/studio/7.0/toolchain/avr8/avr8-gnu-toolchain/bin/../lib/gcc/avr/5.4.0/../../../../avr/lib/avr5\libm.a(addsf3x.o) (__fp_inf)
c:/program files (x86)/atmel/studio/7.0/toolchain/avr8/avr8-gnu-toolchain/bin/../lib/gcc/avr/5.4.0/../../../../avr/lib/avr5\libm.a(fp_nan.o)
                              c:/program files (x86)/atmel/studio/7.0/toolchain/avr8/avr8-gnu-toolchain/bin/../lib/gcc/avr/5.4.0/../../../../avr/lib/avr5\libm.a(addsf3x.o) (__fp_nan)
c:/program files (x86)/atmel/studio/7.0/toolchain/avr8/avr8-gnu-toolchain/bin/../lib/gcc/avr/5.4.0/../../../../avr/lib/avr5\libm.a(fp_powser.o)
                              c:/program files (x86)/atmel/studio/7.0/toolchain/avr8/avr8-gnu-toolchain/bin/../lib/gcc/avr/5.4.0/../../../../avr/lib/avr5\libm.a(atan.o) (__fp_powser)
c:/program files (x86)/atmel/studio/7.0/toolchain/avr8/avr8-gnu-toolchain/bin/../lib/gcc/avr/5.4.0/../../../../avr/lib/avr5\libm.a(fp_pscA.o)
                              c:/program files (x86)/atmel/studio/7.0/toolchain/avr8/avr8-gnu-toolchain/bin/../lib/gcc/avr/5.4.0/../../../../avr/lib/avr5\libm.a(addsf3x.o) (__fp_pscA)
c:/program files (x86)/atmel/studio/7.0/toolchain/avr8/avr8-gnu-toolchain/bin/../lib/gcc/avr/5.4.0/../../../../avr/lib/avr5\libm.a(fp_pscB.o)
                              c:/program files (x86)/atmel/studio/7.0/toolchain/avr8/avr8-gnu-toolchain/bin/../lib/gcc/avr/5.4.0/../../../../avr/lib/avr5\libm.a(addsf3x.o) (__fp_pscB)
c:/program files (x86)/atmel/studio/7.0/toolchain/avr8/avr8-gnu-toolchain/bin/../lib/gcc/avr/5.4.0/../../../../avr/lib/avr5\libm.a(fp_round.o)
                              c:/program files (x86)/atmel/studio/7.0/toolchain/avr8/avr8-gnu-toolchain/bin/../lib/gcc/avr/5.4.0/../../../../avr/lib/avr5\libm.a(addsf3.o) (__fp_round)
c:/program files (x86)/atmel/studio/7.0/toolchain/avr8/avr8-gnu-toolchain/bin/../lib/gcc/avr/5.4.0/../../../../avr/lib/avr5\libm.a(fp_split3.o)
[...]
Memory Configuration

Name             Origin             Length             Attributes
text             0x00000000         0x00020000         xr
data             0x00800060         0x0000ffa0         rw !x
eeprom           0x00810000         0x00010000         rw !x
fuse             0x00820000         0x00000003         rw !x
lock             0x00830000         0x00000400         rw !x
signature        0x00840000         0x00000400         rw !x
user_signatures  0x00850000         0x00000400         rw !x
*default*        0x00000000         0xffffffff

Linker script and memory map

Address of section .data set to 0x800100
LOAD C:/Program Files (x86)/Atmel/Studio/7.0/Packs/atmel/ATmega_DFP/1.2.150/gcc/dev/atmega328p/avr5/crtatmega328p.o
LOAD Sketch.o
LOAD src/libraries/Arduino-PID-Library-master/PID_v1.o
LOAD src/libraries/I2Cdev/I2Cdev.o
LOAD src/libraries/MPU6050/MPU6050.o
LOAD src/libraries/NewPing/NewPing.o
LOAD src/libraries/Wire/src/utility/twi.o
LOAD src/libraries/Wire/src/Wire.o
LOAD src/MPU6050Calib.o
LOAD src/my_libs/ENC_lib.o
LOAD src/my_libs/MOT_lib.o
LOAD src/my_libs/pwm_basic.o
LOAD src/my_libs/pwm_basic_example.o
START GROUP
LOAD c:/program files (x86)/atmel/studio/7.0/toolchain/avr8/avr8-gnu-toolchain/bin/../lib/gcc/avr/5.4.0/../../../../avr/lib/avr5\libm.a
LOAD D:\qtstuff\Arduino2Wheeler\ArduGirobot_AtmelStudio\ArduGirobot_AtmelStudio\ArduinoCore\Debug\libArduinoCore.a
END GROUP
LOAD c:/program files (x86)/atmel/studio/7.0/toolchain/avr8/avr8-gnu-toolchain/bin/../lib/gcc/avr/5.4.0/avr5\libgcc.a
LOAD c:/program files (x86)/atmel/studio/7.0/toolchain/avr8/avr8-gnu-toolchain/bin/../lib/gcc/avr/5.4.0/../../../../avr/lib/avr5\libm.a
START GROUP
LOAD c:/program files (x86)/atmel/studio/7.0/toolchain/avr8/avr8-gnu-toolchain/bin/../lib/gcc/avr/5.4.0/avr5\libgcc.a
LOAD c:/program files (x86)/atmel/studio/7.0/toolchain/avr8/avr8-gnu-toolchain/bin/../lib/gcc/avr/5.4.0/../../../../avr/lib/avr5\libm.a
LOAD c:/program files (x86)/atmel/studio/7.0/toolchain/avr8/avr8-gnu-toolchain/bin/../lib/gcc/avr/5.4.0/../../../../avr/lib/avr5\libc.a
LOAD C:/Program Files (x86)/Atmel/Studio/7.0/Packs/atmel/ATmega_DFP/1.2.150/gcc/dev/atmega328p/avr5\libatmega328p.a
END GROUP
                0x00020000                __TEXT_REGION_LENGTH__ = DEFINED (__TEXT_REGION_LENGTH__)?__TEXT_REGION_LENGTH__:0x20000
                0x0000ffa0                __DATA_REGION_LENGTH__ = DEFINED (__DATA_REGION_LENGTH__)?__DATA_REGION_LENGTH__:0xffa0
                0x00010000                __EEPROM_REGION_LENGTH__ = DEFINED (__EEPROM_REGION_LENGTH__)?__EEPROM_REGION_LENGTH__:0x10000
                [0x00000003]                __FUSE_REGION_LENGTH__ = DEFINED (__FUSE_REGION_LENGTH__)?__FUSE_REGION_LENGTH__:0x400
                0x00000400                __LOCK_REGION_LENGTH__ = DEFINED (__LOCK_REGION_LENGTH__)?__LOCK_REGION_LENGTH__:0x400
                0x00000400                __SIGNATURE_REGION_LENGTH__ = DEFINED (__SIGNATURE_REGION_LENGTH__)?__SIGNATURE_REGION_LENGTH__:0x400
                0x00000400                __USER_SIGNATURE_REGION_LENGTH__ = DEFINED (__USER_SIGNATURE_REGION_LENGTH__)?__USER_SIGNATURE_REGION_LENGTH__:0x400

.hash
 *(.hash)

.dynsym
 *(.dynsym)

.dynstr
 *(.dynstr)

.gnu.version
 *(.gnu.version)

.gnu.version_d
 *(.gnu.version_d)

.gnu.version_r
 *(.gnu.version_r)

.rel.init
 *(.rel.init)

.rela.init
 *(.rela.init)

.rel.text
 *(.rel.text)
 *(.rel.text.*)
 *(.rel.gnu.linkonce.t*)

.rela.text
 *(.rela.text)
 *(.rela.text.*)
 *(.rela.gnu.linkonce.t*)

.rel.fini
 *(.rel.fini)

.rela.fini
 *(.rela.fini)

.rel.rodata
 *(.rel.rodata)
 *(.rel.rodata.*)
 *(.rel.gnu.linkonce.r*)

.rela.rodata
 *(.rela.rodata)
 *(.rela.rodata.*)
 *(.rela.gnu.linkonce.r*)

.rel.data
 *(.rel.data)
 *(.rel.data.*)
 *(.rel.gnu.linkonce.d*)

.rela.data
 *(.rela.data)
 *(.rela.data.*)
 *(.rela.gnu.linkonce.d*)

.rel.ctors
 *(.rel.ctors)

.rela.ctors
 *(.rela.ctors)

.rel.dtors
 *(.rel.dtors)

.rela.dtors
 *(.rela.dtors)

.rel.got
 *(.rel.got)

.rela.got
 *(.rela.got)

.rel.bss
 *(.rel.bss)

.rela.bss
 *(.rela.bss)

.rel.plt
 *(.rel.plt)

.rela.plt
 *(.rela.plt)

.text           0x00000000     0x47e6
 *(.vectors)
 .vectors       0x00000000       0x68 C:/Program Files (x86)/Atmel/Studio/7.0/Packs/atmel/ATmega_DFP/1.2.150/gcc/dev/atmega328p/avr5/crtatmega328p.o
                0x00000000                __vector_default
                0x00000000                __vectors
 *(.vectors)
 *(.progmem.gcc*)
 .progmem.gcc_sw_table._Z16Serial_ParseDatav
                0x00000068       0xd0 Sketch.o
 .progmem.gcc_sw_table._Z17Serial_PrintStatsv
                0x00000138       0x12 Sketch.o
 .progmem.gcc_sw_table.__vector_24
                0x0000014a      0x192 src/libraries/Wire/src/utility/twi.o
 .progmem.gcc_sw_table.__vector_3
                0x000002dc       0x1c src/my_libs/ENC_lib.o
 .progmem.gcc_sw_table.__vector_4
                0x000002f8       0x1c src/my_libs/ENC_lib.o
 .progmem.gcc_fplib
                0x00000314       0x2d c:/program files (x86)/atmel/studio/7.0/toolchain/avr8/avr8-gnu-toolchain/bin/../lib/gcc/avr/5.4.0/../../../../avr/lib/avr5\libm.a(atan.o)
                0x00000342                . = ALIGN (0x2)
 *fill*         0x00000341        0x1 
                0x00000342                __trampolines_start = .
 *(.trampolines)
 .trampolines   0x00000342        0x0 linker stubs
 *(.trampolines*)
                0x00000342                __trampolines_end = .
 *libprintf_flt.a:*(.progmem.data)
 *libc.a:*(.progmem.data)
 .progmem.data  0x00000342       0x3b c:/program files (x86)/atmel/studio/7.0/toolchain/avr8/avr8-gnu-toolchain/bin/../lib/gcc/avr/5.4.0/../../../../avr/lib/avr5\libc.a(strtod.o)
 *(.progmem*)
 .progmem.data.digital_pin_to_bit_mask_PGM
                0x0000037d       0x14 D:\qtstuff\Arduino2Wheeler\ArduGirobot_AtmelStudio\ArduGirobot_AtmelStudio\ArduinoCore\Debug\libArduinoCore.a(wiring_digital.o)
                0x0000037d                digital_pin_to_bit_mask_PGM
 .progmem.data.digital_pin_to_port_PGM
                0x00000391       0x14 D:\qtstuff\Arduino2Wheeler\ArduGirobot_AtmelStudio\ArduGirobot_AtmelStudio\ArduinoCore\Debug\libArduinoCore.a(wiring_digital.o)
                0x00000391                digital_pin_to_port_PGM
 .progmem.data.port_to_input_PGM
                0x000003a5        0xa D:\qtstuff\Arduino2Wheeler\ArduGirobot_AtmelStudio\ArduGirobot_AtmelStudio\ArduinoCore\Debug\libArduinoCore.a(wiring_digital.o)
                0x000003a5                port_to_input_PGM
 .progmem.data.port_to_output_PGM
                0x000003af        0xa D:\qtstuff\Arduino2Wheeler\ArduGirobot_AtmelStudio\ArduGirobot_AtmelStudio\ArduinoCore\Debug\libArduinoCore.a(wiring_digital.o)
                0x000003af                port_to_output_PGM
 .progmem.data.port_to_mode_PGM
                0x000003b9        0xa D:\qtstuff\Arduino2Wheeler\ArduGirobot_AtmelStudio\ArduGirobot_AtmelStudio\ArduinoCore\Debug\libArduinoCore.a(wiring_digital.o)
                0x000003b9                port_to_mode_PGM
                0x000003c4                . = ALIGN (0x2)
 *fill*         0x000003c3        0x1 
 *(.jumptables)
 *(.jumptables*)
 *(.lowtext)
 *(.lowtext*)
                0x000003c4                __ctors_start = .
 *(.ctors)
 .ctors         0x000003c4        0x2 Sketch.o
 .ctors         0x000003c6        0x2 src/libraries/Wire/src/Wire.o
 .ctors         0x000003c8        0x2 src/MPU6050Calib.o
 .ctors         0x000003ca        0x2 D:\qtstuff\Arduino2Wheeler\ArduGirobot_AtmelStudio\ArduGirobot_AtmelStudio\ArduinoCore\Debug\libArduinoCore.a(HardwareSerial0.o)
                0x000003cc                __ctors_end = .
                0x000003cc                __dtors_start = .
 *(.dtors)
                0x000003cc                __dtors_end = .
 SORT(*)(.ctors)
 SORT(*)(.dtors)
 *(.init0)
 .init0         0x000003cc        0x0 C:/Program Files (x86)/Atmel/Studio/7.0/Packs/atmel/ATmega_DFP/1.2.150/gcc/dev/atmega328p/avr5/crtatmega328p.o
                0x000003cc                __init
 *(.init0)
 *(.init1)
 *(.init1)
 *(.init2)
 .init2         0x000003cc        0xc C:/Program Files (x86)/Atmel/Studio/7.0/Packs/atmel/ATmega_DFP/1.2.150/gcc/dev/atmega328p/avr5/crtatmega328p.o
 *(.init2)
 *(.init3)
 *(.init3)
 *(.init4)
 .init4         0x000003d8       0x16 c:/program files (x86)/atmel/studio/7.0/toolchain/avr8/avr8-gnu-toolchain/bin/../lib/gcc/avr/5.4.0/avr5\libgcc.a(_copy_data.o)
                0x000003d8                __do_copy_data
 .init4         0x000003ee       0x10 c:/program files (x86)/atmel/studio/7.0/toolchain/avr8/avr8-gnu-toolchain/bin/../lib/gcc/avr/5.4.0/avr5\libgcc.a(_clear_bss.o)
                0x000003ee                __do_clear_bss
 *(.init4)
 *(.init5)
 *(.init5)
 *(.init6)
 .init6         0x000003fe       0x16 c:/program files (x86)/atmel/studio/7.0/toolchain/avr8/avr8-gnu-toolchain/bin/../lib/gcc/avr/5.4.0/avr5\libgcc.a(_ctors.o)
                0x000003fe                __do_global_ctors
 *(.init6)
 *(.init7)
 *(.init7)
 *(.init8)
 *(.init8)
 *(.init9)
 .init9         0x00000414        0x8 C:/Program Files (x86)/Atmel/Studio/7.0/Packs/atmel/ATmega_DFP/1.2.150/gcc/dev/atmega328p/avr5/crtatmega328p.o
 *(.init9)
 *(.text)
 .text          0x0000041c        0x4 C:/Program Files (x86)/Atmel/Studio/7.0/Packs/atmel/ATmega_DFP/1.2.150/gcc/dev/atmega328p/avr5/crtatmega328p.o
                0x0000041c                __vector_22
                0x0000041c                __vector_1
                0x0000041c                __vector_12
                0x0000041c                __bad_interrupt
                0x0000041c                __vector_6
                0x0000041c                __vector_23
                0x0000041c                __vector_25
                0x0000041c                __vector_11
                0x0000041c                __vector_13
                0x0000041c                __vector_17
                0x0000041c                __vector_5
                0x0000041c                __vector_9
                0x0000041c                __vector_2
                0x0000041c                __vector_21
                0x0000041c                __vector_15
                0x0000041c                __vector_8
                0x0000041c                __vector_14
                0x0000041c                __vector_10
                0x0000041c                __vector_20
                0x00000420                . = ALIGN (0x2)
 *(.text.*)
 .text._Z19WritePidCfgToEEPROMjP11PIDConfig_e
                0x00000420       0xb8 Sketch.o
                0x00000420                _Z19WritePidCfgToEEPROMjP11PIDConfig_e
 .text._Z20ReadPidCfgFromEEPROMjP11PIDConfig_e
                0x000004d8       0x8e Sketch.o
                0x000004d8                _Z20ReadPidCfgFromEEPROMjP11PIDConfig_e
 .text._Z23getPidConfigsFromEEPROMv
                0x00000566       0x32 Sketch.o
                0x00000566                _Z23getPidConfigsFromEEPROMv
 .text._Z20putPidConfigToEEPROMv
                0x00000598       0x32 Sketch.o
                0x00000598                _Z20putPidConfigToEEPROMv
 .text._Z15initPidControlsv
                0x000005ca      0x2cc Sketch.o
                0x000005ca                _Z15initPidControlsv
 .text._Z22ParseRemoteControlByteh
                0x00000896       0x20 Sketch.o
                0x00000896                _Z22ParseRemoteControlByteh
 .text._Z16Serial_ParseDatav
                0x000008b6      0x2dc Sketch.o
                0x000008b6                _Z16Serial_ParseDatav
 .text._Z19UpdateEncoderValuesv
                0x00000b92       0xc8 Sketch.o
                0x00000b92                _Z19UpdateEncoderValuesv
 .text._Z13Giro_ReadDatav
                0x00000c5a      0x230 Sketch.o
                0x00000c5a                _Z13Giro_ReadDatav
 .text.setup    0x00000e8a      0x128 Sketch.o
                0x00000e8a                setup
 .text._GLOBAL__sub_I__Z19WritePidCfgToEEPROMjP11PIDConfig_e
                0x00000fb2       0x1a Sketch.o
 .text._Z17Serial_PrintStatsv
                0x00000fcc      0x4c6 Sketch.o
                0x00000fcc                _Z17Serial_PrintStatsv
 .text._Z18Serial_LookForDatav
                0x00001492       0x66 Sketch.o
                0x00001492                _Z18Serial_LookForDatav
 .text._Z9SerialComv
                0x000014f8       0x6a Sketch.o
                0x000014f8                _Z9SerialComv
 .text.loop     0x00001562      0x304 Sketch.o
                0x00001562                loop
 .text._ZN3PID7ComputeEv
                0x00001866      0x2f8 src/libraries/Arduino-PID-Library-master/PID_v1.o
                0x00001866                _ZN3PID7ComputeEv
 .text._ZN3PID10SetTuningsEdddi
                0x00001b5e      0x1b8 src/libraries/Arduino-PID-Library-master/PID_v1.o
                0x00001b5e                _ZN3PID10SetTuningsEdddi
 .text._ZN3PID10SetTuningsEddd
                0x00001d16       0x2c src/libraries/Arduino-PID-Library-master/PID_v1.o
                0x00001d16                _ZN3PID10SetTuningsEddd
 .text._ZN3PID13SetSampleTimeEi
                0x00001d42       0x9c src/libraries/Arduino-PID-Library-master/PID_v1.o
                0x00001d42                _ZN3PID13SetSampleTimeEi
 .text._ZN3PID15SetOutputLimitsEdd
                0x00001dde      0x10c src/libraries/Arduino-PID-Library-master/PID_v1.o
                0x00001dde                _ZN3PID15SetOutputLimitsEdd
 .text._ZN3PID10InitializeEv
                0x00001eea       0x96 src/libraries/Arduino-PID-Library-master/PID_v1.o
                0x00001eea                _ZN3PID10InitializeEv
 .text._ZN3PID7SetModeEi
                0x00001f80       0x32 src/libraries/Arduino-PID-Library-master/PID_v1.o
                0x00001f80                _ZN3PID7SetModeEi
 .text._ZN3PID22SetControllerDirectionEi
                0x00001fb2       0x78 src/libraries/Arduino-PID-Library-master/PID_v1.o
                0x00001fb2                _ZN3PID22SetControllerDirectionEi
 .text._ZN3PIDC2EPdS0_S0_dddii
                0x0000202a       0xe2 src/libraries/Arduino-PID-Library-master/PID_v1.o
                0x0000202a                _ZN3PIDC2EPdS0_S0_dddii
                0x0000202a                _ZN3PIDC1EPdS0_S0_dddii
 .text._ZN6I2Cdev10writeBytesEhhhPh
                0x0000210c       0x68 src/libraries/I2Cdev/I2Cdev.o
                0x0000210c                _ZN6I2Cdev10writeBytesEhhhPh
 .text._ZN6I2Cdev9writeByteEhhh
                0x00002174       0x20 src/libraries/I2Cdev/I2Cdev.o
                0x00002174                _ZN6I2Cdev9writeByteEhhh
 .text._ZN6I2Cdev10writeWordsEhhhPj
                0x00002194       0x82 src/libraries/I2Cdev/I2Cdev.o
                0x00002194                _ZN6I2Cdev10writeWordsEhhhPj
 .text._ZN6I2Cdev9writeWordEhhj
                0x00002216       0x24 src/libraries/I2Cdev/I2Cdev.o
                0x00002216                _ZN6I2Cdev9writeWordEhhj
 .text._ZN6I2Cdev9readBytesEhhhPhj
                0x0000223a      0x16a src/libraries/I2Cdev/I2Cdev.o
                0x0000223a                _ZN6I2Cdev9readBytesEhhhPhj
 .text._ZN6I2Cdev8readByteEhhPhj
                0x000023a4       0x14 src/libraries/I2Cdev/I2Cdev.o
                0x000023a4                _ZN6I2Cdev8readByteEhhPhj
 .text._ZN6I2Cdev8writeBitEhhhh
                0x000023b8       0x72 src/libraries/I2Cdev/I2Cdev.o
                0x000023b8                _ZN6I2Cdev8writeBitEhhhh
 .text._ZN6I2Cdev9writeBitsEhhhhh
                0x0000242a       0x96 src/libraries/I2Cdev/I2Cdev.o
                0x0000242a                _ZN6I2Cdev9writeBitsEhhhhh
 .text._ZN7MPU6050C2Ev
                0x000024c0        0x8 src/libraries/MPU6050/MPU6050.o
                0x000024c0                _ZN7MPU6050C2Ev
                0x000024c0                _ZN7MPU6050C1Ev
 .text._ZN7MPU6050C2Eh
                0x000024c8        0x6 src/libraries/MPU6050/MPU6050.o
                0x000024c8                _ZN7MPU6050C1Eh
                0x000024c8                _ZN7MPU6050C2Eh
 .text._ZN7MPU605021setFullScaleGyroRangeEh
                0x000024ce       0x16 src/libraries/MPU6050/MPU6050.o
                0x000024ce                _ZN7MPU605021setFullScaleGyroRangeEh
 .text._ZN7MPU605022setFullScaleAccelRangeEh
                0x000024e4       0x16 src/libraries/MPU6050/MPU6050.o
                0x000024e4                _ZN7MPU605022setFullScaleAccelRangeEh
 .text._ZN7MPU605016getAccelerationYEv
                0x000024fa       0x38 src/libraries/MPU6050/MPU6050.o
                0x000024fa                _ZN7MPU605016getAccelerationYEv
 .text._ZN7MPU605016getAccelerationZEv
                0x00002532       0x38 src/libraries/MPU6050/MPU6050.o
                0x00002532                _ZN7MPU605016getAccelerationZEv
 .text._ZN7MPU605012getRotationXEv
                0x0000256a       0x38 src/libraries/MPU6050/MPU6050.o
                0x0000256a                _ZN7MPU605012getRotationXEv
 .text._ZN7MPU605015setSleepEnabledEb
                0x000025a2       0x10 src/libraries/MPU6050/MPU6050.o
                0x000025a2                _ZN7MPU605015setSleepEnabledEb
 .text._ZN7MPU605014setClockSourceEh
                0x000025b2       0x16 src/libraries/MPU6050/MPU6050.o
                0x000025b2                _ZN7MPU605014setClockSourceEh
 .text._ZN7MPU605010initializeEv
                0x000025c8       0x2a src/libraries/MPU6050/MPU6050.o
                0x000025c8                _ZN7MPU605010initializeEv
 .text._ZN7MPU605015setXAccelOffsetEi
                0x000025f2        0xe src/libraries/MPU6050/MPU6050.o
                0x000025f2                _ZN7MPU605015setXAccelOffsetEi
 .text._ZN7MPU605015setYAccelOffsetEi
                0x00002600        0xe src/libraries/MPU6050/MPU6050.o
                0x00002600                _ZN7MPU605015setYAccelOffsetEi
 .text._ZN7MPU605015setZAccelOffsetEi
                0x0000260e        0xe src/libraries/MPU6050/MPU6050.o
                0x0000260e                _ZN7MPU605015setZAccelOffsetEi
 .text._ZN7MPU605014setXGyroOffsetEi
                0x0000261c        0xe src/libraries/MPU6050/MPU6050.o
                0x0000261c                _ZN7MPU605014setXGyroOffsetEi
 .text._ZN7MPU605014setYGyroOffsetEi
                0x0000262a        0xe src/libraries/MPU6050/MPU6050.o
                0x0000262a                _ZN7MPU605014setYGyroOffsetEi
 .text._ZN7MPU605014setZGyroOffsetEi
                0x00002638        0xe src/libraries/MPU6050/MPU6050.o
                0x00002638                _ZN7MPU605014setZGyroOffsetEi
 .text._ZN7NewPing16set_max_distanceEj
                0x00002646       0x24 src/libraries/NewPing/NewPing.o
                0x00002646                _ZN7NewPing16set_max_distanceEj
 .text._ZN7NewPingC2Ehhj
                0x0000266a       0x86 src/libraries/NewPing/NewPing.o
                0x0000266a                _ZN7NewPingC1Ehhj
                0x0000266a                _ZN7NewPingC2Ehhj
 .text.__vector_7
                0x000026f0       0x4e src/libraries/NewPing/NewPing.o
                0x000026f0                __vector_7
 .text.twi_readFrom
                0x0000273e       0xa4 src/libraries/Wire/src/utility/twi.o
                0x0000273e                twi_readFrom
 .text.twi_writeTo
                0x000027e2       0xc6 src/libraries/Wire/src/utility/twi.o
                0x000027e2                twi_writeTo
 .text.twi_transmit
                0x000028a8       0x54 src/libraries/Wire/src/utility/twi.o
                0x000028a8                twi_transmit
 .text.twi_stop
                0x000028fc       0x16 src/libraries/Wire/src/utility/twi.o
                0x000028fc                twi_stop
 .text.twi_releaseBus
                0x00002912        0xc src/libraries/Wire/src/utility/twi.o
                0x00002912                twi_releaseBus
 .text.__vector_24
                0x0000291e      0x242 src/libraries/Wire/src/utility/twi.o
                0x0000291e                __vector_24
 .text._ZN5Print17availableForWriteEv
                0x00002b60        0x6 src/libraries/Wire/src/Wire.o
                0x00002b60                _ZN5Print17availableForWriteEv
 .text._ZN7TwoWire9availableEv
                0x00002b66       0x10 src/libraries/Wire/src/Wire.o
                0x00002b66                _ZN7TwoWire9availableEv
 .text._ZN7TwoWire4readEv
                0x00002b76       0x28 src/libraries/Wire/src/Wire.o
                0x00002b76                _ZN7TwoWire4readEv
 .text._ZN7TwoWire4peekEv
                0x00002b9e       0x1e src/libraries/Wire/src/Wire.o
                0x00002b9e                _ZN7TwoWire4peekEv
 .text._ZN7TwoWire5flushEv
                0x00002bbc        0x2 src/libraries/Wire/src/Wire.o
                0x00002bbc                _ZN7TwoWire5flushEv
 .text._ZN7TwoWire5writeEPKhj
                0x00002bbe       0x60 src/libraries/Wire/src/Wire.o
                0x00002bbe                _ZN7TwoWire5writeEPKhj
 .text._ZN7TwoWire5writeEh
                0x00002c1e       0x62 src/libraries/Wire/src/Wire.o
                0x00002c1e                _ZN7TwoWire5writeEh
 .text._ZN7TwoWireC2Ev
                0x00002c80       0x20 src/libraries/Wire/src/Wire.o
                0x00002c80                _ZN7TwoWireC1Ev
                0x00002c80                _ZN7TwoWireC2Ev
 .text._ZN7TwoWire17beginTransmissionEh
                0x00002ca0       0x14 src/libraries/Wire/src/Wire.o
                0x00002ca0                _ZN7TwoWire17beginTransmissionEh
 .text._ZN7TwoWire15endTransmissionEh
                0x00002cb4       0x26 src/libraries/Wire/src/Wire.o
                0x00002cb4                _ZN7TwoWire15endTransmissionEh
 .text._ZN7TwoWire11requestFromEhhmhh
                0x00002cda       0xb2 src/libraries/Wire/src/Wire.o
                0x00002cda                _ZN7TwoWire11requestFromEhhmhh
 .text._ZN7TwoWire11requestFromEhhh
                0x00002d8c       0x20 src/libraries/Wire/src/Wire.o
                0x00002d8c                _ZN7TwoWire11requestFromEhhh
 .text._ZN7TwoWire11requestFromEhh
                0x00002dac        0x8 src/libraries/Wire/src/Wire.o
                0x00002dac                _ZN7TwoWire11requestFromEhh
 .text._ZN7TwoWire15endTransmissionEv
                0x00002db4        0x8 src/libraries/Wire/src/Wire.o
                0x00002db4                _ZN7TwoWire15endTransmissionEv
 .text._GLOBAL__sub_I__ZN7TwoWire8rxBufferE
                0x00002dbc        0xa src/libraries/Wire/src/Wire.o
 .text._GLOBAL__sub_I_buffersize
                0x00002dc6        0xc src/MPU6050Calib.o
 .text._Z8Enc_Initv
                0x00002dd2       0x44 src/my_libs/ENC_lib.o
                0x00002dd2                _Z8Enc_Initv
 .text.__vector_3
                0x00002e16      0x134 src/my_libs/ENC_lib.o
                0x00002e16                __vector_3
 .text.__vector_4
                0x00002f4a      0x130 src/my_libs/ENC_lib.o
                0x00002f4a                __vector_4
 .text._Z11Motor0_Stopv
                0x0000307a        0xe src/my_libs/MOT_lib.o
                0x0000307a                _Z11Motor0_Stopv
 .text._Z9Mot0_Initv
                0x00003088       0x1a src/my_libs/MOT_lib.o
                0x00003088                _Z9Mot0_Initv
 .text._Z11Motor1_Stopv
                0x000030a2        0xe src/my_libs/MOT_lib.o
                0x000030a2                _Z11Motor1_Stopv
 .text._Z9Mot1_Initv
                0x000030b0       0x1a src/my_libs/MOT_lib.o
                0x000030b0                _Z9Mot1_Initv
 .text._Z15Motor0_SetSpeedhh
                0x000030ca       0x36 src/my_libs/MOT_lib.o
                0x000030ca                _Z15Motor0_SetSpeedhh
 .text._Z15Motor1_SetSpeedhh
                0x00003100       0x36 src/my_libs/MOT_lib.o
                0x00003100                _Z15Motor1_SetSpeedhh
 .text._Z15Motors_SetSpeedii
                0x00003136       0x50 src/my_libs/MOT_lib.o
                0x00003136                _Z15Motors_SetSpeedii
 .text.PWM_0_init
                0x00003186       0x20 src/my_libs/pwm_basic.o
                0x00003186                PWM_0_init
 .text.PWM_0_enable_output_ch0
                0x000031a6        0x8 src/my_libs/pwm_basic.o
                0x000031a6                PWM_0_enable_output_ch0
 .text.PWM_0_disable_output_ch0
                0x000031ae        0x8 src/my_libs/pwm_basic.o
                0x000031ae                PWM_0_disable_output_ch0
 .text.PWM_0_enable_output_ch1
                0x000031b6        0x8 src/my_libs/pwm_basic.o
                0x000031b6                PWM_0_enable_output_ch1
 .text.PWM_0_disable_output_ch1
                0x000031be        0x8 src/my_libs/pwm_basic.o
                0x000031be                PWM_0_disable_output_ch1
 .text.PWM_0_load_duty_cycle_ch0
                0x000031c6        0x4 src/my_libs/pwm_basic.o
                0x000031c6                PWM_0_load_duty_cycle_ch0
 .text.PWM_0_load_duty_cycle_ch1
                0x000031ca        0x4 src/my_libs/pwm_basic.o
                0x000031ca                PWM_0_load_duty_cycle_ch1
 .text.PWM_1_init
                0x000031ce       0x26 src/my_libs/pwm_basic.o
                0x000031ce                PWM_1_init
 .text.PWM_1_enable_output_ch0
                0x000031f4        0xc src/my_libs/pwm_basic.o
                0x000031f4                PWM_1_enable_output_ch0
 .text.PWM_1_disable_output_ch0
                0x00003200        0xc src/my_libs/pwm_basic.o
                0x00003200                PWM_1_disable_output_ch0
 .text.PWM_1_enable_output_ch1
                0x0000320c        0xc src/my_libs/pwm_basic.o
                0x0000320c                PWM_1_enable_output_ch1
 .text.PWM_1_disable_output_ch1
                0x00003218        0xc src/my_libs/pwm_basic.o
                0x00003218                PWM_1_disable_output_ch1
 .text.PWM_1_load_duty_cycle_ch0
                0x00003224        0x6 src/my_libs/pwm_basic.o
                0x00003224                PWM_1_load_duty_cycle_ch0
 .text.PWM_1_load_duty_cycle_ch1
                0x0000322a        0x6 src/my_libs/pwm_basic.o
                0x0000322a                PWM_1_load_duty_cycle_ch1
 .text.avr-libc.fplib
                0x00003230        0xe c:/program files (x86)/atmel/studio/7.0/toolchain/avr8/avr8-gnu-toolchain/bin/../lib/gcc/avr/5.4.0/../../../../avr/lib/avr5\libm.a(addsf3.o)
                0x00003230                __subsf3
                0x00003232                __addsf3
 .text.avr-libc.fplib
                0x0000323e       0xcc c:/program files (x86)/atmel/studio/7.0/toolchain/avr8/avr8-gnu-toolchain/bin/../lib/gcc/avr/5.4.0/../../../../avr/lib/avr5\libm.a(addsf3x.o)
                0x00003260                __addsf3x
 .text.avr-libc.fplib
                0x0000330a       0x86 c:/program files (x86)/atmel/studio/7.0/toolchain/avr8/avr8-gnu-toolchain/bin/../lib/gcc/avr/5.4.0/../../../../avr/lib/avr5\libm.a(atan2.o)
                0x00003330                atan2
 .text.avr-libc.fplib
                0x00003390       0x5e c:/program files (x86)/atmel/studio/7.0/toolchain/avr8/avr8-gnu-toolchain/bin/../lib/gcc/avr/5.4.0/../../../../avr/lib/avr5\libm.a(atan.o)
                0x00003390                atan
 .text.avr-libc.fplib
                0x000033ee        0xa c:/program files (x86)/atmel/studio/7.0/toolchain/avr8/avr8-gnu-toolchain/bin/../lib/gcc/avr/5.4.0/../../../../avr/lib/avr5\libm.a(cmpsf2.o)
                0x000033ee                __nesf2
                0x000033ee                __eqsf2
                0x000033ee                __cmpsf2
                0x000033ee                __ltsf2
                0x000033ee                __lesf2
 .text.avr-libc.fplib
                0x000033f8        0x8 c:/program files (x86)/atmel/studio/7.0/toolchain/avr8/avr8-gnu-toolchain/bin/../lib/gcc/avr/5.4.0/../../../../avr/lib/avr5\libm.a(divsf3.o)
                0x000033f8                __divsf3
 .text.avr-libc.fplib
                0x00003400       0xdc c:/program files (x86)/atmel/studio/7.0/toolchain/avr8/avr8-gnu-toolchain/bin/../lib/gcc/avr/5.4.0/../../../../avr/lib/avr5\libm.a(divsf3x.o)
                0x00003420                __divsf3x
                0x00003426                __divsf3_pse
 .text.avr-libc.fplib
                0x000034dc        0xe c:/program files (x86)/atmel/studio/7.0/toolchain/avr8/avr8-gnu-toolchain/bin/../lib/gcc/avr/5.4.0/../../../../avr/lib/avr5\libm.a(fixsfsi.o)
                0x000034dc                __fixsfsi
 .text.avr-libc.fplib
                0x000034ea       0x5e c:/program files (x86)/atmel/studio/7.0/toolchain/avr8/avr8-gnu-toolchain/bin/../lib/gcc/avr/5.4.0/../../../../avr/lib/avr5\libm.a(fixunssfsi.o)
                0x000034ea                __fixunssfsi
 .text.avr-libc.fplib
                0x00003548       0x7a c:/program files (x86)/atmel/studio/7.0/toolchain/avr8/avr8-gnu-toolchain/bin/../lib/gcc/avr/5.4.0/../../../../avr/lib/avr5\libm.a(floatsisf.o)
                0x00003548                __floatunsisf
                0x0000354c                __floatsisf
 .text.avr-libc.fplib
                0x000035c2       0x48 c:/program files (x86)/atmel/studio/7.0/toolchain/avr8/avr8-gnu-toolchain/bin/../lib/gcc/avr/5.4.0/../../../../avr/lib/avr5\libm.a(fp_cmp.o)
                0x000035c2                __fp_cmp
 .text.avr-libc.fplib
                0x0000360a        0xc c:/program files (x86)/atmel/studio/7.0/toolchain/avr8/avr8-gnu-toolchain/bin/../lib/gcc/avr/5.4.0/../../../../avr/lib/avr5\libm.a(fp_inf.o)
                0x0000360a                __fp_inf
 .text.avr-libc.fplib
                0x00003616        0x6 c:/program files (x86)/atmel/studio/7.0/toolchain/avr8/avr8-gnu-toolchain/bin/../lib/gcc/avr/5.4.0/../../../../avr/lib/avr5\libm.a(fp_nan.o)
                0x00003616                __fp_nan
 .text.avr-libc.fplib
                0x0000361c       0x4e c:/program files (x86)/atmel/studio/7.0/toolchain/avr8/avr8-gnu-toolchain/bin/../lib/gcc/avr/5.4.0/../../../../avr/lib/avr5\libm.a(fp_powser.o)
                0x0000361c                __fp_powser
 .text.avr-libc.fplib
                0x0000366a        0xe c:/program files (x86)/atmel/studio/7.0/toolchain/avr8/avr8-gnu-toolchain/bin/../lib/gcc/avr/5.4.0/../../../../avr/lib/avr5\libm.a(fp_pscA.o)
                0x0000366a                __fp_pscA
 .text.avr-libc.fplib
                0x00003678        0xe c:/program files (x86)/atmel/studio/7.0/toolchain/avr8/avr8-gnu-toolchain/bin/../lib/gcc/avr/5.4.0/../../../../avr/lib/avr5\libm.a(fp_pscB.o)
                0x00003678                __fp_pscB
 .text.avr-libc.fplib
                0x00003686       0x22 c:/program files (x86)/atmel/studio/7.0/toolchain/avr8/avr8-gnu-toolchain/bin/../lib/gcc/avr/5.4.0/../../../../avr/lib/avr5\libm.a(fp_round.o)
                0x00003686                __fp_round
 .text.avr-libc.fplib
                0x000036a8       0x44 c:/program files (x86)/atmel/studio/7.0/toolchain/avr8/avr8-gnu-toolchain/bin/../lib/gcc/avr/5.4.0/../../../../avr/lib/avr5\libm.a(fp_split3.o)
                0x000036a8                __fp_split3
                0x000036b8                __fp_splitA
 .text.avr-libc.fplib
                0x000036ec        0xe c:/program files (x86)/atmel/studio/7.0/toolchain/avr8/avr8-gnu-toolchain/bin/../lib/gcc/avr/5.4.0/../../../../avr/lib/avr5\libm.a(fp_zero.o)
                0x000036ec                __fp_zero
                0x000036ee                __fp_szero
 .text.avr-libc.fplib
                0x000036fa        0xa c:/program files (x86)/atmel/studio/7.0/toolchain/avr8/avr8-gnu-toolchain/bin/../lib/gcc/avr/5.4.0/../../../../avr/lib/avr5\libm.a(gesf2.o)
                0x000036fa                __gesf2
                0x000036fa                __gtsf2
 .text.avr-libc.fplib
                0x00003704       0x10 c:/program files (x86)/atmel/studio/7.0/toolchain/avr8/avr8-gnu-toolchain/bin/../lib/gcc/avr/5.4.0/../../../../avr/lib/avr5\libm.a(inverse.o)
                0x00003704                inverse
 .text.avr-libc.fplib
                0x00003714        0x8 c:/program files (x86)/atmel/studio/7.0/toolchain/avr8/avr8-gnu-toolchain/bin/../lib/gcc/avr/5.4.0/../../../../avr/lib/avr5\libm.a(mulsf3.o)
                0x00003714                __mulsf3
 .text.avr-libc.fplib
                0x0000371c       0xd2 c:/program files (x86)/atmel/studio/7.0/toolchain/avr8/avr8-gnu-toolchain/bin/../lib/gcc/avr/5.4.0/../../../../avr/lib/avr5\libm.a(mulsf3x.o)
                0x0000373a                __mulsf3x
                0x00003740                __mulsf3_pse
 .text.avr-libc.fplib
                0x000037ee        0x8 c:/program files (x86)/atmel/studio/7.0/toolchain/avr8/avr8-gnu-toolchain/bin/../lib/gcc/avr/5.4.0/../../../../avr/lib/avr5\libm.a(square.o)
                0x000037ee                square
 .text._ZN14HardwareSerial9availableEv
                0x000037f6       0x18 D:\qtstuff\Arduino2Wheeler\ArduGirobot_AtmelStudio\ArduGirobot_AtmelStudio\ArduinoCore\Debug\libArduinoCore.a(HardwareSerial.o)
                0x000037f6                _ZN14HardwareSerial9availableEv
 .text._ZN14HardwareSerial4peekEv
                0x0000380e       0x1c D:\qtstuff\Arduino2Wheeler\ArduGirobot_AtmelStudio\ArduGirobot_AtmelStudio\ArduinoCore\Debug\libArduinoCore.a(HardwareSerial.o)
                0x0000380e                _ZN14HardwareSerial4peekEv
 .text._ZN14HardwareSerial4readEv
                0x0000382a       0x28 D:\qtstuff\Arduino2Wheeler\ArduGirobot_AtmelStudio\ArduGirobot_AtmelStudio\ArduinoCore\Debug\libArduinoCore.a(HardwareSerial.o)
                0x0000382a                _ZN14HardwareSerial4readEv
 .text._ZN14HardwareSerial17availableForWriteEv
                0x00003852       0x1e D:\qtstuff\Arduino2Wheeler\ArduGirobot_AtmelStudio\ArduGirobot_AtmelStudio\ArduinoCore\Debug\libArduinoCore.a(HardwareSerial.o)
                0x00003852                _ZN14HardwareSerial17availableForWriteEv
 .text._Z14serialEventRunv
                0x00003870       0x1c D:\qtstuff\Arduino2Wheeler\ArduGirobot_AtmelStudio\ArduGirobot_AtmelStudio\ArduinoCore\Debug\libArduinoCore.a(HardwareSerial.o)
                0x00003870                _Z14serialEventRunv
 .text._ZN14HardwareSerial17_tx_udr_empty_irqEv
                0x0000388c       0x42 D:\qtstuff\Arduino2Wheeler\ArduGirobot_AtmelStudio\ArduGirobot_AtmelStudio\ArduinoCore\Debug\libArduinoCore.a(HardwareSerial.o)
                0x0000388c                _ZN14HardwareSerial17_tx_udr_empty_irqEv
 .text._ZN14HardwareSerial5writeEh
                0x000038ce       0x8e D:\qtstuff\Arduino2Wheeler\ArduGirobot_AtmelStudio\ArduGirobot_AtmelStudio\ArduinoCore\Debug\libArduinoCore.a(HardwareSerial.o)
                0x000038ce                _ZN14HardwareSerial5writeEh
 .text._ZN14HardwareSerial5flushEv
                0x0000395c       0x44 D:\qtstuff\Arduino2Wheeler\ArduGirobot_AtmelStudio\ArduGirobot_AtmelStudio\ArduinoCore\Debug\libArduinoCore.a(HardwareSerial.o)
                0x0000395c                _ZN14HardwareSerial5flushEv
 .text._ZN14HardwareSerial5beginEmh
                0x000039a0       0xca D:\qtstuff\Arduino2Wheeler\ArduGirobot_AtmelStudio\ArduGirobot_AtmelStudio\ArduinoCore\Debug\libArduinoCore.a(HardwareSerial.o)
                0x000039a0                _ZN14HardwareSerial5beginEmh
 .text.__vector_18
                0x00003a6a       0x64 D:\qtstuff\Arduino2Wheeler\ArduGirobot_AtmelStudio\ArduGirobot_AtmelStudio\ArduinoCore\Debug\libArduinoCore.a(HardwareSerial0.o)
                0x00003a6a                __vector_18
 .text.__vector_19
                0x00003ace       0x4c D:\qtstuff\Arduino2Wheeler\ArduGirobot_AtmelStudio\ArduGirobot_AtmelStudio\ArduinoCore\Debug\libArduinoCore.a(HardwareSerial0.o)
                0x00003ace                __vector_19
 .text._Z17Serial0_availablev
                0x00003b1a       0x14 D:\qtstuff\Arduino2Wheeler\ArduGirobot_AtmelStudio\ArduGirobot_AtmelStudio\ArduinoCore\Debug\libArduinoCore.a(HardwareSerial0.o)
                0x00003b1a                _Z17Serial0_availablev
 .text.startup._GLOBAL__sub_I___vector_18
                0x00003b2e       0x5a D:\qtstuff\Arduino2Wheeler\ArduGirobot_AtmelStudio\ArduGirobot_AtmelStudio\ArduinoCore\Debug\libArduinoCore.a(HardwareSerial0.o)
 .text.initVariant
                0x00003b88        0x2 D:\qtstuff\Arduino2Wheeler\ArduGirobot_AtmelStudio\ArduGirobot_AtmelStudio\ArduinoCore\Debug\libArduinoCore.a(main.o)
                0x00003b88                initVariant
 .text.startup.main
                0x00003b8a       0x1e D:\qtstuff\Arduino2Wheeler\ArduGirobot_AtmelStudio\ArduGirobot_AtmelStudio\ArduinoCore\Debug\libArduinoCore.a(main.o)
                0x00003b8a                main
 .text._Znwj    0x00003ba8        0x4 D:\qtstuff\Arduino2Wheeler\ArduGirobot_AtmelStudio\ArduGirobot_AtmelStudio\ArduinoCore\Debug\libArduinoCore.a(new.o)
                0x00003ba8                _Znwj
 .text._ZN5Print5writeEPKhj
                0x00003bac       0x54 D:\qtstuff\Arduino2Wheeler\ArduGirobot_AtmelStudio\ArduGirobot_AtmelStudio\ArduinoCore\Debug\libArduinoCore.a(Print.o)
                0x00003bac                _ZN5Print5writeEPKhj
 .text._ZN5Print5writeEPKc
                0x00003c00       0x2a D:\qtstuff\Arduino2Wheeler\ArduGirobot_AtmelStudio\ArduGirobot_AtmelStudio\ArduinoCore\Debug\libArduinoCore.a(Print.o)
                0x00003c00                _ZN5Print5writeEPKc
 .text._ZN5Print5printEc
                0x00003c2a        0xe D:\qtstuff\Arduino2Wheeler\ArduGirobot_AtmelStudio\ArduGirobot_AtmelStudio\ArduinoCore\Debug\libArduinoCore.a(Print.o)
                0x00003c2a                _ZN5Print5printEc
 .text._ZN5Print7printlnEv
                0x00003c38        0x8 D:\qtstuff\Arduino2Wheeler\ArduGirobot_AtmelStudio\ArduGirobot_AtmelStudio\ArduinoCore\Debug\libArduinoCore.a(Print.o)
                0x00003c38                _ZN5Print7printlnEv
 .text._ZN5Print7printlnEPKc
                0x00003c40       0x24 D:\qtstuff\Arduino2Wheeler\ArduGirobot_AtmelStudio\ArduGirobot_AtmelStudio\ArduinoCore\Debug\libArduinoCore.a(Print.o)
                0x00003c40                _ZN5Print7printlnEPKc
 .text._ZN5Print11printNumberEmh
                0x00003c64       0x92 D:\qtstuff\Arduino2Wheeler\ArduGirobot_AtmelStudio\ArduGirobot_AtmelStudio\ArduinoCore\Debug\libArduinoCore.a(Print.o)
                0x00003c64                _ZN5Print11printNumberEmh
 .text._ZN5Print5printEmi
                0x00003cf6       0x1a D:\qtstuff\Arduino2Wheeler\ArduGirobot_AtmelStudio\ArduGirobot_AtmelStudio\ArduinoCore\Debug\libArduinoCore.a(Print.o)
                0x00003cf6                _ZN5Print5printEmi
 .text._ZN5Print5printEji
                0x00003d10        0xc D:\qtstuff\Arduino2Wheeler\ArduGirobot_AtmelStudio\ArduGirobot_AtmelStudio\ArduinoCore\Debug\libArduinoCore.a(Print.o)
                0x00003d10                _ZN5Print5printEji
 .text._ZN5Print7printlnEmi
                0x00003d1c       0x24 D:\qtstuff\Arduino2Wheeler\ArduGirobot_AtmelStudio\ArduGirobot_AtmelStudio\ArduinoCore\Debug\libArduinoCore.a(Print.o)
                0x00003d1c                _ZN5Print7printlnEmi
 .text._ZN5Print10printFloatEdh
                0x00003d40      0x1b6 D:\qtstuff\Arduino2Wheeler\ArduGirobot_AtmelStudio\ArduGirobot_AtmelStudio\ArduinoCore\Debug\libArduinoCore.a(Print.o)
                0x00003d40                _ZN5Print10printFloatEdh
 .text._ZN5Print7printlnEdi
                0x00003ef6       0x24 D:\qtstuff\Arduino2Wheeler\ArduGirobot_AtmelStudio\ArduGirobot_AtmelStudio\ArduinoCore\Debug\libArduinoCore.a(Print.o)
                0x00003ef6                _ZN5Print7printlnEdi
 .text.__vector_16
                0x00003f1a       0x8c D:\qtstuff\Arduino2Wheeler\ArduGirobot_AtmelStudio\ArduGirobot_AtmelStudio\ArduinoCore\Debug\libArduinoCore.a(wiring.o)
                0x00003f1a                __vector_16
 .text.millis   0x00003fa6       0x18 D:\qtstuff\Arduino2Wheeler\ArduGirobot_AtmelStudio\ArduGirobot_AtmelStudio\ArduinoCore\Debug\libArduinoCore.a(wiring.o)
                0x00003fa6                millis
 .text.init     0x00003fbe       0x76 D:\qtstuff\Arduino2Wheeler\ArduGirobot_AtmelStudio\ArduGirobot_AtmelStudio\ArduinoCore\Debug\libArduinoCore.a(wiring.o)
                0x00003fbe                init
 .text.pinMode  0x00004034       0x78 D:\qtstuff\Arduino2Wheeler\ArduGirobot_AtmelStudio\ArduGirobot_AtmelStudio\ArduinoCore\Debug\libArduinoCore.a(wiring_digital.o)
                0x00004034                pinMode
 .text._Z3maplllll
                0x000040ac       0x82 D:\qtstuff\Arduino2Wheeler\ArduGirobot_AtmelStudio\ArduGirobot_AtmelStudio\ArduinoCore\Debug\libArduinoCore.a(WMath.o)
                0x000040ac                _Z3maplllll
 .text.avr-libc.fplib
                0x0000412e        0xa c:/program files (x86)/atmel/studio/7.0/toolchain/avr8/avr8-gnu-toolchain/bin/../lib/gcc/avr/5.4.0/../../../../avr/lib/avr5\libm.a(unordsf2.o)
                0x0000412e                __unordsf2
 .text.libgcc.mul
                0x00004138       0x20 c:/program files (x86)/atmel/studio/7.0/toolchain/avr8/avr8-gnu-toolchain/bin/../lib/gcc/avr/5.4.0/avr5\libgcc.a(_mulsi3.o)
                0x00004138                __mulsi3
 .text.libgcc.div
                0x00004158       0x44 c:/program files (x86)/atmel/studio/7.0/toolchain/avr8/avr8-gnu-toolchain/bin/../lib/gcc/avr/5.4.0/avr5\libgcc.a(_udivmodsi4.o)
                0x00004158                __udivmodsi4
 .text.libgcc.div
                0x0000419c       0x2e c:/program files (x86)/atmel/studio/7.0/toolchain/avr8/avr8-gnu-toolchain/bin/../lib/gcc/avr/5.4.0/avr5\libgcc.a(_divmodsi4.o)
                0x0000419c                __divmodsi4
 .text.libgcc.div
                0x000041ca       0x10 c:/program files (x86)/atmel/studio/7.0/toolchain/avr8/avr8-gnu-toolchain/bin/../lib/gcc/avr/5.4.0/avr5\libgcc.a(_negsi2.o)
                0x000041ca                __negsi2
 .text.libgcc   0x000041da        0xc c:/program files (x86)/atmel/studio/7.0/toolchain/avr8/avr8-gnu-toolchain/bin/../lib/gcc/avr/5.4.0/avr5\libgcc.a(_tablejump2.o)
                0x000041da                __tablejump2__
 .text.libgcc.mul
                0x000041e6       0x1e c:/program files (x86)/atmel/studio/7.0/toolchain/avr8/avr8-gnu-toolchain/bin/../lib/gcc/avr/5.4.0/avr5\libgcc.a(_umulhisi3.o)
                0x000041e6                __umulhisi3
 .text.libgcc.mul
                0x00004204       0x16 c:/program files (x86)/atmel/studio/7.0/toolchain/avr8/avr8-gnu-toolchain/bin/../lib/gcc/avr/5.4.0/avr5\libgcc.a(_muluhisi3.o)
                0x00004204                __muluhisi3
 .text.avr-libc
                0x0000421a      0x242 c:/program files (x86)/atmel/studio/7.0/toolchain/avr8/avr8-gnu-toolchain/bin/../lib/gcc/avr/5.4.0/../../../../avr/lib/avr5\libc.a(malloc.o)
                0x0000421a                malloc
                0x0000434a                free
 .text.avr-libc
                0x0000445c        0x8 c:/program files (x86)/atmel/studio/7.0/toolchain/avr8/avr8-gnu-toolchain/bin/../lib/gcc/avr/5.4.0/../../../../avr/lib/avr5\libc.a(atof.o)
                0x0000445c                atof
 .text.avr-libc
                0x00004464      0x29c c:/program files (x86)/atmel/studio/7.0/toolchain/avr8/avr8-gnu-toolchain/bin/../lib/gcc/avr/5.4.0/../../../../avr/lib/avr5\libc.a(strtod.o)
                0x00004464                strtod
 .text.avr-libc
                0x00004700       0x12 c:/program files (x86)/atmel/studio/7.0/toolchain/avr8/avr8-gnu-toolchain/bin/../lib/gcc/avr/5.4.0/../../../../avr/lib/avr5\libc.a(isspace.o)
                0x00004700                isspace
 .text.avr-libc
                0x00004712       0x30 c:/program files (x86)/atmel/studio/7.0/toolchain/avr8/avr8-gnu-toolchain/bin/../lib/gcc/avr/5.4.0/../../../../avr/lib/avr5\libc.a(strncasecmp_P.o)
                0x00004712                strncasecmp_P
 .text.avr-libc
                0x00004742        0x6 c:/program files (x86)/atmel/studio/7.0/toolchain/avr8/avr8-gnu-toolchain/bin/../lib/gcc/avr/5.4.0/../../../../avr/lib/avr5\libc.a(cty_isfalse.o)
                0x00004742                __ctype_isfalse
                0x00004746                __ctype_istrue
 .text.avr-libc
                0x00004748       0x10 C:/Program Files (x86)/Atmel/Studio/7.0/Packs/atmel/ATmega_DFP/1.2.150/gcc/dev/atmega328p/avr5\libatmega328p.a(eerd_byte.o)
                0x00004748                eeprom_read_byte
 .text.avr-libc
                0x00004758       0x1c C:/Program Files (x86)/Atmel/Studio/7.0/Packs/atmel/ATmega_DFP/1.2.150/gcc/dev/atmega328p/avr5\libatmega328p.a(eewr_byte.o)
                0x00004758                eeprom_write_byte
                0x0000475a                eeprom_write_r18
 .text.libgcc.prologue
                0x00004774       0x38 c:/program files (x86)/atmel/studio/7.0/toolchain/avr8/avr8-gnu-toolchain/bin/../lib/gcc/avr/5.4.0/avr5\libgcc.a(_prologue.o)
                0x00004774                __prologue_saves__
 .text.libgcc.prologue
                0x000047ac       0x36 c:/program files (x86)/atmel/studio/7.0/toolchain/avr8/avr8-gnu-toolchain/bin/../lib/gcc/avr/5.4.0/avr5\libgcc.a(_epilogue.o)
                0x000047ac                __epilogue_restores__
                0x000047e2                . = ALIGN (0x2)
 *(.fini9)
 .fini9         0x000047e2        0x0 c:/program files (x86)/atmel/studio/7.0/toolchain/avr8/avr8-gnu-toolchain/bin/../lib/gcc/avr/5.4.0/avr5\libgcc.a(_exit.o)
                0x000047e2                _exit
                0x000047e2                exit
 *(.fini9)
 *(.fini8)
 *(.fini8)
 *(.fini7)
 *(.fini7)
 *(.fini6)
 *(.fini6)
 *(.fini5)
 *(.fini5)
 *(.fini4)
 *(.fini4)
 *(.fini3)
 *(.fini3)
 *(.fini2)
 *(.fini2)
 *(.fini1)
 *(.fini1)
 *(.fini0)
 .fini0         0x000047e2        0x4 c:/program files (x86)/atmel/studio/7.0/toolchain/avr8/avr8-gnu-toolchain/bin/../lib/gcc/avr/5.4.0/avr5\libgcc.a(_exit.o)
 *(.fini0)
                0x000047e6                _etext = .

.data           0x00800100       0xd2 load address 0x000047e6
                0x00800100                PROVIDE (__data_start, .)
 *(.data)
 .data          0x00800100        0x6 c:/program files (x86)/atmel/studio/7.0/toolchain/avr8/avr8-gnu-toolchain/bin/../lib/gcc/avr/5.4.0/../../../../avr/lib/avr5\libc.a(malloc.o)
                0x00800100                __malloc_heap_end
                0x00800102                __malloc_heap_start
                0x00800104                __malloc_margin
 *(.data*)
 .data._ZZ17Serial_PrintStatsvE5old_i
                0x00800106        0x1 Sketch.o
 .data._ZZ17Serial_PrintStatsvE1i
                0x00800107        0x1 Sketch.o
 .data.stateRunning
                0x00800108        0x1 Sketch.o
                0x00800108                stateRunning
 .data.PrintCycleTimeStats
                0x00800109        0x1 Sketch.o
                0x00800109                PrintCycleTimeStats
 .data.PrintP3CfgValues
                0x0080010a        0x1 Sketch.o
                0x0080010a                PrintP3CfgValues
 .data.PrintP2CfgValues
                0x0080010b        0x1 Sketch.o
                0x0080010b                PrintP2CfgValues
 .data.PrintP1CfgValues
                0x0080010c        0x1 Sketch.o
                0x0080010c                PrintP1CfgValues
 .data.PrintPidCfgValues
                0x0080010d        0x1 Sketch.o
                0x0080010d                PrintPidCfgValues
 .data.ConnectGiroToMot
                0x0080010e        0x1 Sketch.o
                0x0080010e                ConnectGiroToMot
 .data._ZN6I2Cdev11readTimeoutE
                0x0080010f        0x2 src/libraries/I2Cdev/I2Cdev.o
                0x0080010f                _ZN6I2Cdev11readTimeoutE
 *(.gnu.linkonce.d*)
 *(.rodata)
 *(.rodata*)
 .rodata.str1.1
                0x00800111       0x8d Sketch.o
 .rodata._ZTV7TwoWire
                0x0080019e       0x12 src/libraries/Wire/src/Wire.o
                0x0080019e                _ZTV7TwoWire
 .rodata._ZTV14HardwareSerial
                0x008001b0       0x12 D:\qtstuff\Arduino2Wheeler\ArduGirobot_AtmelStudio\ArduGirobot_AtmelStudio\ArduinoCore\Debug\libArduinoCore.a(HardwareSerial.o)
                0x008001b0                _ZTV14HardwareSerial
 .rodata.str1.1
                0x008001c2        0xf D:\qtstuff\Arduino2Wheeler\ArduGirobot_AtmelStudio\ArduGirobot_AtmelStudio\ArduinoCore\Debug\libArduinoCore.a(Print.o)
 *(.gnu.linkonce.r*)
                0x008001d2                . = ALIGN (0x2)
 *fill*         0x008001d1        0x1 
                0x008001d2                _edata = .
                0x008001d2                PROVIDE (__data_end, .)

.bss            0x008001d2      0x22f
                0x008001d2                PROVIDE (__bss_start, .)
 *(.bss)
 *(.bss*)
 .bss._ZZ13Giro_ReadDatavE13Giro_prevTime
                0x008001d2        0x4 Sketch.o
 .bss._ZZ19UpdateEncoderValuesvE16previousMilliEnc
                0x008001d6        0x4 Sketch.o
 .bss._ZZ9SerialComvE22previousMilliSerialLog
                0x008001da        0x4 Sketch.o
 .bss._ZZ18Serial_LookForDatavE3ndx
                0x008001de        0x1 Sketch.o
 .bss.Ser_NewData
                0x008001df        0x1 Sketch.o
                0x008001df                Ser_NewData
 .bss.Ser_Buffer
                0x008001e0       0x40 Sketch.o
                0x008001e0                Ser_Buffer
 .bss.Giro_Pid  0x00800220        0x2 Sketch.o
                0x00800220                Giro_Pid
 .bss.Mot1_Pid  0x00800222        0x2 Sketch.o
                0x00800222                Mot1_Pid
 .bss.Mot0_Pid  0x00800224        0x2 Sketch.o
                0x00800224                Mot0_Pid
 .bss.Giro_PidCtl
                0x00800226        0x2 Sketch.o
                0x00800226                Giro_PidCtl
 .bss.Mot1_PidCtl
                0x00800228        0x2 Sketch.o
                0x00800228                Mot1_PidCtl
 .bss.Mot0_PidCtl
                0x0080022a        0x2 Sketch.o
                0x0080022a                Mot0_PidCtl
 .bss.getUp     0x0080022c        0x1 Sketch.o
                0x0080022c                getUp
 .bss.Giro_PrevAngle
                0x0080022d        0x4 Sketch.o
                0x0080022d                Giro_PrevAngle
 .bss.Giro_FilteredAngle
                0x00800231        0x4 Sketch.o
                0x00800231                Giro_FilteredAngle
 .bss.Giro_Angle
                0x00800235        0x4 Sketch.o
                0x00800235                Giro_Angle
 .bss.Giro_AccAngle
                0x00800239        0x4 Sketch.o
                0x00800239                Giro_AccAngle
 .bss.Giro_Rate
                0x0080023d        0x2 Sketch.o
                0x0080023d                Giro_Rate
 .bss.Giro_RotX
                0x0080023f        0x2 Sketch.o
                0x0080023f                Giro_RotX
 .bss.Giro_AccZ
                0x00800241        0x2 Sketch.o
                0x00800241                Giro_AccZ
 .bss.Giro_AccY
                0x00800243        0x2 Sketch.o
                0x00800243                Giro_AccY
 .bss.mpu       0x00800245        0xf Sketch.o
                0x00800245                mpu
 .bss.serialLoopTime
                0x00800254        0x4 Sketch.o
                0x00800254                serialLoopTime
 .bss.normalLoopTime
                0x00800258        0x4 Sketch.o
                0x00800258                normalLoopTime
 .bss.RemoteBtnC
                0x0080025c        0x1 Sketch.o
                0x0080025c                RemoteBtnC
 .bss.RemoteBtnZ
                0x0080025d        0x1 Sketch.o
                0x0080025d                RemoteBtnZ
 .bss.RemoteDirLeft
                0x0080025e        0x1 Sketch.o
                0x0080025e                RemoteDirLeft
 .bss.RemoteDirRight
                0x0080025f        0x1 Sketch.o
                0x0080025f                RemoteDirRight
 .bss.RemoteDirDn
                0x00800260        0x1 Sketch.o
                0x00800260                RemoteDirDn
 .bss.RemoteDirUp
                0x00800261        0x1 Sketch.o
                0x00800261                RemoteDirUp
 .bss.sonar     0x00800262       0x12 Sketch.o
                0x00800262                sonar
 .bss.intFunc   0x00800274        0x2 src/libraries/NewPing/NewPing.o
                0x00800274                intFunc
 .bss.twi_error
                0x00800276        0x1 src/libraries/Wire/src/utility/twi.o
 .bss.twi_rxBufferIndex
                0x00800277        0x1 src/libraries/Wire/src/utility/twi.o
 .bss.twi_rxBuffer
                0x00800278       0x20 src/libraries/Wire/src/utility/twi.o
 .bss.twi_txBufferLength
                0x00800298        0x1 src/libraries/Wire/src/utility/twi.o
 .bss.twi_txBufferIndex
                0x00800299        0x1 src/libraries/Wire/src/utility/twi.o
 .bss.twi_txBuffer
                0x0080029a       0x20 src/libraries/Wire/src/utility/twi.o
 .bss.twi_masterBufferLength
                0x008002ba        0x1 src/libraries/Wire/src/utility/twi.o
 .bss.twi_masterBufferIndex
                0x008002bb        0x1 src/libraries/Wire/src/utility/twi.o
 .bss.twi_masterBuffer
                0x008002bc       0x20 src/libraries/Wire/src/utility/twi.o
 .bss.twi_onSlaveReceive
                0x008002dc        0x2 src/libraries/Wire/src/utility/twi.o
 .bss.twi_onSlaveTransmit
                0x008002de        0x2 src/libraries/Wire/src/utility/twi.o
 .bss.twi_inRepStart
                0x008002e0        0x1 src/libraries/Wire/src/utility/twi.o
 .bss.twi_sendStop
                0x008002e1        0x1 src/libraries/Wire/src/utility/twi.o
 .bss.twi_slarw
                0x008002e2        0x1 src/libraries/Wire/src/utility/twi.o
 .bss.twi_state
                0x008002e3        0x1 src/libraries/Wire/src/utility/twi.o
 .bss.Wire      0x008002e4        0xc src/libraries/Wire/src/Wire.o
                0x008002e4                Wire
 .bss._ZN7TwoWire12transmittingE
                0x008002f0        0x1 src/libraries/Wire/src/Wire.o
                0x008002f0                _ZN7TwoWire12transmittingE
 .bss._ZN7TwoWire14txBufferLengthE
                0x008002f1        0x1 src/libraries/Wire/src/Wire.o
                0x008002f1                _ZN7TwoWire14txBufferLengthE
 .bss._ZN7TwoWire13txBufferIndexE
                0x008002f2        0x1 src/libraries/Wire/src/Wire.o
                0x008002f2                _ZN7TwoWire13txBufferIndexE
 .bss._ZN7TwoWire8txBufferE
                0x008002f3       0x20 src/libraries/Wire/src/Wire.o
                0x008002f3                _ZN7TwoWire8txBufferE
 .bss._ZN7TwoWire9txAddressE
                0x00800313        0x1 src/libraries/Wire/src/Wire.o
                0x00800313                _ZN7TwoWire9txAddressE
 .bss._ZN7TwoWire14rxBufferLengthE
                0x00800314        0x1 src/libraries/Wire/src/Wire.o
                0x00800314                _ZN7TwoWire14rxBufferLengthE
 .bss._ZN7TwoWire13rxBufferIndexE
                0x00800315        0x1 src/libraries/Wire/src/Wire.o
                0x00800315                _ZN7TwoWire13rxBufferIndexE
 .bss._ZN7TwoWire8rxBufferE
                0x00800316       0x20 src/libraries/Wire/src/Wire.o
                0x00800316                _ZN7TwoWire8rxBufferE
 .bss.accelgyro
                0x00800336        0xf src/MPU6050Calib.o
                0x00800336                accelgyro
 .bss.Mot0_tmpState
                0x00800345        0x1 src/my_libs/ENC_lib.o
                0x00800345                Mot0_tmpState
 .bss.Mot0_p2Val
                0x00800346        0x1 src/my_libs/ENC_lib.o
                0x00800346                Mot0_p2Val
 .bss.Mot0_p1Val
                0x00800347        0x1 src/my_libs/ENC_lib.o
                0x00800347                Mot0_p1Val
 .bss.Mot0_state
                0x00800348        0x1 src/my_libs/ENC_lib.o
                0x00800348                Mot0_state
 .bss.Mot1_tmpState
                0x00800349        0x1 src/my_libs/ENC_lib.o
                0x00800349                Mot1_tmpState
 .bss.Mot1_p2Val
                0x0080034a        0x1 src/my_libs/ENC_lib.o
                0x0080034a                Mot1_p2Val
 .bss.Mot1_p1Val
                0x0080034b        0x1 src/my_libs/ENC_lib.o
                0x0080034b                Mot1_p1Val
 .bss.Mot1_state
                0x0080034c        0x1 src/my_libs/ENC_lib.o
                0x0080034c                Mot1_state
 .bss.Mot1_Enc  0x0080034d        0x4 src/my_libs/ENC_lib.o
                0x0080034d                Mot1_Enc
 .bss.Mot0_Enc  0x00800351        0x4 src/my_libs/ENC_lib.o
                0x00800351                Mot0_Enc
 .bss.Serial    0x00800355       0x9d D:\qtstuff\Arduino2Wheeler\ArduGirobot_AtmelStudio\ArduGirobot_AtmelStudio\ArduinoCore\Debug\libArduinoCore.a(HardwareSerial0.o)
                0x00800355                Serial
 .bss.timer0_fract
                0x008003f2        0x1 D:\qtstuff\Arduino2Wheeler\ArduGirobot_AtmelStudio\ArduGirobot_AtmelStudio\ArduinoCore\Debug\libArduinoCore.a(wiring.o)
 .bss.timer0_millis
                0x008003f3        0x4 D:\qtstuff\Arduino2Wheeler\ArduGirobot_AtmelStudio\ArduGirobot_AtmelStudio\ArduinoCore\Debug\libArduinoCore.a(wiring.o)
                0x008003f3                timer0_millis
 .bss.timer0_overflow_count
                0x008003f7        0x4 D:\qtstuff\Arduino2Wheeler\ArduGirobot_AtmelStudio\ArduGirobot_AtmelStudio\ArduinoCore\Debug\libArduinoCore.a(wiring.o)
                0x008003f7                timer0_overflow_count
 *(COMMON)
 COMMON         0x008003fb        0x4 c:/program files (x86)/atmel/studio/7.0/toolchain/avr8/avr8-gnu-toolchain/bin/../lib/gcc/avr/5.4.0/../../../../avr/lib/avr5\libc.a(malloc.o)
                0x008003fb                __brkval
                0x008003fd                __flp
 COMMON         0x008003ff        0x2 c:/program files (x86)/atmel/studio/7.0/toolchain/avr8/avr8-gnu-toolchain/bin/../lib/gcc/avr/5.4.0/../../../../avr/lib/avr5\libc.a(errno.o)
                0x008003ff                errno
                0x00800401                PROVIDE (__bss_end, .)
                0x000047e6                __data_load_start = LOADADDR (.data)
                0x000048b8                __data_load_end = (__data_load_start + SIZEOF (.data))

.noinit         0x00800401        0x0
                [!provide]                PROVIDE (__noinit_start, .)
 *(.noinit*)
                [!provide]                PROVIDE (__noinit_end, .)
                0x00800401                _end = .
                0x00800401                PROVIDE (__heap_start, .)

.eeprom         0x00810000        0x0
 *(.eeprom*)
                0x00810000                __eeprom_end = .

.fuse
 *(.fuse)
 *(.lfuse)
 *(.hfuse)
 *(.efuse)

.lock
 *(.lock*)

.signature
 *(.signature*)

.user_signatures
 *(.user_signatures*)

.stab
 *(.stab)

.stabstr
 *(.stabstr)

.stab.excl
 *(.stab.excl)

.stab.exclstr
 *(.stab.exclstr)

.stab.index
 *(.stab.index)

.stab.indexstr
 *(.stab.indexstr)

.comment        0x00000000       0x5c
 *(.comment)
 .comment       0x00000000       0x30 Sketch.o
                                 0x31 (size before relaxing)
 .comment       0x00000030       0x31 src/libraries/Arduino-PID-Library-master/PID_v1.o
 .comment       0x00000030       0x31 src/libraries/I2Cdev/I2Cdev.o
 .comment       0x00000030       0x31 src/libraries/MPU6050/MPU6050.o
 .comment       0x00000030       0x31 src/libraries/NewPing/NewPing.o
 .comment       0x00000030       0x31 src/libraries/Wire/src/utility/twi.o
 .comment       0x00000030       0x31 src/libraries/Wire/src/Wire.o
 .comment       0x00000030       0x31 src/MPU6050Calib.o
 .comment       0x00000030       0x31 src/my_libs/ENC_lib.o
 .comment       0x00000030       0x31 src/my_libs/MOT_lib.o
 .comment       0x00000030       0x31 src/my_libs/pwm_basic.o
 .comment       0x00000030       0x31 D:\qtstuff\Arduino2Wheeler\ArduGirobot_AtmelStudio\ArduGirobot_AtmelStudio\ArduinoCore\Debug\libArduinoCore.a(HardwareSerial.o)
 .comment       0x00000030       0x31 D:\qtstuff\Arduino2Wheeler\ArduGirobot_AtmelStudio\ArduGirobot_AtmelStudio\ArduinoCore\Debug\libArduinoCore.a(HardwareSerial0.o)
 .comment       0x00000030       0x31 D:\qtstuff\Arduino2Wheeler\ArduGirobot_AtmelStudio\ArduGirobot_AtmelStudio\ArduinoCore\Debug\libArduinoCore.a(main.o)
 .comment       0x00000030       0x31 D:\qtstuff\Arduino2Wheeler\ArduGirobot_AtmelStudio\ArduGirobot_AtmelStudio\ArduinoCore\Debug\libArduinoCore.a(new.o)
 .comment       0x00000030       0x31 D:\qtstuff\Arduino2Wheeler\ArduGirobot_AtmelStudio\ArduGirobot_AtmelStudio\ArduinoCore\Debug\libArduinoCore.a(Print.o)
 .comment       0x00000030       0x31 D:\qtstuff\Arduino2Wheeler\ArduGirobot_AtmelStudio\ArduGirobot_AtmelStudio\ArduinoCore\Debug\libArduinoCore.a(wiring.o)
 .comment       0x00000030       0x31 D:\qtstuff\Arduino2Wheeler\ArduGirobot_AtmelStudio\ArduGirobot_AtmelStudio\ArduinoCore\Debug\libArduinoCore.a(wiring_digital.o)
 .comment       0x00000030       0x31 D:\qtstuff\Arduino2Wheeler\ArduGirobot_AtmelStudio\ArduGirobot_AtmelStudio\ArduinoCore\Debug\libArduinoCore.a(WMath.o)
 .comment       0x00000030       0x31 c:/program files (x86)/atmel/studio/7.0/toolchain/avr8/avr8-gnu-toolchain/bin/../lib/gcc/avr/5.4.0/../../../../avr/lib/avr5\libc.a(malloc.o)
 .comment       0x00000030       0x31 c:/program files (x86)/atmel/studio/7.0/toolchain/avr8/avr8-gnu-toolchain/bin/../lib/gcc/avr/5.4.0/../../../../avr/lib/avr5\libc.a(strtod.o)
 .comment       0x00000030       0x2c c:/program files (x86)/atmel/studio/7.0/toolchain/avr8/avr8-gnu-toolchain/bin/../lib/gcc/avr/5.4.0/../../../../avr/lib/avr5\libc.a(errno.o)
                                 0x2d (size before relaxing)

.note.gnu.avr.deviceinfo
                0x00000000       0x40
 .note.gnu.avr.deviceinfo
                0x00000000       0x40 C:/Program Files (x86)/Atmel/Studio/7.0/Packs/atmel/ATmega_DFP/1.2.150/gcc/dev/atmega328p/avr5/crtatmega328p.o

.note.gnu.build-id
 *(.note.gnu.build-id)

.debug
 *(.debug)

.line
 *(.line)

.debug_srcinfo
 *(.debug_srcinfo)

.debug_sfnames
 *(.debug_sfnames)

.debug_aranges  0x00000000      0x310
 *(.debug_aranges)
 .debug_aranges
                0x00000000       0x68 D:\qtstuff\Arduino2Wheeler\ArduGirobot_AtmelStudio\ArduGirobot_AtmelStudio\ArduinoCore\Debug\libArduinoCore.a(HardwareSerial.o)
 .debug_aranges
                0x00000068       0x48 D:\qtstuff\Arduino2Wheeler\ArduGirobot_AtmelStudio\ArduGirobot_AtmelStudio\ArduinoCore\Debug\libArduinoCore.a(HardwareSerial0.o)
 .debug_aranges
                0x000000b0       0x30 D:\qtstuff\Arduino2Wheeler\ArduGirobot_AtmelStudio\ArduGirobot_AtmelStudio\ArduinoCore\Debug\libArduinoCore.a(main.o)
 .debug_aranges
                0x000000e0       0x28 D:\qtstuff\Arduino2Wheeler\ArduGirobot_AtmelStudio\ArduGirobot_AtmelStudio\ArduinoCore\Debug\libArduinoCore.a(new.o)
 .debug_aranges
                0x00000108      0x100 D:\qtstuff\Arduino2Wheeler\ArduGirobot_AtmelStudio\ArduGirobot_AtmelStudio\ArduinoCore\Debug\libArduinoCore.a(Print.o)
 .debug_aranges
                0x00000208       0x48 D:\qtstuff\Arduino2Wheeler\ArduGirobot_AtmelStudio\ArduGirobot_AtmelStudio\ArduinoCore\Debug\libArduinoCore.a(wiring.o)
 .debug_aranges
                0x00000250       0x38 D:\qtstuff\Arduino2Wheeler\ArduGirobot_AtmelStudio\ArduGirobot_AtmelStudio\ArduinoCore\Debug\libArduinoCore.a(wiring_digital.o)
 .debug_aranges
                0x00000288       0x48 D:\qtstuff\Arduino2Wheeler\ArduGirobot_AtmelStudio\ArduGirobot_AtmelStudio\ArduinoCore\Debug\libArduinoCore.a(WMath.o)
 .debug_aranges
                0x000002d0       0x20 C:/Program Files (x86)/Atmel/Studio/7.0/Packs/atmel/ATmega_DFP/1.2.150/gcc/dev/atmega328p/avr5\libatmega328p.a(eerd_byte.o)
 .debug_aranges
                0x000002f0       0x20 C:/Program Files (x86)/Atmel/Studio/7.0/Packs/atmel/ATmega_DFP/1.2.150/gcc/dev/atmega328p/avr5\libatmega328p.a(eewr_byte.o)

.debug_pubnames
 *(.debug_pubnames)

.debug_info     0x00000000     0x7836
 *(.debug_info .gnu.linkonce.wi.*)
 .debug_info    0x00000000      0x5f4 C:/Program Files (x86)/Atmel/Studio/7.0/Packs/atmel/ATmega_DFP/1.2.150/gcc/dev/atmega328p/avr5/crtatmega328p.o
 .debug_info    0x000005f4     0x1e89 D:\qtstuff\Arduino2Wheeler\ArduGirobot_AtmelStudio\ArduGirobot_AtmelStudio\ArduinoCore\Debug\libArduinoCore.a(HardwareSerial.o)
 .debug_info    0x0000247d     0x1b16 D:\qtstuff\Arduino2Wheeler\ArduGirobot_AtmelStudio\ArduGirobot_AtmelStudio\ArduinoCore\Debug\libArduinoCore.a(HardwareSerial0.o)
 .debug_info    0x00003f93      0x237 D:\qtstuff\Arduino2Wheeler\ArduGirobot_AtmelStudio\ArduGirobot_AtmelStudio\ArduinoCore\Debug\libArduinoCore.a(main.o)
 .debug_info    0x000041ca      0x11c D:\qtstuff\Arduino2Wheeler\ArduGirobot_AtmelStudio\ArduGirobot_AtmelStudio\ArduinoCore\Debug\libArduinoCore.a(new.o)
 .debug_info    0x000042e6     0x28ff D:\qtstuff\Arduino2Wheeler\ArduGirobot_AtmelStudio\ArduGirobot_AtmelStudio\ArduinoCore\Debug\libArduinoCore.a(Print.o)
 .debug_info    0x00006be5      0x2cb D:\qtstuff\Arduino2Wheeler\ArduGirobot_AtmelStudio\ArduGirobot_AtmelStudio\ArduinoCore\Debug\libArduinoCore.a(wiring.o)
 .debug_info    0x00006eb0      0x5fe D:\qtstuff\Arduino2Wheeler\ArduGirobot_AtmelStudio\ArduGirobot_AtmelStudio\ArduinoCore\Debug\libArduinoCore.a(wiring_digital.o)
 .debug_info    0x000074ae      0x230 D:\qtstuff\Arduino2Wheeler\ArduGirobot_AtmelStudio\ArduGirobot_AtmelStudio\ArduinoCore\Debug\libArduinoCore.a(WMath.o)
 .debug_info    0x000076de       0xac C:/Program Files (x86)/Atmel/Studio/7.0/Packs/atmel/ATmega_DFP/1.2.150/gcc/dev/atmega328p/avr5\libatmega328p.a(eerd_byte.o)
 .debug_info    0x0000778a       0xac C:/Program Files (x86)/Atmel/Studio/7.0/Packs/atmel/ATmega_DFP/1.2.150/gcc/dev/atmega328p/avr5\libatmega328p.a(eewr_byte.o)

.debug_abbrev   0x00000000     0x180b
 *(.debug_abbrev)
 .debug_abbrev  0x00000000      0x5a2 C:/Program Files (x86)/Atmel/Studio/7.0/Packs/atmel/ATmega_DFP/1.2.150/gcc/dev/atmega328p/avr5/crtatmega328p.o
 .debug_abbrev  0x000005a2      0x432 D:\qtstuff\Arduino2Wheeler\ArduGirobot_AtmelStudio\ArduGirobot_AtmelStudio\ArduinoCore\Debug\libArduinoCore.a(HardwareSerial.o)
 .debug_abbrev  0x000009d4      0x3ce D:\qtstuff\Arduino2Wheeler\ArduGirobot_AtmelStudio\ArduGirobot_AtmelStudio\ArduinoCore\Debug\libArduinoCore.a(HardwareSerial0.o)
 .debug_abbrev  0x00000da2      0x12d D:\qtstuff\Arduino2Wheeler\ArduGirobot_AtmelStudio\ArduGirobot_AtmelStudio\ArduinoCore\Debug\libArduinoCore.a(main.o)
 .debug_abbrev  0x00000ecf       0xce D:\qtstuff\Arduino2Wheeler\ArduGirobot_AtmelStudio\ArduGirobot_AtmelStudio\ArduinoCore\Debug\libArduinoCore.a(new.o)
 .debug_abbrev  0x00000f9d      0x47a D:\qtstuff\Arduino2Wheeler\ArduGirobot_AtmelStudio\ArduGirobot_AtmelStudio\ArduinoCore\Debug\libArduinoCore.a(Print.o)
 .debug_abbrev  0x00001417      0x146 D:\qtstuff\Arduino2Wheeler\ArduGirobot_AtmelStudio\ArduGirobot_AtmelStudio\ArduinoCore\Debug\libArduinoCore.a(wiring.o)
 .debug_abbrev  0x0000155d      0x15b D:\qtstuff\Arduino2Wheeler\ArduGirobot_AtmelStudio\ArduGirobot_AtmelStudio\ArduinoCore\Debug\libArduinoCore.a(wiring_digital.o)
 .debug_abbrev  0x000016b8      0x12b D:\qtstuff\Arduino2Wheeler\ArduGirobot_AtmelStudio\ArduGirobot_AtmelStudio\ArduinoCore\Debug\libArduinoCore.a(WMath.o)
 .debug_abbrev  0x000017e3       0x14 C:/Program Files (x86)/Atmel/Studio/7.0/Packs/atmel/ATmega_DFP/1.2.150/gcc/dev/atmega328p/avr5\libatmega328p.a(eerd_byte.o)
 .debug_abbrev  0x000017f7       0x14 C:/Program Files (x86)/Atmel/Studio/7.0/Packs/atmel/ATmega_DFP/1.2.150/gcc/dev/atmega328p/avr5\libatmega328p.a(eewr_byte.o)

.debug_line     0x00000000     0x18bc
 *(.debug_line .debug_line.* .debug_line_end)
 .debug_line    0x00000000      0x133 C:/Program Files (x86)/Atmel/Studio/7.0/Packs/atmel/ATmega_DFP/1.2.150/gcc/dev/atmega328p/avr5/crtatmega328p.o
 .debug_line    0x00000133      0x43b D:\qtstuff\Arduino2Wheeler\ArduGirobot_AtmelStudio\ArduGirobot_AtmelStudio\ArduinoCore\Debug\libArduinoCore.a(HardwareSerial.o)
 .debug_line    0x0000056e      0x2a1 D:\qtstuff\Arduino2Wheeler\ArduGirobot_AtmelStudio\ArduGirobot_AtmelStudio\ArduinoCore\Debug\libArduinoCore.a(HardwareSerial0.o)
 .debug_line    0x0000080f      0x17a D:\qtstuff\Arduino2Wheeler\ArduGirobot_AtmelStudio\ArduGirobot_AtmelStudio\ArduinoCore\Debug\libArduinoCore.a(main.o)
 .debug_line    0x00000989      0x12f D:\qtstuff\Arduino2Wheeler\ArduGirobot_AtmelStudio\ArduGirobot_AtmelStudio\ArduinoCore\Debug\libArduinoCore.a(new.o)
 .debug_line    0x00000ab8      0x69a D:\qtstuff\Arduino2Wheeler\ArduGirobot_AtmelStudio\ArduGirobot_AtmelStudio\ArduinoCore\Debug\libArduinoCore.a(Print.o)
 .debug_line    0x00001152      0x2a8 D:\qtstuff\Arduino2Wheeler\ArduGirobot_AtmelStudio\ArduGirobot_AtmelStudio\ArduinoCore\Debug\libArduinoCore.a(wiring.o)
 .debug_line    0x000013fa      0x267 D:\qtstuff\Arduino2Wheeler\ArduGirobot_AtmelStudio\ArduGirobot_AtmelStudio\ArduinoCore\Debug\libArduinoCore.a(wiring_digital.o)
 .debug_line    0x00001661      0x143 D:\qtstuff\Arduino2Wheeler\ArduGirobot_AtmelStudio\ArduGirobot_AtmelStudio\ArduinoCore\Debug\libArduinoCore.a(WMath.o)
 .debug_line    0x000017a4       0x7a C:/Program Files (x86)/Atmel/Studio/7.0/Packs/atmel/ATmega_DFP/1.2.150/gcc/dev/atmega328p/avr5\libatmega328p.a(eerd_byte.o)
 .debug_line    0x0000181e       0x9e C:/Program Files (x86)/Atmel/Studio/7.0/Packs/atmel/ATmega_DFP/1.2.150/gcc/dev/atmega328p/avr5\libatmega328p.a(eewr_byte.o)

.debug_frame    0x00000000      0x878
 *(.debug_frame)
 .debug_frame   0x00000000      0x110 D:\qtstuff\Arduino2Wheeler\ArduGirobot_AtmelStudio\ArduGirobot_AtmelStudio\ArduinoCore\Debug\libArduinoCore.a(HardwareSerial.o)
 .debug_frame   0x00000110       0xe0 D:\qtstuff\Arduino2Wheeler\ArduGirobot_AtmelStudio\ArduGirobot_AtmelStudio\ArduinoCore\Debug\libArduinoCore.a(HardwareSerial0.o)
 .debug_frame   0x000001f0       0x54 D:\qtstuff\Arduino2Wheeler\ArduGirobot_AtmelStudio\ArduGirobot_AtmelStudio\ArduinoCore\Debug\libArduinoCore.a(main.o)
 .debug_frame   0x00000244       0x54 D:\qtstuff\Arduino2Wheeler\ArduGirobot_AtmelStudio\ArduGirobot_AtmelStudio\ArduinoCore\Debug\libArduinoCore.a(new.o)
 .debug_frame   0x00000298      0x3ac D:\qtstuff\Arduino2Wheeler\ArduGirobot_AtmelStudio\ArduGirobot_AtmelStudio\ArduinoCore\Debug\libArduinoCore.a(Print.o)
 .debug_frame   0x00000644       0xc4 D:\qtstuff\Arduino2Wheeler\ArduGirobot_AtmelStudio\ArduGirobot_AtmelStudio\ArduinoCore\Debug\libArduinoCore.a(wiring.o)
 .debug_frame   0x00000708       0x7c D:\qtstuff\Arduino2Wheeler\ArduGirobot_AtmelStudio\ArduGirobot_AtmelStudio\ArduinoCore\Debug\libArduinoCore.a(wiring_digital.o)
 .debug_frame   0x00000784       0xf4 D:\qtstuff\Arduino2Wheeler\ArduGirobot_AtmelStudio\ArduGirobot_AtmelStudio\ArduinoCore\Debug\libArduinoCore.a(WMath.o)

.debug_str      0x00000000     0x1f8f
 *(.debug_str)
 .debug_str     0x00000000      0x208 C:/Program Files (x86)/Atmel/Studio/7.0/Packs/atmel/ATmega_DFP/1.2.150/gcc/dev/atmega328p/avr5/crtatmega328p.o
 .debug_str     0x00000208     0x1544 D:\qtstuff\Arduino2Wheeler\ArduGirobot_AtmelStudio\ArduGirobot_AtmelStudio\ArduinoCore\Debug\libArduinoCore.a(HardwareSerial.o)
                               0x15f4 (size before relaxing)
 .debug_str     0x0000174c       0xca D:\qtstuff\Arduino2Wheeler\ArduGirobot_AtmelStudio\ArduGirobot_AtmelStudio\ArduinoCore\Debug\libArduinoCore.a(HardwareSerial0.o)
                               0x1410 (size before relaxing)
 .debug_str     0x00001816       0x42 D:\qtstuff\Arduino2Wheeler\ArduGirobot_AtmelStudio\ArduGirobot_AtmelStudio\ArduinoCore\Debug\libArduinoCore.a(main.o)
                                0x2bc (size before relaxing)
 .debug_str     0x00001858       0x55 D:\qtstuff\Arduino2Wheeler\ArduGirobot_AtmelStudio\ArduGirobot_AtmelStudio\ArduinoCore\Debug\libArduinoCore.a(new.o)
                                0x1d2 (size before relaxing)
 .debug_str     0x000018ad      0x3ec D:\qtstuff\Arduino2Wheeler\ArduGirobot_AtmelStudio\ArduGirobot_AtmelStudio\ArduinoCore\Debug\libArduinoCore.a(Print.o)
                               0x124a (size before relaxing)
 .debug_str     0x00001c99      0x162 D:\qtstuff\Arduino2Wheeler\ArduGirobot_AtmelStudio\ArduGirobot_AtmelStudio\ArduinoCore\Debug\libArduinoCore.a(wiring.o)
                                0x252 (size before relaxing)
 .debug_str     0x00001dfb       0xdc D:\qtstuff\Arduino2Wheeler\ArduGirobot_AtmelStudio\ArduGirobot_AtmelStudio\ArduinoCore\Debug\libArduinoCore.a(wiring_digital.o)
                                0x2b7 (size before relaxing)
 .debug_str     0x00001ed7       0xb8 D:\qtstuff\Arduino2Wheeler\ArduGirobot_AtmelStudio\ArduGirobot_AtmelStudio\ArduinoCore\Debug\libArduinoCore.a(WMath.o)
                                0x255 (size before relaxing)

.debug_loc      0x00000000     0x2f1e
 *(.debug_loc)
 .debug_loc     0x00000000      0x482 D:\qtstuff\Arduino2Wheeler\ArduGirobot_AtmelStudio\ArduGirobot_AtmelStudio\ArduinoCore\Debug\libArduinoCore.a(HardwareSerial.o)
 .debug_loc     0x00000482      0x1b0 D:\qtstuff\Arduino2Wheeler\ArduGirobot_AtmelStudio\ArduGirobot_AtmelStudio\ArduinoCore\Debug\libArduinoCore.a(HardwareSerial0.o)
 .debug_loc     0x00000632       0x4c D:\qtstuff\Arduino2Wheeler\ArduGirobot_AtmelStudio\ArduGirobot_AtmelStudio\ArduinoCore\Debug\libArduinoCore.a(new.o)
 .debug_loc     0x0000067e     0x1c87 D:\qtstuff\Arduino2Wheeler\ArduGirobot_AtmelStudio\ArduGirobot_AtmelStudio\ArduinoCore\Debug\libArduinoCore.a(Print.o)
 .debug_loc     0x00002305      0x247 D:\qtstuff\Arduino2Wheeler\ArduGirobot_AtmelStudio\ArduGirobot_AtmelStudio\ArduinoCore\Debug\libArduinoCore.a(wiring.o)
 .debug_loc     0x0000254c      0x5fc D:\qtstuff\Arduino2Wheeler\ArduGirobot_AtmelStudio\ArduGirobot_AtmelStudio\ArduinoCore\Debug\libArduinoCore.a(wiring_digital.o)
 .debug_loc     0x00002b48      0x3d6 D:\qtstuff\Arduino2Wheeler\ArduGirobot_AtmelStudio\ArduGirobot_AtmelStudio\ArduinoCore\Debug\libArduinoCore.a(WMath.o)

.debug_macinfo
 *(.debug_macinfo)

.debug_weaknames
 *(.debug_weaknames)

.debug_funcnames
 *(.debug_funcnames)

.debug_typenames
 *(.debug_typenames)

.debug_varnames
 *(.debug_varnames)

.debug_pubtypes
 *(.debug_pubtypes)

.debug_ranges   0x00000000      0x280
 *(.debug_ranges)
 .debug_ranges  0x00000000       0x58 D:\qtstuff\Arduino2Wheeler\ArduGirobot_AtmelStudio\ArduGirobot_AtmelStudio\ArduinoCore\Debug\libArduinoCore.a(HardwareSerial.o)
 .debug_ranges  0x00000058       0x38 D:\qtstuff\Arduino2Wheeler\ArduGirobot_AtmelStudio\ArduGirobot_AtmelStudio\ArduinoCore\Debug\libArduinoCore.a(HardwareSerial0.o)
 .debug_ranges  0x00000090       0x20 D:\qtstuff\Arduino2Wheeler\ArduGirobot_AtmelStudio\ArduGirobot_AtmelStudio\ArduinoCore\Debug\libArduinoCore.a(main.o)
 .debug_ranges  0x000000b0       0x18 D:\qtstuff\Arduino2Wheeler\ArduGirobot_AtmelStudio\ArduGirobot_AtmelStudio\ArduinoCore\Debug\libArduinoCore.a(new.o)
 .debug_ranges  0x000000c8      0x120 D:\qtstuff\Arduino2Wheeler\ArduGirobot_AtmelStudio\ArduGirobot_AtmelStudio\ArduinoCore\Debug\libArduinoCore.a(Print.o)
 .debug_ranges  0x000001e8       0x38 D:\qtstuff\Arduino2Wheeler\ArduGirobot_AtmelStudio\ArduGirobot_AtmelStudio\ArduinoCore\Debug\libArduinoCore.a(wiring.o)
 .debug_ranges  0x00000220       0x28 D:\qtstuff\Arduino2Wheeler\ArduGirobot_AtmelStudio\ArduGirobot_AtmelStudio\ArduinoCore\Debug\libArduinoCore.a(wiring_digital.o)
 .debug_ranges  0x00000248       0x38 D:\qtstuff\Arduino2Wheeler\ArduGirobot_AtmelStudio\ArduGirobot_AtmelStudio\ArduinoCore\Debug\libArduinoCore.a(WMath.o)

.debug_macro
 *(.debug_macro)
OUTPUT(ArduGirobot.elf elf32-avr)
LOAD linker stubs
