Archive member included to satisfy reference by file (symbol)

e:/ides/atmelstudio/7.0/toolchain/avr8/avr8-gnu-toolchain/bin/../lib/gcc/avr/5.4.0/../../../../avr/lib/avr5\libm.a(addsf3.o)
                              Sketch.o (__subsf3)
e:/ides/atmelstudio/7.0/toolchain/avr8/avr8-gnu-toolchain/bin/../lib/gcc/avr/5.4.0/../../../../avr/lib/avr5\libm.a(addsf3x.o)
                              e:/ides/atmelstudio/7.0/toolchain/avr8/avr8-gnu-toolchain/bin/../lib/gcc/avr/5.4.0/../../../../avr/lib/avr5\libm.a(addsf3.o) (__addsf3x)
e:/ides/atmelstudio/7.0/toolchain/avr8/avr8-gnu-toolchain/bin/../lib/gcc/avr/5.4.0/../../../../avr/lib/avr5\libm.a(atan2.o)
                              Sketch.o (atan2)
e:/ides/atmelstudio/7.0/toolchain/avr8/avr8-gnu-toolchain/bin/../lib/gcc/avr/5.4.0/../../../../avr/lib/avr5\libm.a(atan.o)
                              e:/ides/atmelstudio/7.0/toolchain/avr8/avr8-gnu-toolchain/bin/../lib/gcc/avr/5.4.0/../../../../avr/lib/avr5\libm.a(atan2.o) (atan)
e:/ides/atmelstudio/7.0/toolchain/avr8/avr8-gnu-toolchain/bin/../lib/gcc/avr/5.4.0/../../../../avr/lib/avr5\libm.a(cmpsf2.o)
                              Sketch.o (__ltsf2)
e:/ides/atmelstudio/7.0/toolchain/avr8/avr8-gnu-toolchain/bin/../lib/gcc/avr/5.4.0/../../../../avr/lib/avr5\libm.a(divsf3.o)
                              Sketch.o (__divsf3)
e:/ides/atmelstudio/7.0/toolchain/avr8/avr8-gnu-toolchain/bin/../lib/gcc/avr/5.4.0/../../../../avr/lib/avr5\libm.a(divsf3x.o)
                              e:/ides/atmelstudio/7.0/toolchain/avr8/avr8-gnu-toolchain/bin/../lib/gcc/avr/5.4.0/../../../../avr/lib/avr5\libm.a(divsf3.o) (__divsf3x)
e:/ides/atmelstudio/7.0/toolchain/avr8/avr8-gnu-toolchain/bin/../lib/gcc/avr/5.4.0/../../../../avr/lib/avr5\libm.a(fixsfsi.o)
                              Sketch.o (__fixsfsi)
e:/ides/atmelstudio/7.0/toolchain/avr8/avr8-gnu-toolchain/bin/../lib/gcc/avr/5.4.0/../../../../avr/lib/avr5\libm.a(fixunssfsi.o)
                              e:/ides/atmelstudio/7.0/toolchain/avr8/avr8-gnu-toolchain/bin/../lib/gcc/avr/5.4.0/../../../../avr/lib/avr5\libm.a(fixsfsi.o) (__fixunssfsi)
e:/ides/atmelstudio/7.0/toolchain/avr8/avr8-gnu-toolchain/bin/../lib/gcc/avr/5.4.0/../../../../avr/lib/avr5\libm.a(floatsisf.o)
                              Sketch.o (__floatunsisf)
e:/ides/atmelstudio/7.0/toolchain/avr8/avr8-gnu-toolchain/bin/../lib/gcc/avr/5.4.0/../../../../avr/lib/avr5\libm.a(fp_cmp.o)
                              e:/ides/atmelstudio/7.0/toolchain/avr8/avr8-gnu-toolchain/bin/../lib/gcc/avr/5.4.0/../../../../avr/lib/avr5\libm.a(cmpsf2.o) (__fp_cmp)
e:/ides/atmelstudio/7.0/toolchain/avr8/avr8-gnu-toolchain/bin/../lib/gcc/avr/5.4.0/../../../../avr/lib/avr5\libm.a(fp_inf.o)
                              e:/ides/atmelstudio/7.0/toolchain/avr8/avr8-gnu-toolchain/bin/../lib/gcc/avr/5.4.0/../../../../avr/lib/avr5\libm.a(addsf3x.o) (__fp_inf)
e:/ides/atmelstudio/7.0/toolchain/avr8/avr8-gnu-toolchain/bin/../lib/gcc/avr/5.4.0/../../../../avr/lib/avr5\libm.a(fp_nan.o)
                              e:/ides/atmelstudio/7.0/toolchain/avr8/avr8-gnu-toolchain/bin/../lib/gcc/avr/5.4.0/../../../../avr/lib/avr5\libm.a(addsf3x.o) (__fp_nan)
e:/ides/atmelstudio/7.0/toolchain/avr8/avr8-gnu-toolchain/bin/../lib/gcc/avr/5.4.0/../../../../avr/lib/avr5\libm.a(fp_powser.o)
                              e:/ides/atmelstudio/7.0/toolchain/avr8/avr8-gnu-toolchain/bin/../lib/gcc/avr/5.4.0/../../../../avr/lib/avr5\libm.a(atan.o) (__fp_powser)
e:/ides/atmelstudio/7.0/toolchain/avr8/avr8-gnu-toolchain/bin/../lib/gcc/avr/5.4.0/../../../../avr/lib/avr5\libm.a(fp_pscA.o)
                              e:/ides/atmelstudio/7.0/toolchain/avr8/avr8-gnu-toolchain/bin/../lib/gcc/avr/5.4.0/../../../../avr/lib/avr5\libm.a(addsf3x.o) (__fp_pscA)
e:/ides/atmelstudio/7.0/toolchain/avr8/avr8-gnu-toolchain/bin/../lib/gcc/avr/5.4.0/../../../../avr/lib/avr5\libm.a(fp_pscB.o)
                              e:/ides/atmelstudio/7.0/toolchain/avr8/avr8-gnu-toolchain/bin/../lib/gcc/avr/5.4.0/../../../../avr/lib/avr5\libm.a(addsf3x.o) (__fp_pscB)
e:/ides/atmelstudio/7.0/toolchain/avr8/avr8-gnu-toolchain/bin/../lib/gcc/avr/5.4.0/../../../../avr/lib/avr5\libm.a(fp_round.o)
                              e:/ides/atmelstudio/7.0/toolchain/avr8/avr8-gnu-toolchain/bin/../lib/gcc/avr/5.4.0/../../../../avr/lib/avr5\libm.a(addsf3.o) (__fp_round)
e:/ides/atmelstudio/7.0/toolchain/avr8/avr8-gnu-toolchain/bin/../lib/gcc/avr/5.4.0/../../../../avr/lib/avr5\libm.a(fp_split3.o)
                              e:/ides/atmelstudio/7.0/toolchain/avr8/avr8-gnu-toolchain/bin/../lib/gcc/avr/5.4.0/../../../../avr/lib/avr5\libm.a(addsf3x.o) (__fp_split3)
e:/ides/atmelstudio/7.0/toolchain/avr8/avr8-gnu-toolchain/bin/../lib/gcc/avr/5.4.0/../../../../avr/lib/avr5\libm.a(fp_zero.o)
                              e:/ides/atmelstudio/7.0/toolchain/avr8/avr8-gnu-toolchain/bin/../lib/gcc/avr/5.4.0/../../../../avr/lib/avr5\libm.a(addsf3x.o) (__fp_zero)
[...]
Memory Configuration

Name             Origin             Length             Attributes
text             0x00000000         0x00020000         xr
data             0x00800060         0x0000ffa0         rw !x
eeprom           0x00810000         0x00010000         rw !x
fuse             0x00820000         0x00000003         rw !x
lock             0x00830000         0x00000400         rw !x
signature        0x00840000         0x00000400         rw !x
user_signatures  0x00850000         0x00000400         rw !x
*default*        0x00000000         0xffffffff

Linker script and memory map

Address of section .data set to 0x800100
LOAD E:/IDEs/AtmelStudio/7.0/Packs/atmel/ATmega_DFP/1.2.150/gcc/dev/atmega328p/avr5/crtatmega328p.o
LOAD Sketch.o
LOAD src/libraries/Arduino-PID-Library-master/PID_v1.o
LOAD src/libraries/I2Cdev/I2Cdev.o
LOAD src/libraries/MPU6050/MPU6050.o
LOAD src/libraries/NewPing/NewPing.o
LOAD src/libraries/Wire/src/utility/twi.o
LOAD src/libraries/Wire/src/Wire.o
LOAD src/MPU6050Calib.o
LOAD src/my_libs/ENC_lib.o
LOAD src/my_libs/MOT_lib.o
LOAD src/my_libs/pwm_basic.o
LOAD src/my_libs/pwm_basic_example.o
START GROUP
LOAD e:/ides/atmelstudio/7.0/toolchain/avr8/avr8-gnu-toolchain/bin/../lib/gcc/avr/5.4.0/../../../../avr/lib/avr5\libm.a
LOAD P:\robot_mini\Arduino2Wheeler\ArduGirobot_AtmelStudio\ArduGirobot_AtmelStudio\ArduinoCore\Debug\libArduinoCore.a
END GROUP
LOAD e:/ides/atmelstudio/7.0/toolchain/avr8/avr8-gnu-toolchain/bin/../lib/gcc/avr/5.4.0/avr5\libgcc.a
LOAD e:/ides/atmelstudio/7.0/toolchain/avr8/avr8-gnu-toolchain/bin/../lib/gcc/avr/5.4.0/../../../../avr/lib/avr5\libm.a
START GROUP
LOAD e:/ides/atmelstudio/7.0/toolchain/avr8/avr8-gnu-toolchain/bin/../lib/gcc/avr/5.4.0/avr5\libgcc.a
LOAD e:/ides/atmelstudio/7.0/toolchain/avr8/avr8-gnu-toolchain/bin/../lib/gcc/avr/5.4.0/../../../../avr/lib/avr5\libm.a
LOAD e:/ides/atmelstudio/7.0/toolchain/avr8/avr8-gnu-toolchain/bin/../lib/gcc/avr/5.4.0/../../../../avr/lib/avr5\libc.a
LOAD E:/IDEs/AtmelStudio/7.0/Packs/atmel/ATmega_DFP/1.2.150/gcc/dev/atmega328p/avr5\libatmega328p.a
END GROUP
                0x00020000                __TEXT_REGION_LENGTH__ = DEFINED (__TEXT_REGION_LENGTH__)?__TEXT_REGION_LENGTH__:0x20000
                0x0000ffa0                __DATA_REGION_LENGTH__ = DEFINED (__DATA_REGION_LENGTH__)?__DATA_REGION_LENGTH__:0xffa0
                0x00010000                __EEPROM_REGION_LENGTH__ = DEFINED (__EEPROM_REGION_LENGTH__)?__EEPROM_REGION_LENGTH__:0x10000
                [0x00000003]                __FUSE_REGION_LENGTH__ = DEFINED (__FUSE_REGION_LENGTH__)?__FUSE_REGION_LENGTH__:0x400
                0x00000400                __LOCK_REGION_LENGTH__ = DEFINED (__LOCK_REGION_LENGTH__)?__LOCK_REGION_LENGTH__:0x400
                0x00000400                __SIGNATURE_REGION_LENGTH__ = DEFINED (__SIGNATURE_REGION_LENGTH__)?__SIGNATURE_REGION_LENGTH__:0x400
                0x00000400                __USER_SIGNATURE_REGION_LENGTH__ = DEFINED (__USER_SIGNATURE_REGION_LENGTH__)?__USER_SIGNATURE_REGION_LENGTH__:0x400

.hash
 *(.hash)

.dynsym
 *(.dynsym)

.dynstr
 *(.dynstr)

.gnu.version
 *(.gnu.version)

.gnu.version_d
 *(.gnu.version_d)

.gnu.version_r
 *(.gnu.version_r)

.rel.init
 *(.rel.init)

.rela.init
 *(.rela.init)

.rel.text
 *(.rel.text)
 *(.rel.text.*)
 *(.rel.gnu.linkonce.t*)

.rela.text
 *(.rela.text)
 *(.rela.text.*)
 *(.rela.gnu.linkonce.t*)

.rel.fini
 *(.rel.fini)

.rela.fini
 *(.rela.fini)

.rel.rodata
 *(.rel.rodata)
 *(.rel.rodata.*)
 *(.rel.gnu.linkonce.r*)

.rela.rodata
 *(.rela.rodata)
 *(.rela.rodata.*)
 *(.rela.gnu.linkonce.r*)

.rel.data
 *(.rel.data)
 *(.rel.data.*)
 *(.rel.gnu.linkonce.d*)

.rela.data
 *(.rela.data)
 *(.rela.data.*)
 *(.rela.gnu.linkonce.d*)

.rel.ctors
 *(.rel.ctors)

.rela.ctors
 *(.rela.ctors)

.rel.dtors
 *(.rel.dtors)

.rela.dtors
 *(.rela.dtors)

.rel.got
 *(.rel.got)

.rela.got
 *(.rela.got)

.rel.bss
 *(.rel.bss)

.rela.bss
 *(.rela.bss)

.rel.plt
 *(.rel.plt)

.rela.plt
 *(.rela.plt)

.text           0x00000000     0x438c
 *(.vectors)
 .vectors       0x00000000       0x68 E:/IDEs/AtmelStudio/7.0/Packs/atmel/ATmega_DFP/1.2.150/gcc/dev/atmega328p/avr5/crtatmega328p.o
                0x00000000                __vector_default
                0x00000000                __vectors
 *(.vectors)
 *(.progmem.gcc*)
 .progmem.gcc_sw_table._Z16Serial_ParseDatav
                0x00000068       0x3c Sketch.o
 .progmem.gcc_sw_table._Z9printDatav
                0x000000a4       0x12 Sketch.o
 .progmem.gcc_sw_table.__vector_3
                0x000000b6       0x1c src/my_libs/ENC_lib.o
 .progmem.gcc_sw_table.__vector_4
                0x000000d2       0x1c src/my_libs/ENC_lib.o
 .progmem.gcc_fplib
                0x000000ee       0x2d e:/ides/atmelstudio/7.0/toolchain/avr8/avr8-gnu-toolchain/bin/../lib/gcc/avr/5.4.0/../../../../avr/lib/avr5\libm.a(atan.o)
                0x0000011c                . = ALIGN (0x2)
 *fill*         0x0000011b        0x1 
                0x0000011c                __trampolines_start = .
 *(.trampolines)
 .trampolines   0x0000011c        0x0 linker stubs
 *(.trampolines*)
                0x0000011c                __trampolines_end = .
 *libprintf_flt.a:*(.progmem.data)
 *libc.a:*(.progmem.data)
 .progmem.data  0x0000011c       0x3b e:/ides/atmelstudio/7.0/toolchain/avr8/avr8-gnu-toolchain/bin/../lib/gcc/avr/5.4.0/../../../../avr/lib/avr5\libc.a(strtod.o)
 *(.progmem*)
 .progmem.data.digital_pin_to_bit_mask_PGM
                0x00000157       0x14 P:\robot_mini\Arduino2Wheeler\ArduGirobot_AtmelStudio\ArduGirobot_AtmelStudio\ArduinoCore\Debug\libArduinoCore.a(wiring_digital.o)
                0x00000157                digital_pin_to_bit_mask_PGM
 .progmem.data.digital_pin_to_port_PGM
                0x0000016b       0x14 P:\robot_mini\Arduino2Wheeler\ArduGirobot_AtmelStudio\ArduGirobot_AtmelStudio\ArduinoCore\Debug\libArduinoCore.a(wiring_digital.o)
                0x0000016b                digital_pin_to_port_PGM
 .progmem.data.port_to_input_PGM
                0x0000017f        0xa P:\robot_mini\Arduino2Wheeler\ArduGirobot_AtmelStudio\ArduGirobot_AtmelStudio\ArduinoCore\Debug\libArduinoCore.a(wiring_digital.o)
                0x0000017f                port_to_input_PGM
 .progmem.data.port_to_output_PGM
                0x00000189        0xa P:\robot_mini\Arduino2Wheeler\ArduGirobot_AtmelStudio\ArduGirobot_AtmelStudio\ArduinoCore\Debug\libArduinoCore.a(wiring_digital.o)
                0x00000189                port_to_output_PGM
 .progmem.data.port_to_mode_PGM
                0x00000193        0xa P:\robot_mini\Arduino2Wheeler\ArduGirobot_AtmelStudio\ArduGirobot_AtmelStudio\ArduinoCore\Debug\libArduinoCore.a(wiring_digital.o)
                0x00000193                port_to_mode_PGM
                0x0000019e                . = ALIGN (0x2)
 *fill*         0x0000019d        0x1 
 *(.jumptables)
 *(.jumptables*)
 *(.lowtext)
 *(.lowtext*)
                0x0000019e                __ctors_start = .
 *(.ctors)
 .ctors         0x0000019e        0x2 Sketch.o
 .ctors         0x000001a0        0x2 src/libraries/Wire/src/Wire.o
 .ctors         0x000001a2        0x2 src/MPU6050Calib.o
 .ctors         0x000001a4        0x2 P:\robot_mini\Arduino2Wheeler\ArduGirobot_AtmelStudio\ArduGirobot_AtmelStudio\ArduinoCore\Debug\libArduinoCore.a(HardwareSerial0.o)
                0x000001a6                __ctors_end = .
                0x000001a6                __dtors_start = .
 *(.dtors)
                0x000001a6                __dtors_end = .
 SORT(*)(.ctors)
 SORT(*)(.dtors)
 *(.init0)
 .init0         0x000001a6        0x0 E:/IDEs/AtmelStudio/7.0/Packs/atmel/ATmega_DFP/1.2.150/gcc/dev/atmega328p/avr5/crtatmega328p.o
                0x000001a6                __init
 *(.init0)
 *(.init1)
 *(.init1)
 *(.init2)
 .init2         0x000001a6        0xc E:/IDEs/AtmelStudio/7.0/Packs/atmel/ATmega_DFP/1.2.150/gcc/dev/atmega328p/avr5/crtatmega328p.o
 *(.init2)
 *(.init3)
 *(.init3)
 *(.init4)
 .init4         0x000001b2       0x16 e:/ides/atmelstudio/7.0/toolchain/avr8/avr8-gnu-toolchain/bin/../lib/gcc/avr/5.4.0/avr5\libgcc.a(_copy_data.o)
                0x000001b2                __do_copy_data
 .init4         0x000001c8       0x10 e:/ides/atmelstudio/7.0/toolchain/avr8/avr8-gnu-toolchain/bin/../lib/gcc/avr/5.4.0/avr5\libgcc.a(_clear_bss.o)
                0x000001c8                __do_clear_bss
 *(.init4)
 *(.init5)
 *(.init5)
 *(.init6)
 .init6         0x000001d8       0x16 e:/ides/atmelstudio/7.0/toolchain/avr8/avr8-gnu-toolchain/bin/../lib/gcc/avr/5.4.0/avr5\libgcc.a(_ctors.o)
                0x000001d8                __do_global_ctors
 *(.init6)
 *(.init7)
 *(.init7)
 *(.init8)
 *(.init8)
 *(.init9)
 .init9         0x000001ee        0x8 E:/IDEs/AtmelStudio/7.0/Packs/atmel/ATmega_DFP/1.2.150/gcc/dev/atmega328p/avr5/crtatmega328p.o
 *(.init9)
 *(.text)
 .text          0x000001f6        0x4 E:/IDEs/AtmelStudio/7.0/Packs/atmel/ATmega_DFP/1.2.150/gcc/dev/atmega328p/avr5/crtatmega328p.o
                0x000001f6                __vector_22
                0x000001f6                __vector_1
                0x000001f6                __vector_12
                0x000001f6                __bad_interrupt
                0x000001f6                __vector_6
                0x000001f6                __vector_23
                0x000001f6                __vector_25
                0x000001f6                __vector_11
                0x000001f6                __vector_13
                0x000001f6                __vector_17
                0x000001f6                __vector_5
                0x000001f6                __vector_9
                0x000001f6                __vector_2
                0x000001f6                __vector_21
                0x000001f6                __vector_15
                0x000001f6                __vector_8
                0x000001f6                __vector_14
                0x000001f6                __vector_10
                0x000001f6                __vector_20
                0x000001fa                . = ALIGN (0x2)
 *(.text.*)
 .text._ZN11EEPROMClass3putIdEERKT_iS3_.isra.0
                0x000001fa       0x56 Sketch.o
 .text._ZN11EEPROMClass3getIdEERT_iS2_.isra.1
                0x00000250       0x4c Sketch.o
 .text._Z19WritePidCfgToEEPROMjP11PIDConfig_e
                0x0000029c       0x34 Sketch.o
                0x0000029c                _Z19WritePidCfgToEEPROMjP11PIDConfig_e
 .text._Z20ReadPidCfgFromEEPROMjP11PIDConfig_e
                0x000002d0       0x34 Sketch.o
                0x000002d0                _Z20ReadPidCfgFromEEPROMjP11PIDConfig_e
 .text._Z23getPidConfigsFromEEPROMv
                0x00000304       0x30 Sketch.o
                0x00000304                _Z23getPidConfigsFromEEPROMv
 .text._Z20putPidConfigToEEPROMv
                0x00000334       0x30 Sketch.o
                0x00000334                _Z20putPidConfigToEEPROMv
 .text._Z15initPidControlsv
                0x00000364      0x2c2 Sketch.o
                0x00000364                _Z15initPidControlsv
 .text._Z16Serial_ParseDatav
                0x00000626      0x242 Sketch.o
                0x00000626                _Z16Serial_ParseDatav
 .text._Z19UpdateEncoderValuesv
                0x00000868       0x72 Sketch.o
                0x00000868                _Z19UpdateEncoderValuesv
 .text._Z13Giro_ReadDatav
                0x000008da      0x250 Sketch.o
                0x000008da                _Z13Giro_ReadDatav
 .text.startup._GLOBAL__sub_I__Z19WritePidCfgToEEPROMjP11PIDConfig_e
                0x00000b2a       0x18 Sketch.o
 .text._Z9printDatav
                0x00000b42      0x34a Sketch.o
                0x00000b42                _Z9printDatav
 .text._Z3LOGPKc
                0x00000e8c       0x1e Sketch.o
                0x00000e8c                _Z3LOGPKc
 .text.setup    0x00000eaa      0x13e Sketch.o
                0x00000eaa                setup
 .text._Z15Ser_ReceiveDatav
                0x00000fe8       0x62 Sketch.o
                0x00000fe8                _Z15Ser_ReceiveDatav
 .text.loop     0x0000104a      0x4ca Sketch.o
                0x0000104a                loop
 .text._ZN3PID7ComputeEv
                0x00001514      0x2ce src/libraries/Arduino-PID-Library-master/PID_v1.o
                0x00001514                _ZN3PID7ComputeEv
 .text._ZN3PID10SetTuningsEdddi
                0x000017e2      0x1ac src/libraries/Arduino-PID-Library-master/PID_v1.o
                0x000017e2                _ZN3PID10SetTuningsEdddi
 .text._ZN3PID10SetTuningsEddd
                0x0000198e       0x2c src/libraries/Arduino-PID-Library-master/PID_v1.o
                0x0000198e                _ZN3PID10SetTuningsEddd
 .text._ZN3PID13SetSampleTimeEi
                0x000019ba       0x9c src/libraries/Arduino-PID-Library-master/PID_v1.o
                0x000019ba                _ZN3PID13SetSampleTimeEi
 .text._ZN3PID15SetOutputLimitsEdd
                0x00001a56      0x100 src/libraries/Arduino-PID-Library-master/PID_v1.o
                0x00001a56                _ZN3PID15SetOutputLimitsEdd
 .text._ZN3PID10InitializeEv
                0x00001b56       0x8c src/libraries/Arduino-PID-Library-master/PID_v1.o
                0x00001b56                _ZN3PID10InitializeEv
 .text._ZN3PID7SetModeEi
                0x00001be2       0x2e src/libraries/Arduino-PID-Library-master/PID_v1.o
                0x00001be2                _ZN3PID7SetModeEi
 .text._ZN3PID22SetControllerDirectionEi
                0x00001c10       0x78 src/libraries/Arduino-PID-Library-master/PID_v1.o
                0x00001c10                _ZN3PID22SetControllerDirectionEi
 .text._ZN3PIDC2EPdS0_S0_dddii
                0x00001c88       0xe2 src/libraries/Arduino-PID-Library-master/PID_v1.o
                0x00001c88                _ZN3PIDC2EPdS0_S0_dddii
                0x00001c88                _ZN3PIDC1EPdS0_S0_dddii
 .text._ZN6I2Cdev10writeBytesEhhhPh
                0x00001d6a       0x60 src/libraries/I2Cdev/I2Cdev.o
                0x00001d6a                _ZN6I2Cdev10writeBytesEhhhPh
 .text._ZN6I2Cdev9writeByteEhhh
                0x00001dca       0x20 src/libraries/I2Cdev/I2Cdev.o
                0x00001dca                _ZN6I2Cdev9writeByteEhhh
 .text._ZN6I2Cdev10writeWordsEhhhPj
                0x00001dea       0x7c src/libraries/I2Cdev/I2Cdev.o
                0x00001dea                _ZN6I2Cdev10writeWordsEhhhPj
 .text._ZN6I2Cdev9writeWordEhhj
                0x00001e66       0x24 src/libraries/I2Cdev/I2Cdev.o
                0x00001e66                _ZN6I2Cdev9writeWordEhhj
 .text._ZN6I2Cdev9readBytesEhhhPhj
                0x00001e8a      0x16a src/libraries/I2Cdev/I2Cdev.o
                0x00001e8a                _ZN6I2Cdev9readBytesEhhhPhj
 .text._ZN6I2Cdev8readByteEhhPhj
                0x00001ff4       0x14 src/libraries/I2Cdev/I2Cdev.o
                0x00001ff4                _ZN6I2Cdev8readByteEhhPhj
 .text._ZN6I2Cdev8writeBitEhhhh
                0x00002008       0x60 src/libraries/I2Cdev/I2Cdev.o
                0x00002008                _ZN6I2Cdev8writeBitEhhhh
 .text._ZN6I2Cdev9writeBitsEhhhhh
                0x00002068       0x94 src/libraries/I2Cdev/I2Cdev.o
                0x00002068                _ZN6I2Cdev9writeBitsEhhhhh
 .text._ZN7MPU6050C2Ev
                0x000020fc        0x8 src/libraries/MPU6050/MPU6050.o
                0x000020fc                _ZN7MPU6050C2Ev
                0x000020fc                _ZN7MPU6050C1Ev
 .text._ZN7MPU6050C2Eh
                0x00002104        0x6 src/libraries/MPU6050/MPU6050.o
                0x00002104                _ZN7MPU6050C1Eh
                0x00002104                _ZN7MPU6050C2Eh
 .text._ZN7MPU605021setFullScaleGyroRangeEh
                0x0000210a       0x16 src/libraries/MPU6050/MPU6050.o
                0x0000210a                _ZN7MPU605021setFullScaleGyroRangeEh
 .text._ZN7MPU605022setFullScaleAccelRangeEh
                0x00002120       0x16 src/libraries/MPU6050/MPU6050.o
                0x00002120                _ZN7MPU605022setFullScaleAccelRangeEh
 .text._ZN7MPU605016getAccelerationYEv
                0x00002136       0x36 src/libraries/MPU6050/MPU6050.o
                0x00002136                _ZN7MPU605016getAccelerationYEv
 .text._ZN7MPU605016getAccelerationZEv
                0x0000216c       0x36 src/libraries/MPU6050/MPU6050.o
                0x0000216c                _ZN7MPU605016getAccelerationZEv
 .text._ZN7MPU605012getRotationXEv
                0x000021a2       0x36 src/libraries/MPU6050/MPU6050.o
                0x000021a2                _ZN7MPU605012getRotationXEv
 .text._ZN7MPU605015setSleepEnabledEb
                0x000021d8        0xe src/libraries/MPU6050/MPU6050.o
                0x000021d8                _ZN7MPU605015setSleepEnabledEb
 .text._ZN7MPU605014setClockSourceEh
                0x000021e6       0x16 src/libraries/MPU6050/MPU6050.o
                0x000021e6                _ZN7MPU605014setClockSourceEh
 .text._ZN7MPU605010initializeEv
                0x000021fc       0x28 src/libraries/MPU6050/MPU6050.o
                0x000021fc                _ZN7MPU605010initializeEv
 .text._ZN7MPU605015setXAccelOffsetEi
                0x00002224        0xc src/libraries/MPU6050/MPU6050.o
                0x00002224                _ZN7MPU605015setXAccelOffsetEi
 .text._ZN7MPU605015setYAccelOffsetEi
                0x00002230        0xc src/libraries/MPU6050/MPU6050.o
                0x00002230                _ZN7MPU605015setYAccelOffsetEi
 .text._ZN7MPU605015setZAccelOffsetEi
                0x0000223c        0xc src/libraries/MPU6050/MPU6050.o
                0x0000223c                _ZN7MPU605015setZAccelOffsetEi
 .text._ZN7MPU605014setXGyroOffsetEi
                0x00002248        0xc src/libraries/MPU6050/MPU6050.o
                0x00002248                _ZN7MPU605014setXGyroOffsetEi
 .text._ZN7MPU605014setYGyroOffsetEi
                0x00002254        0xc src/libraries/MPU6050/MPU6050.o
                0x00002254                _ZN7MPU605014setYGyroOffsetEi
 .text._ZN7MPU605014setZGyroOffsetEi
                0x00002260        0xc src/libraries/MPU6050/MPU6050.o
                0x00002260                _ZN7MPU605014setZGyroOffsetEi
 .text._ZN7NewPing16set_max_distanceEj
                0x0000226c       0x24 src/libraries/NewPing/NewPing.o
                0x0000226c                _ZN7NewPing16set_max_distanceEj
 .text._ZN7NewPingC2Ehhj
                0x00002290       0x84 src/libraries/NewPing/NewPing.o
                0x00002290                _ZN7NewPingC1Ehhj
                0x00002290                _ZN7NewPingC2Ehhj
 .text.__vector_7
                0x00002314       0x4e src/libraries/NewPing/NewPing.o
                0x00002314                __vector_7
 .text.twi_readFrom
                0x00002362       0x90 src/libraries/Wire/src/utility/twi.o
                0x00002362                twi_readFrom
 .text.twi_writeTo
                0x000023f2       0xac src/libraries/Wire/src/utility/twi.o
                0x000023f2                twi_writeTo
 .text.twi_transmit
                0x0000249e       0x50 src/libraries/Wire/src/utility/twi.o
                0x0000249e                twi_transmit
 .text.twi_stop
                0x000024ee       0x14 src/libraries/Wire/src/utility/twi.o
                0x000024ee                twi_stop
 .text.twi_releaseBus
                0x00002502        0xc src/libraries/Wire/src/utility/twi.o
                0x00002502                twi_releaseBus
 .text.__vector_24
                0x0000250e      0x25a src/libraries/Wire/src/utility/twi.o
                0x0000250e                __vector_24
 .text._ZN5Print17availableForWriteEv
                0x00002768        0x6 src/libraries/Wire/src/Wire.o
                0x00002768                _ZN5Print17availableForWriteEv
 .text._ZN7TwoWire9availableEv
                0x0000276e       0x10 src/libraries/Wire/src/Wire.o
                0x0000276e                _ZN7TwoWire9availableEv
 .text._ZN7TwoWire4readEv
                0x0000277e       0x28 src/libraries/Wire/src/Wire.o
                0x0000277e                _ZN7TwoWire4readEv
 .text._ZN7TwoWire4peekEv
                0x000027a6       0x1e src/libraries/Wire/src/Wire.o
                0x000027a6                _ZN7TwoWire4peekEv
 .text._ZN7TwoWire5flushEv
                0x000027c4        0x2 src/libraries/Wire/src/Wire.o
                0x000027c4                _ZN7TwoWire5flushEv
 .text._ZN7TwoWire5writeEPKhj
                0x000027c6       0x5a src/libraries/Wire/src/Wire.o
                0x000027c6                _ZN7TwoWire5writeEPKhj
 .text._ZN7TwoWire5writeEh
                0x00002820       0x5e src/libraries/Wire/src/Wire.o
                0x00002820                _ZN7TwoWire5writeEh
 .text._ZN7TwoWireC2Ev
                0x0000287e       0x20 src/libraries/Wire/src/Wire.o
                0x0000287e                _ZN7TwoWireC1Ev
                0x0000287e                _ZN7TwoWireC2Ev
 .text._ZN7TwoWire17beginTransmissionEh
                0x0000289e       0x14 src/libraries/Wire/src/Wire.o
                0x0000289e                _ZN7TwoWire17beginTransmissionEh
 .text._ZN7TwoWire15endTransmissionEh
                0x000028b2       0x26 src/libraries/Wire/src/Wire.o
                0x000028b2                _ZN7TwoWire15endTransmissionEh
 .text._ZN7TwoWire11requestFromEhhmhh
                0x000028d8       0xa8 src/libraries/Wire/src/Wire.o
                0x000028d8                _ZN7TwoWire11requestFromEhhmhh
 .text._ZN7TwoWire11requestFromEhhh
                0x00002980       0x20 src/libraries/Wire/src/Wire.o
                0x00002980                _ZN7TwoWire11requestFromEhhh
 .text._ZN7TwoWire11requestFromEhh
                0x000029a0        0x6 src/libraries/Wire/src/Wire.o
                0x000029a0                _ZN7TwoWire11requestFromEhh
 .text._ZN7TwoWire15endTransmissionEv
                0x000029a6        0x6 src/libraries/Wire/src/Wire.o
                0x000029a6                _ZN7TwoWire15endTransmissionEv
 .text.startup._GLOBAL__sub_I__ZN7TwoWire8rxBufferE
                0x000029ac        0x8 src/libraries/Wire/src/Wire.o
 .text.startup._GLOBAL__sub_I_buffersize
                0x000029b4        0xa src/MPU6050Calib.o
 .text._Z8Enc_Initv
                0x000029be       0x44 src/my_libs/ENC_lib.o
                0x000029be                _Z8Enc_Initv
 .text.__vector_3
                0x00002a02       0xfa src/my_libs/ENC_lib.o
                0x00002a02                __vector_3
 .text.__vector_4
                0x00002afc       0xf6 src/my_libs/ENC_lib.o
                0x00002afc                __vector_4
 .text._Z15Motor0_SetSpeedhh.part.0
                0x00002bf2       0x1a src/my_libs/MOT_lib.o
 .text._Z15Motor1_SetSpeedhh.part.1
                0x00002c0c       0x1a src/my_libs/MOT_lib.o
 .text._Z11Motor0_Stopv
                0x00002c26        0xe src/my_libs/MOT_lib.o
                0x00002c26                _Z11Motor0_Stopv
 .text._Z9Mot0_Initv
                0x00002c34       0x18 src/my_libs/MOT_lib.o
                0x00002c34                _Z9Mot0_Initv
 .text._Z11Motor1_Stopv
                0x00002c4c        0xe src/my_libs/MOT_lib.o
                0x00002c4c                _Z11Motor1_Stopv
 .text._Z9Mot1_Initv
                0x00002c5a       0x18 src/my_libs/MOT_lib.o
                0x00002c5a                _Z9Mot1_Initv
 .text._Z15Motor0_SetSpeedhh
                0x00002c72       0x2c src/my_libs/MOT_lib.o
                0x00002c72                _Z15Motor0_SetSpeedhh
 .text._Z15Motor1_SetSpeedhh
                0x00002c9e       0x2c src/my_libs/MOT_lib.o
                0x00002c9e                _Z15Motor1_SetSpeedhh
 .text._Z15Motors_SetSpeedii
                0x00002cca       0x3e src/my_libs/MOT_lib.o
                0x00002cca                _Z15Motors_SetSpeedii
 .text.PWM_0_init
                0x00002d08       0x20 src/my_libs/pwm_basic.o
                0x00002d08                PWM_0_init
 .text.PWM_0_enable_output_ch0
                0x00002d28        0x8 src/my_libs/pwm_basic.o
                0x00002d28                PWM_0_enable_output_ch0
 .text.PWM_0_disable_output_ch0
                0x00002d30        0x8 src/my_libs/pwm_basic.o
                0x00002d30                PWM_0_disable_output_ch0
 .text.PWM_0_enable_output_ch1
                0x00002d38        0x8 src/my_libs/pwm_basic.o
                0x00002d38                PWM_0_enable_output_ch1
 .text.PWM_0_disable_output_ch1
                0x00002d40        0x8 src/my_libs/pwm_basic.o
                0x00002d40                PWM_0_disable_output_ch1
 .text.PWM_0_load_duty_cycle_ch0
                0x00002d48        0x4 src/my_libs/pwm_basic.o
                0x00002d48                PWM_0_load_duty_cycle_ch0
 .text.PWM_0_load_duty_cycle_ch1
                0x00002d4c        0x4 src/my_libs/pwm_basic.o
                0x00002d4c                PWM_0_load_duty_cycle_ch1
 .text.PWM_1_init
                0x00002d50       0x26 src/my_libs/pwm_basic.o
                0x00002d50                PWM_1_init
 .text.PWM_1_enable_output_ch0
                0x00002d76        0xc src/my_libs/pwm_basic.o
                0x00002d76                PWM_1_enable_output_ch0
 .text.PWM_1_disable_output_ch0
                0x00002d82        0xc src/my_libs/pwm_basic.o
                0x00002d82                PWM_1_disable_output_ch0
 .text.PWM_1_enable_output_ch1
                0x00002d8e        0xc src/my_libs/pwm_basic.o
                0x00002d8e                PWM_1_enable_output_ch1
 .text.PWM_1_disable_output_ch1
                0x00002d9a        0xc src/my_libs/pwm_basic.o
                0x00002d9a                PWM_1_disable_output_ch1
 .text.PWM_1_load_duty_cycle_ch0
                0x00002da6        0x6 src/my_libs/pwm_basic.o
                0x00002da6                PWM_1_load_duty_cycle_ch0
 .text.PWM_1_load_duty_cycle_ch1
                0x00002dac        0x6 src/my_libs/pwm_basic.o
                0x00002dac                PWM_1_load_duty_cycle_ch1
 .text.avr-libc.fplib
                0x00002db2        0xe e:/ides/atmelstudio/7.0/toolchain/avr8/avr8-gnu-toolchain/bin/../lib/gcc/avr/5.4.0/../../../../avr/lib/avr5\libm.a(addsf3.o)
                0x00002db2                __subsf3
                0x00002db4                __addsf3
 .text.avr-libc.fplib
                0x00002dc0       0xcc e:/ides/atmelstudio/7.0/toolchain/avr8/avr8-gnu-toolchain/bin/../lib/gcc/avr/5.4.0/../../../../avr/lib/avr5\libm.a(addsf3x.o)
                0x00002de2                __addsf3x
 .text.avr-libc.fplib
                0x00002e8c       0x86 e:/ides/atmelstudio/7.0/toolchain/avr8/avr8-gnu-toolchain/bin/../lib/gcc/avr/5.4.0/../../../../avr/lib/avr5\libm.a(atan2.o)
                0x00002eb2                atan2
 .text.avr-libc.fplib
                0x00002f12       0x5e e:/ides/atmelstudio/7.0/toolchain/avr8/avr8-gnu-toolchain/bin/../lib/gcc/avr/5.4.0/../../../../avr/lib/avr5\libm.a(atan.o)
                0x00002f12                atan
 .text.avr-libc.fplib
                0x00002f70        0xa e:/ides/atmelstudio/7.0/toolchain/avr8/avr8-gnu-toolchain/bin/../lib/gcc/avr/5.4.0/../../../../avr/lib/avr5\libm.a(cmpsf2.o)
                0x00002f70                __nesf2
                0x00002f70                __eqsf2
                0x00002f70                __cmpsf2
                0x00002f70                __ltsf2
                0x00002f70                __lesf2
 .text.avr-libc.fplib
                0x00002f7a        0x8 e:/ides/atmelstudio/7.0/toolchain/avr8/avr8-gnu-toolchain/bin/../lib/gcc/avr/5.4.0/../../../../avr/lib/avr5\libm.a(divsf3.o)
                0x00002f7a                __divsf3
 .text.avr-libc.fplib
                0x00002f82       0xdc e:/ides/atmelstudio/7.0/toolchain/avr8/avr8-gnu-toolchain/bin/../lib/gcc/avr/5.4.0/../../../../avr/lib/avr5\libm.a(divsf3x.o)
                0x00002fa2                __divsf3x
                0x00002fa8                __divsf3_pse
 .text.avr-libc.fplib
                0x0000305e        0xe e:/ides/atmelstudio/7.0/toolchain/avr8/avr8-gnu-toolchain/bin/../lib/gcc/avr/5.4.0/../../../../avr/lib/avr5\libm.a(fixsfsi.o)
                0x0000305e                __fixsfsi
 .text.avr-libc.fplib
                0x0000306c       0x5e e:/ides/atmelstudio/7.0/toolchain/avr8/avr8-gnu-toolchain/bin/../lib/gcc/avr/5.4.0/../../../../avr/lib/avr5\libm.a(fixunssfsi.o)
                0x0000306c                __fixunssfsi
 .text.avr-libc.fplib
                0x000030ca       0x7a e:/ides/atmelstudio/7.0/toolchain/avr8/avr8-gnu-toolchain/bin/../lib/gcc/avr/5.4.0/../../../../avr/lib/avr5\libm.a(floatsisf.o)
                0x000030ca                __floatunsisf
                0x000030ce                __floatsisf
 .text.avr-libc.fplib
                0x00003144       0x48 e:/ides/atmelstudio/7.0/toolchain/avr8/avr8-gnu-toolchain/bin/../lib/gcc/avr/5.4.0/../../../../avr/lib/avr5\libm.a(fp_cmp.o)
                0x00003144                __fp_cmp
 .text.avr-libc.fplib
                0x0000318c        0xc e:/ides/atmelstudio/7.0/toolchain/avr8/avr8-gnu-toolchain/bin/../lib/gcc/avr/5.4.0/../../../../avr/lib/avr5\libm.a(fp_inf.o)
                0x0000318c                __fp_inf
 .text.avr-libc.fplib
                0x00003198        0x6 e:/ides/atmelstudio/7.0/toolchain/avr8/avr8-gnu-toolchain/bin/../lib/gcc/avr/5.4.0/../../../../avr/lib/avr5\libm.a(fp_nan.o)
                0x00003198                __fp_nan
 .text.avr-libc.fplib
                0x0000319e       0x4e e:/ides/atmelstudio/7.0/toolchain/avr8/avr8-gnu-toolchain/bin/../lib/gcc/avr/5.4.0/../../../../avr/lib/avr5\libm.a(fp_powser.o)
                0x0000319e                __fp_powser
 .text.avr-libc.fplib
                0x000031ec        0xe e:/ides/atmelstudio/7.0/toolchain/avr8/avr8-gnu-toolchain/bin/../lib/gcc/avr/5.4.0/../../../../avr/lib/avr5\libm.a(fp_pscA.o)
                0x000031ec                __fp_pscA
 .text.avr-libc.fplib
                0x000031fa        0xe e:/ides/atmelstudio/7.0/toolchain/avr8/avr8-gnu-toolchain/bin/../lib/gcc/avr/5.4.0/../../../../avr/lib/avr5\libm.a(fp_pscB.o)
                0x000031fa                __fp_pscB
 .text.avr-libc.fplib
                0x00003208       0x22 e:/ides/atmelstudio/7.0/toolchain/avr8/avr8-gnu-toolchain/bin/../lib/gcc/avr/5.4.0/../../../../avr/lib/avr5\libm.a(fp_round.o)
                0x00003208                __fp_round
 .text.avr-libc.fplib
                0x0000322a       0x44 e:/ides/atmelstudio/7.0/toolchain/avr8/avr8-gnu-toolchain/bin/../lib/gcc/avr/5.4.0/../../../../avr/lib/avr5\libm.a(fp_split3.o)
                0x0000322a                __fp_split3
                0x0000323a                __fp_splitA
 .text.avr-libc.fplib
                0x0000326e        0xe e:/ides/atmelstudio/7.0/toolchain/avr8/avr8-gnu-toolchain/bin/../lib/gcc/avr/5.4.0/../../../../avr/lib/avr5\libm.a(fp_zero.o)
                0x0000326e                __fp_zero
                0x00003270                __fp_szero
 .text.avr-libc.fplib
                0x0000327c        0xa e:/ides/atmelstudio/7.0/toolchain/avr8/avr8-gnu-toolchain/bin/../lib/gcc/avr/5.4.0/../../../../avr/lib/avr5\libm.a(gesf2.o)
                0x0000327c                __gesf2
                0x0000327c                __gtsf2
 .text.avr-libc.fplib
                0x00003286       0x10 e:/ides/atmelstudio/7.0/toolchain/avr8/avr8-gnu-toolchain/bin/../lib/gcc/avr/5.4.0/../../../../avr/lib/avr5\libm.a(inverse.o)
                0x00003286                inverse
 .text.avr-libc.fplib
                0x00003296        0x8 e:/ides/atmelstudio/7.0/toolchain/avr8/avr8-gnu-toolchain/bin/../lib/gcc/avr/5.4.0/../../../../avr/lib/avr5\libm.a(mulsf3.o)
                0x00003296                __mulsf3
 .text.avr-libc.fplib
                0x0000329e       0xd2 e:/ides/atmelstudio/7.0/toolchain/avr8/avr8-gnu-toolchain/bin/../lib/gcc/avr/5.4.0/../../../../avr/lib/avr5\libm.a(mulsf3x.o)
                0x000032bc                __mulsf3x
                0x000032c2                __mulsf3_pse
 .text.avr-libc.fplib
                0x00003370        0x8 e:/ides/atmelstudio/7.0/toolchain/avr8/avr8-gnu-toolchain/bin/../lib/gcc/avr/5.4.0/../../../../avr/lib/avr5\libm.a(square.o)
                0x00003370                square
 .text._ZN14HardwareSerial9availableEv
                0x00003378       0x18 P:\robot_mini\Arduino2Wheeler\ArduGirobot_AtmelStudio\ArduGirobot_AtmelStudio\ArduinoCore\Debug\libArduinoCore.a(HardwareSerial.o)
                0x00003378                _ZN14HardwareSerial9availableEv
 .text._ZN14HardwareSerial4peekEv
                0x00003390       0x1c P:\robot_mini\Arduino2Wheeler\ArduGirobot_AtmelStudio\ArduGirobot_AtmelStudio\ArduinoCore\Debug\libArduinoCore.a(HardwareSerial.o)
                0x00003390                _ZN14HardwareSerial4peekEv
 .text._ZN14HardwareSerial4readEv
                0x000033ac       0x28 P:\robot_mini\Arduino2Wheeler\ArduGirobot_AtmelStudio\ArduGirobot_AtmelStudio\ArduinoCore\Debug\libArduinoCore.a(HardwareSerial.o)
                0x000033ac                _ZN14HardwareSerial4readEv
 .text._ZN14HardwareSerial17availableForWriteEv
                0x000033d4       0x1e P:\robot_mini\Arduino2Wheeler\ArduGirobot_AtmelStudio\ArduGirobot_AtmelStudio\ArduinoCore\Debug\libArduinoCore.a(HardwareSerial.o)
                0x000033d4                _ZN14HardwareSerial17availableForWriteEv
 .text._Z14serialEventRunv
                0x000033f2       0x1c P:\robot_mini\Arduino2Wheeler\ArduGirobot_AtmelStudio\ArduGirobot_AtmelStudio\ArduinoCore\Debug\libArduinoCore.a(HardwareSerial.o)
                0x000033f2                _Z14serialEventRunv
 .text._ZN14HardwareSerial17_tx_udr_empty_irqEv
                0x0000340e       0x42 P:\robot_mini\Arduino2Wheeler\ArduGirobot_AtmelStudio\ArduGirobot_AtmelStudio\ArduinoCore\Debug\libArduinoCore.a(HardwareSerial.o)
                0x0000340e                _ZN14HardwareSerial17_tx_udr_empty_irqEv
 .text._ZN14HardwareSerial5writeEh
                0x00003450       0x8e P:\robot_mini\Arduino2Wheeler\ArduGirobot_AtmelStudio\ArduGirobot_AtmelStudio\ArduinoCore\Debug\libArduinoCore.a(HardwareSerial.o)
                0x00003450                _ZN14HardwareSerial5writeEh
 .text._ZN14HardwareSerial5flushEv
                0x000034de       0x44 P:\robot_mini\Arduino2Wheeler\ArduGirobot_AtmelStudio\ArduGirobot_AtmelStudio\ArduinoCore\Debug\libArduinoCore.a(HardwareSerial.o)
                0x000034de                _ZN14HardwareSerial5flushEv
 .text._ZN14HardwareSerial5beginEmh
                0x00003522       0xca P:\robot_mini\Arduino2Wheeler\ArduGirobot_AtmelStudio\ArduGirobot_AtmelStudio\ArduinoCore\Debug\libArduinoCore.a(HardwareSerial.o)
                0x00003522                _ZN14HardwareSerial5beginEmh
 .text.__vector_18
                0x000035ec       0x64 P:\robot_mini\Arduino2Wheeler\ArduGirobot_AtmelStudio\ArduGirobot_AtmelStudio\ArduinoCore\Debug\libArduinoCore.a(HardwareSerial0.o)
                0x000035ec                __vector_18
 .text.__vector_19
                0x00003650       0x4c P:\robot_mini\Arduino2Wheeler\ArduGirobot_AtmelStudio\ArduGirobot_AtmelStudio\ArduinoCore\Debug\libArduinoCore.a(HardwareSerial0.o)
                0x00003650                __vector_19
 .text._Z17Serial0_availablev
                0x0000369c       0x14 P:\robot_mini\Arduino2Wheeler\ArduGirobot_AtmelStudio\ArduGirobot_AtmelStudio\ArduinoCore\Debug\libArduinoCore.a(HardwareSerial0.o)
                0x0000369c                _Z17Serial0_availablev
 .text.startup._GLOBAL__sub_I___vector_18
                0x000036b0       0x5a P:\robot_mini\Arduino2Wheeler\ArduGirobot_AtmelStudio\ArduGirobot_AtmelStudio\ArduinoCore\Debug\libArduinoCore.a(HardwareSerial0.o)
 .text.initVariant
                0x0000370a        0x2 P:\robot_mini\Arduino2Wheeler\ArduGirobot_AtmelStudio\ArduGirobot_AtmelStudio\ArduinoCore\Debug\libArduinoCore.a(main.o)
                0x0000370a                initVariant
 .text.startup.main
                0x0000370c       0x1e P:\robot_mini\Arduino2Wheeler\ArduGirobot_AtmelStudio\ArduGirobot_AtmelStudio\ArduinoCore\Debug\libArduinoCore.a(main.o)
                0x0000370c                main
 .text._Znwj    0x0000372a        0x4 P:\robot_mini\Arduino2Wheeler\ArduGirobot_AtmelStudio\ArduGirobot_AtmelStudio\ArduinoCore\Debug\libArduinoCore.a(new.o)
                0x0000372a                _Znwj
 .text._ZN5Print5writeEPKhj
                0x0000372e       0x54 P:\robot_mini\Arduino2Wheeler\ArduGirobot_AtmelStudio\ArduGirobot_AtmelStudio\ArduinoCore\Debug\libArduinoCore.a(Print.o)
                0x0000372e                _ZN5Print5writeEPKhj
 .text._ZN5Print5writeEPKc
                0x00003782       0x2a P:\robot_mini\Arduino2Wheeler\ArduGirobot_AtmelStudio\ArduGirobot_AtmelStudio\ArduinoCore\Debug\libArduinoCore.a(Print.o)
                0x00003782                _ZN5Print5writeEPKc
 .text._ZN5Print5printEc
                0x000037ac        0xe P:\robot_mini\Arduino2Wheeler\ArduGirobot_AtmelStudio\ArduGirobot_AtmelStudio\ArduinoCore\Debug\libArduinoCore.a(Print.o)
                0x000037ac                _ZN5Print5printEc
 .text._ZN5Print7printlnEv
                0x000037ba        0x8 P:\robot_mini\Arduino2Wheeler\ArduGirobot_AtmelStudio\ArduGirobot_AtmelStudio\ArduinoCore\Debug\libArduinoCore.a(Print.o)
                0x000037ba                _ZN5Print7printlnEv
 .text._ZN5Print7printlnEPKc
                0x000037c2       0x24 P:\robot_mini\Arduino2Wheeler\ArduGirobot_AtmelStudio\ArduGirobot_AtmelStudio\ArduinoCore\Debug\libArduinoCore.a(Print.o)
                0x000037c2                _ZN5Print7printlnEPKc
 .text._ZN5Print11printNumberEmh
                0x000037e6       0x92 P:\robot_mini\Arduino2Wheeler\ArduGirobot_AtmelStudio\ArduGirobot_AtmelStudio\ArduinoCore\Debug\libArduinoCore.a(Print.o)
                0x000037e6                _ZN5Print11printNumberEmh
 .text._ZN5Print5printEmi
                0x00003878       0x1a P:\robot_mini\Arduino2Wheeler\ArduGirobot_AtmelStudio\ArduGirobot_AtmelStudio\ArduinoCore\Debug\libArduinoCore.a(Print.o)
                0x00003878                _ZN5Print5printEmi
 .text._ZN5Print5printEji
                0x00003892        0xc P:\robot_mini\Arduino2Wheeler\ArduGirobot_AtmelStudio\ArduGirobot_AtmelStudio\ArduinoCore\Debug\libArduinoCore.a(Print.o)
                0x00003892                _ZN5Print5printEji
 .text._ZN5Print10printFloatEdh
                0x0000389e      0x1b6 P:\robot_mini\Arduino2Wheeler\ArduGirobot_AtmelStudio\ArduGirobot_AtmelStudio\ArduinoCore\Debug\libArduinoCore.a(Print.o)
                0x0000389e                _ZN5Print10printFloatEdh
 .text._ZN5Print5printEdi
                0x00003a54        0x4 P:\robot_mini\Arduino2Wheeler\ArduGirobot_AtmelStudio\ArduGirobot_AtmelStudio\ArduinoCore\Debug\libArduinoCore.a(Print.o)
                0x00003a54                _ZN5Print5printEdi
 .text._ZN5Print7printlnEdi
                0x00003a58       0x24 P:\robot_mini\Arduino2Wheeler\ArduGirobot_AtmelStudio\ArduGirobot_AtmelStudio\ArduinoCore\Debug\libArduinoCore.a(Print.o)
                0x00003a58                _ZN5Print7printlnEdi
 .text.__vector_16
                0x00003a7c       0x8c P:\robot_mini\Arduino2Wheeler\ArduGirobot_AtmelStudio\ArduGirobot_AtmelStudio\ArduinoCore\Debug\libArduinoCore.a(wiring.o)
                0x00003a7c                __vector_16
 .text.millis   0x00003b08       0x18 P:\robot_mini\Arduino2Wheeler\ArduGirobot_AtmelStudio\ArduGirobot_AtmelStudio\ArduinoCore\Debug\libArduinoCore.a(wiring.o)
                0x00003b08                millis
 .text.micros   0x00003b20       0x44 P:\robot_mini\Arduino2Wheeler\ArduGirobot_AtmelStudio\ArduGirobot_AtmelStudio\ArduinoCore\Debug\libArduinoCore.a(wiring.o)
                0x00003b20                micros
 .text.init     0x00003b64       0x76 P:\robot_mini\Arduino2Wheeler\ArduGirobot_AtmelStudio\ArduGirobot_AtmelStudio\ArduinoCore\Debug\libArduinoCore.a(wiring.o)
                0x00003b64                init
 .text.pinMode  0x00003bda       0x78 P:\robot_mini\Arduino2Wheeler\ArduGirobot_AtmelStudio\ArduGirobot_AtmelStudio\ArduinoCore\Debug\libArduinoCore.a(wiring_digital.o)
                0x00003bda                pinMode
 .text._Z3maplllll
                0x00003c52       0x82 P:\robot_mini\Arduino2Wheeler\ArduGirobot_AtmelStudio\ArduGirobot_AtmelStudio\ArduinoCore\Debug\libArduinoCore.a(WMath.o)
                0x00003c52                _Z3maplllll
 .text.avr-libc.fplib
                0x00003cd4        0xa e:/ides/atmelstudio/7.0/toolchain/avr8/avr8-gnu-toolchain/bin/../lib/gcc/avr/5.4.0/../../../../avr/lib/avr5\libm.a(unordsf2.o)
                0x00003cd4                __unordsf2
 .text.libgcc.mul
                0x00003cde       0x20 e:/ides/atmelstudio/7.0/toolchain/avr8/avr8-gnu-toolchain/bin/../lib/gcc/avr/5.4.0/avr5\libgcc.a(_mulsi3.o)
                0x00003cde                __mulsi3
 .text.libgcc.div
                0x00003cfe       0x44 e:/ides/atmelstudio/7.0/toolchain/avr8/avr8-gnu-toolchain/bin/../lib/gcc/avr/5.4.0/avr5\libgcc.a(_udivmodsi4.o)
                0x00003cfe                __udivmodsi4
 .text.libgcc.div
                0x00003d42       0x2e e:/ides/atmelstudio/7.0/toolchain/avr8/avr8-gnu-toolchain/bin/../lib/gcc/avr/5.4.0/avr5\libgcc.a(_divmodsi4.o)
                0x00003d42                __divmodsi4
 .text.libgcc.div
                0x00003d70       0x10 e:/ides/atmelstudio/7.0/toolchain/avr8/avr8-gnu-toolchain/bin/../lib/gcc/avr/5.4.0/avr5\libgcc.a(_negsi2.o)
                0x00003d70                __negsi2
 .text.libgcc   0x00003d80        0xc e:/ides/atmelstudio/7.0/toolchain/avr8/avr8-gnu-toolchain/bin/../lib/gcc/avr/5.4.0/avr5\libgcc.a(_tablejump2.o)
                0x00003d80                __tablejump2__
 .text.libgcc.mul
                0x00003d8c       0x16 e:/ides/atmelstudio/7.0/toolchain/avr8/avr8-gnu-toolchain/bin/../lib/gcc/avr/5.4.0/avr5\libgcc.a(_muluhisi3.o)
                0x00003d8c                __muluhisi3
 .text.libgcc.mul
                0x00003da2       0x1e e:/ides/atmelstudio/7.0/toolchain/avr8/avr8-gnu-toolchain/bin/../lib/gcc/avr/5.4.0/avr5\libgcc.a(_umulhisi3.o)
                0x00003da2                __umulhisi3
 .text.avr-libc
                0x00003dc0      0x242 e:/ides/atmelstudio/7.0/toolchain/avr8/avr8-gnu-toolchain/bin/../lib/gcc/avr/5.4.0/../../../../avr/lib/avr5\libc.a(malloc.o)
                0x00003dc0                malloc
                0x00003ef0                free
 .text.avr-libc
                0x00004002        0x8 e:/ides/atmelstudio/7.0/toolchain/avr8/avr8-gnu-toolchain/bin/../lib/gcc/avr/5.4.0/../../../../avr/lib/avr5\libc.a(atof.o)
                0x00004002                atof
 .text.avr-libc
                0x0000400a      0x29c e:/ides/atmelstudio/7.0/toolchain/avr8/avr8-gnu-toolchain/bin/../lib/gcc/avr/5.4.0/../../../../avr/lib/avr5\libc.a(strtod.o)
                0x0000400a                strtod
 .text.avr-libc
                0x000042a6       0x12 e:/ides/atmelstudio/7.0/toolchain/avr8/avr8-gnu-toolchain/bin/../lib/gcc/avr/5.4.0/../../../../avr/lib/avr5\libc.a(isspace.o)
                0x000042a6                isspace
 .text.avr-libc
                0x000042b8       0x30 e:/ides/atmelstudio/7.0/toolchain/avr8/avr8-gnu-toolchain/bin/../lib/gcc/avr/5.4.0/../../../../avr/lib/avr5\libc.a(strncasecmp_P.o)
                0x000042b8                strncasecmp_P
 .text.avr-libc
                0x000042e8        0x6 e:/ides/atmelstudio/7.0/toolchain/avr8/avr8-gnu-toolchain/bin/../lib/gcc/avr/5.4.0/../../../../avr/lib/avr5\libc.a(cty_isfalse.o)
                0x000042e8                __ctype_isfalse
                0x000042ec                __ctype_istrue
 .text.avr-libc
                0x000042ee       0x10 E:/IDEs/AtmelStudio/7.0/Packs/atmel/ATmega_DFP/1.2.150/gcc/dev/atmega328p/avr5\libatmega328p.a(eerd_byte.o)
                0x000042ee                eeprom_read_byte
 .text.avr-libc
                0x000042fe       0x1c E:/IDEs/AtmelStudio/7.0/Packs/atmel/ATmega_DFP/1.2.150/gcc/dev/atmega328p/avr5\libatmega328p.a(eewr_byte.o)
                0x000042fe                eeprom_write_byte
                0x00004300                eeprom_write_r18
 .text.libgcc.prologue
                0x0000431a       0x38 e:/ides/atmelstudio/7.0/toolchain/avr8/avr8-gnu-toolchain/bin/../lib/gcc/avr/5.4.0/avr5\libgcc.a(_prologue.o)
                0x0000431a                __prologue_saves__
 .text.libgcc.prologue
                0x00004352       0x36 e:/ides/atmelstudio/7.0/toolchain/avr8/avr8-gnu-toolchain/bin/../lib/gcc/avr/5.4.0/avr5\libgcc.a(_epilogue.o)
                0x00004352                __epilogue_restores__
                0x00004388                . = ALIGN (0x2)
 *(.fini9)
 .fini9         0x00004388        0x0 e:/ides/atmelstudio/7.0/toolchain/avr8/avr8-gnu-toolchain/bin/../lib/gcc/avr/5.4.0/avr5\libgcc.a(_exit.o)
                0x00004388                _exit
                0x00004388                exit
 *(.fini9)
 *(.fini8)
 *(.fini8)
 *(.fini7)
 *(.fini7)
 *(.fini6)
 *(.fini6)
 *(.fini5)
 *(.fini5)
 *(.fini4)
 *(.fini4)
 *(.fini3)
 *(.fini3)
 *(.fini2)
 *(.fini2)
 *(.fini1)
 *(.fini1)
 *(.fini0)
 .fini0         0x00004388        0x4 e:/ides/atmelstudio/7.0/toolchain/avr8/avr8-gnu-toolchain/bin/../lib/gcc/avr/5.4.0/avr5\libgcc.a(_exit.o)
 *(.fini0)
                0x0000438c                _etext = .

.data           0x00800100       0xfa load address 0x0000438c
                0x00800100                PROVIDE (__data_start, .)
 *(.data)
 .data          0x00800100        0x6 e:/ides/atmelstudio/7.0/toolchain/avr8/avr8-gnu-toolchain/bin/../lib/gcc/avr/5.4.0/../../../../avr/lib/avr5\libc.a(malloc.o)
                0x00800100                __malloc_heap_end
                0x00800102                __malloc_heap_start
                0x00800104                __malloc_margin
 *(.data*)
 .data._ZZ9printDatavE5old_i
                0x00800106        0x1 Sketch.o
 .data._ZZ9printDatavE1i
                0x00800107        0x1 Sketch.o
 .data.turning_speed
                0x00800108        0x1 Sketch.o
                0x00800108                turning_speed
 .data.PrintP3CfgValues
                0x00800109        0x1 Sketch.o
                0x00800109                PrintP3CfgValues
 .data.PrintP2CfgValues
                0x0080010a        0x1 Sketch.o
                0x0080010a                PrintP2CfgValues
 .data.PrintP1CfgValues
                0x0080010b        0x1 Sketch.o
                0x0080010b                PrintP1CfgValues
 .data.PrintPidCfgValues
                0x0080010c        0x1 Sketch.o
                0x0080010c                PrintPidCfgValues
 .data.ConnectGiroToMot
                0x0080010d        0x1 Sketch.o
                0x0080010d                ConnectGiroToMot
 .data._ZN6I2Cdev11readTimeoutE
                0x0080010e        0x2 src/libraries/I2Cdev/I2Cdev.o
                0x0080010e                _ZN6I2Cdev11readTimeoutE
 *(.gnu.linkonce.d*)
 *(.rodata)
 *(.rodata*)
 .rodata.str1.1
                0x00800110       0xb6 Sketch.o
 .rodata._ZTV7TwoWire
                0x008001c6       0x12 src/libraries/Wire/src/Wire.o
                0x008001c6                _ZTV7TwoWire
 .rodata._ZTV14HardwareSerial
                0x008001d8       0x12 P:\robot_mini\Arduino2Wheeler\ArduGirobot_AtmelStudio\ArduGirobot_AtmelStudio\ArduinoCore\Debug\libArduinoCore.a(HardwareSerial.o)
                0x008001d8                _ZTV14HardwareSerial
 .rodata.str1.1
                0x008001ea        0xf P:\robot_mini\Arduino2Wheeler\ArduGirobot_AtmelStudio\ArduGirobot_AtmelStudio\ArduinoCore\Debug\libArduinoCore.a(Print.o)
 *(.gnu.linkonce.r*)
                0x008001fa                . = ALIGN (0x2)
 *fill*         0x008001f9        0x1 
                0x008001fa                _edata = .
                0x008001fa                PROVIDE (__data_end, .)

.bss            0x008001fa      0x237
                0x008001fa                PROVIDE (__bss_start, .)
 *(.bss)
 *(.bss*)
 .bss._ZZ15Ser_ReceiveDatavE3ndx
                0x008001fa        0x1 Sketch.o
 .bss.self_balance_pid_setpoint
                0x008001fb        0x4 Sketch.o
                0x008001fb                self_balance_pid_setpoint
 .bss.loopTime  0x008001ff        0x4 Sketch.o
                0x008001ff                loopTime
 .bss.Giro_prevTime
                0x00800203        0x4 Sketch.o
                0x00800203                Giro_prevTime
 .bss.Giro_loopTime
                0x00800207        0x4 Sketch.o
                0x00800207                Giro_loopTime
 .bss.Giro_currTime
                0x0080020b        0x4 Sketch.o
                0x0080020b                Giro_currTime
 .bss.RemoteCmdRecTime
                0x0080020f        0x4 Sketch.o
                0x0080020f                RemoteCmdRecTime
 .bss.RemoteCmd
                0x00800213        0x2 Sketch.o
                0x00800213                RemoteCmd
 .bss.Ser_NewData
                0x00800215        0x1 Sketch.o
                0x00800215                Ser_NewData
 .bss.Ser_Buffer
                0x00800216       0x40 Sketch.o
                0x00800216                Ser_Buffer
 .bss.Giro_Pid  0x00800256        0x2 Sketch.o
                0x00800256                Giro_Pid
 .bss.Mot1_Pid  0x00800258        0x2 Sketch.o
                0x00800258                Mot1_Pid
 .bss.Mot0_Pid  0x0080025a        0x2 Sketch.o
                0x0080025a                Mot0_Pid
 .bss.Giro_PidCtl
                0x0080025c        0x2 Sketch.o
                0x0080025c                Giro_PidCtl
 .bss.Mot1_PidCtl
                0x0080025e        0x2 Sketch.o
                0x0080025e                Mot1_PidCtl
 .bss.Mot0_PidCtl
                0x00800260        0x2 Sketch.o
                0x00800260                Mot0_PidCtl
 .bss.running   0x00800262        0x1 Sketch.o
                0x00800262                running
 .bss.previousMilliSerialLog
                0x00800263        0x4 Sketch.o
                0x00800263                previousMilliSerialLog
 .bss.previousMilliEnc
                0x00800267        0x4 Sketch.o
                0x00800267                previousMilliEnc
 .bss.Giro_PrevAngle
                0x0080026b        0x4 Sketch.o
                0x0080026b                Giro_PrevAngle
 .bss.Giro_FilteredAngle
                0x0080026f        0x4 Sketch.o
                0x0080026f                Giro_FilteredAngle
 .bss.Giro_Angle
                0x00800273        0x4 Sketch.o
                0x00800273                Giro_Angle
 .bss.Giro_AccAngle
                0x00800277        0x4 Sketch.o
                0x00800277                Giro_AccAngle
 .bss.Giro_Rate
                0x0080027b        0x2 Sketch.o
                0x0080027b                Giro_Rate
 .bss.Giro_RotX
                0x0080027d        0x2 Sketch.o
                0x0080027d                Giro_RotX
 .bss.Giro_AccZ
                0x0080027f        0x2 Sketch.o
                0x0080027f                Giro_AccZ
 .bss.Giro_AccY
                0x00800281        0x2 Sketch.o
                0x00800281                Giro_AccY
 .bss.mpu       0x00800283        0xf Sketch.o
                0x00800283                mpu
 .bss.sonar     0x00800292       0x12 Sketch.o
                0x00800292                sonar
 .bss.intFunc   0x008002a4        0x2 src/libraries/NewPing/NewPing.o
                0x008002a4                intFunc
 .bss.twi_error
                0x008002a6        0x1 src/libraries/Wire/src/utility/twi.o
 .bss.twi_rxBufferIndex
                0x008002a7        0x1 src/libraries/Wire/src/utility/twi.o
 .bss.twi_rxBuffer
                0x008002a8       0x20 src/libraries/Wire/src/utility/twi.o
 .bss.twi_txBufferLength
                0x008002c8        0x1 src/libraries/Wire/src/utility/twi.o
 .bss.twi_txBufferIndex
                0x008002c9        0x1 src/libraries/Wire/src/utility/twi.o
 .bss.twi_txBuffer
                0x008002ca       0x20 src/libraries/Wire/src/utility/twi.o
 .bss.twi_masterBufferLength
                0x008002ea        0x1 src/libraries/Wire/src/utility/twi.o
 .bss.twi_masterBufferIndex
                0x008002eb        0x1 src/libraries/Wire/src/utility/twi.o
 .bss.twi_masterBuffer
                0x008002ec       0x20 src/libraries/Wire/src/utility/twi.o
 .bss.twi_onSlaveReceive
                0x0080030c        0x2 src/libraries/Wire/src/utility/twi.o
 .bss.twi_onSlaveTransmit
                0x0080030e        0x2 src/libraries/Wire/src/utility/twi.o
 .bss.twi_inRepStart
                0x00800310        0x1 src/libraries/Wire/src/utility/twi.o
 .bss.twi_sendStop
                0x00800311        0x1 src/libraries/Wire/src/utility/twi.o
 .bss.twi_slarw
                0x00800312        0x1 src/libraries/Wire/src/utility/twi.o
 .bss.twi_state
                0x00800313        0x1 src/libraries/Wire/src/utility/twi.o
 .bss.Wire      0x00800314        0xc src/libraries/Wire/src/Wire.o
                0x00800314                Wire
 .bss._ZN7TwoWire12transmittingE
                0x00800320        0x1 src/libraries/Wire/src/Wire.o
                0x00800320                _ZN7TwoWire12transmittingE
 .bss._ZN7TwoWire14txBufferLengthE
                0x00800321        0x1 src/libraries/Wire/src/Wire.o
                0x00800321                _ZN7TwoWire14txBufferLengthE
 .bss._ZN7TwoWire13txBufferIndexE
                0x00800322        0x1 src/libraries/Wire/src/Wire.o
                0x00800322                _ZN7TwoWire13txBufferIndexE
 .bss._ZN7TwoWire8txBufferE
                0x00800323       0x20 src/libraries/Wire/src/Wire.o
                0x00800323                _ZN7TwoWire8txBufferE
 .bss._ZN7TwoWire9txAddressE
                0x00800343        0x1 src/libraries/Wire/src/Wire.o
                0x00800343                _ZN7TwoWire9txAddressE
 .bss._ZN7TwoWire14rxBufferLengthE
                0x00800344        0x1 src/libraries/Wire/src/Wire.o
                0x00800344                _ZN7TwoWire14rxBufferLengthE
 .bss._ZN7TwoWire13rxBufferIndexE
                0x00800345        0x1 src/libraries/Wire/src/Wire.o
                0x00800345                _ZN7TwoWire13rxBufferIndexE
 .bss._ZN7TwoWire8rxBufferE
                0x00800346       0x20 src/libraries/Wire/src/Wire.o
                0x00800346                _ZN7TwoWire8rxBufferE
 .bss.accelgyro
                0x00800366        0xf src/MPU6050Calib.o
                0x00800366                accelgyro
 .bss.Mot0_tmpState
                0x00800375        0x1 src/my_libs/ENC_lib.o
                0x00800375                Mot0_tmpState
 .bss.Mot0_p2Val
                0x00800376        0x1 src/my_libs/ENC_lib.o
                0x00800376                Mot0_p2Val
 .bss.Mot0_p1Val
                0x00800377        0x1 src/my_libs/ENC_lib.o
                0x00800377                Mot0_p1Val
 .bss.Mot0_state
                0x00800378        0x1 src/my_libs/ENC_lib.o
                0x00800378                Mot0_state
 .bss.Mot1_tmpState
                0x00800379        0x1 src/my_libs/ENC_lib.o
                0x00800379                Mot1_tmpState
 .bss.Mot1_p2Val
                0x0080037a        0x1 src/my_libs/ENC_lib.o
                0x0080037a                Mot1_p2Val
 .bss.Mot1_p1Val
                0x0080037b        0x1 src/my_libs/ENC_lib.o
                0x0080037b                Mot1_p1Val
 .bss.Mot1_state
                0x0080037c        0x1 src/my_libs/ENC_lib.o
                0x0080037c                Mot1_state
 .bss.Mot1_Enc  0x0080037d        0x4 src/my_libs/ENC_lib.o
                0x0080037d                Mot1_Enc
 .bss.Mot0_Enc  0x00800381        0x4 src/my_libs/ENC_lib.o
                0x00800381                Mot0_Enc
 .bss.Serial    0x00800385       0x9d P:\robot_mini\Arduino2Wheeler\ArduGirobot_AtmelStudio\ArduGirobot_AtmelStudio\ArduinoCore\Debug\libArduinoCore.a(HardwareSerial0.o)
                0x00800385                Serial
 .bss.timer0_fract
                0x00800422        0x1 P:\robot_mini\Arduino2Wheeler\ArduGirobot_AtmelStudio\ArduGirobot_AtmelStudio\ArduinoCore\Debug\libArduinoCore.a(wiring.o)
 .bss.timer0_millis
                0x00800423        0x4 P:\robot_mini\Arduino2Wheeler\ArduGirobot_AtmelStudio\ArduGirobot_AtmelStudio\ArduinoCore\Debug\libArduinoCore.a(wiring.o)
                0x00800423                timer0_millis
 .bss.timer0_overflow_count
                0x00800427        0x4 P:\robot_mini\Arduino2Wheeler\ArduGirobot_AtmelStudio\ArduGirobot_AtmelStudio\ArduinoCore\Debug\libArduinoCore.a(wiring.o)
                0x00800427                timer0_overflow_count
 *(COMMON)
 COMMON         0x0080042b        0x4 e:/ides/atmelstudio/7.0/toolchain/avr8/avr8-gnu-toolchain/bin/../lib/gcc/avr/5.4.0/../../../../avr/lib/avr5\libc.a(malloc.o)
                0x0080042b                __brkval
                0x0080042d                __flp
 COMMON         0x0080042f        0x2 e:/ides/atmelstudio/7.0/toolchain/avr8/avr8-gnu-toolchain/bin/../lib/gcc/avr/5.4.0/../../../../avr/lib/avr5\libc.a(errno.o)
                0x0080042f                errno
                0x00800431                PROVIDE (__bss_end, .)
                0x0000438c                __data_load_start = LOADADDR (.data)
                0x00004486                __data_load_end = (__data_load_start + SIZEOF (.data))

.noinit         0x00800431        0x0
                [!provide]                PROVIDE (__noinit_start, .)
 *(.noinit*)
                [!provide]                PROVIDE (__noinit_end, .)
                0x00800431                _end = .
                0x00800431                PROVIDE (__heap_start, .)

.eeprom         0x00810000        0x0
 *(.eeprom*)
                0x00810000                __eeprom_end = .

.fuse
 *(.fuse)
 *(.lfuse)
 *(.hfuse)
 *(.efuse)

.lock
 *(.lock*)

.signature
 *(.signature*)

.user_signatures
 *(.user_signatures*)

.stab
 *(.stab)

.stabstr
 *(.stabstr)

.stab.excl
 *(.stab.excl)

.stab.exclstr
 *(.stab.exclstr)

.stab.index
 *(.stab.index)

.stab.indexstr
 *(.stab.indexstr)

.comment        0x00000000       0x5c
 *(.comment)
 .comment       0x00000000       0x30 Sketch.o
                                 0x31 (size before relaxing)
 .comment       0x00000030       0x31 src/libraries/Arduino-PID-Library-master/PID_v1.o
 .comment       0x00000030       0x31 src/libraries/I2Cdev/I2Cdev.o
 .comment       0x00000030       0x31 src/libraries/MPU6050/MPU6050.o
 .comment       0x00000030       0x31 src/libraries/NewPing/NewPing.o
 .comment       0x00000030       0x31 src/libraries/Wire/src/utility/twi.o
 .comment       0x00000030       0x31 src/libraries/Wire/src/Wire.o
 .comment       0x00000030       0x31 src/MPU6050Calib.o
 .comment       0x00000030       0x31 src/my_libs/ENC_lib.o
 .comment       0x00000030       0x31 src/my_libs/MOT_lib.o
 .comment       0x00000030       0x31 src/my_libs/pwm_basic.o
 .comment       0x00000030       0x31 P:\robot_mini\Arduino2Wheeler\ArduGirobot_AtmelStudio\ArduGirobot_AtmelStudio\ArduinoCore\Debug\libArduinoCore.a(HardwareSerial.o)
 .comment       0x00000030       0x31 P:\robot_mini\Arduino2Wheeler\ArduGirobot_AtmelStudio\ArduGirobot_AtmelStudio\ArduinoCore\Debug\libArduinoCore.a(HardwareSerial0.o)
 .comment       0x00000030       0x31 P:\robot_mini\Arduino2Wheeler\ArduGirobot_AtmelStudio\ArduGirobot_AtmelStudio\ArduinoCore\Debug\libArduinoCore.a(main.o)
 .comment       0x00000030       0x31 P:\robot_mini\Arduino2Wheeler\ArduGirobot_AtmelStudio\ArduGirobot_AtmelStudio\ArduinoCore\Debug\libArduinoCore.a(new.o)
 .comment       0x00000030       0x31 P:\robot_mini\Arduino2Wheeler\ArduGirobot_AtmelStudio\ArduGirobot_AtmelStudio\ArduinoCore\Debug\libArduinoCore.a(Print.o)
 .comment       0x00000030       0x31 P:\robot_mini\Arduino2Wheeler\ArduGirobot_AtmelStudio\ArduGirobot_AtmelStudio\ArduinoCore\Debug\libArduinoCore.a(wiring.o)
 .comment       0x00000030       0x31 P:\robot_mini\Arduino2Wheeler\ArduGirobot_AtmelStudio\ArduGirobot_AtmelStudio\ArduinoCore\Debug\libArduinoCore.a(wiring_digital.o)
 .comment       0x00000030       0x31 P:\robot_mini\Arduino2Wheeler\ArduGirobot_AtmelStudio\ArduGirobot_AtmelStudio\ArduinoCore\Debug\libArduinoCore.a(WMath.o)
 .comment       0x00000030       0x31 e:/ides/atmelstudio/7.0/toolchain/avr8/avr8-gnu-toolchain/bin/../lib/gcc/avr/5.4.0/../../../../avr/lib/avr5\libc.a(malloc.o)
 .comment       0x00000030       0x31 e:/ides/atmelstudio/7.0/toolchain/avr8/avr8-gnu-toolchain/bin/../lib/gcc/avr/5.4.0/../../../../avr/lib/avr5\libc.a(strtod.o)
 .comment       0x00000030       0x2c e:/ides/atmelstudio/7.0/toolchain/avr8/avr8-gnu-toolchain/bin/../lib/gcc/avr/5.4.0/../../../../avr/lib/avr5\libc.a(errno.o)
                                 0x2d (size before relaxing)

.note.gnu.avr.deviceinfo
                0x00000000       0x40
 .note.gnu.avr.deviceinfo
                0x00000000       0x40 E:/IDEs/AtmelStudio/7.0/Packs/atmel/ATmega_DFP/1.2.150/gcc/dev/atmega328p/avr5/crtatmega328p.o

.note.gnu.build-id
 *(.note.gnu.build-id)

.debug
 *(.debug)

.line
 *(.line)

.debug_srcinfo
 *(.debug_srcinfo)

.debug_sfnames
 *(.debug_sfnames)

.debug_aranges  0x00000000     0x10d8
 *(.debug_aranges)
 .debug_aranges
                0x00000000       0x98 Sketch.o
 .debug_aranges
                0x00000098       0x90 src/libraries/Arduino-PID-Library-master/PID_v1.o
 .debug_aranges
                0x00000128       0xa0 src/libraries/I2Cdev/I2Cdev.o
 .debug_aranges
                0x000001c8      0x878 src/libraries/MPU6050/MPU6050.o
 .debug_aranges
                0x00000a40       0xa0 src/libraries/NewPing/NewPing.o
 .debug_aranges
                0x00000ae0       0x80 src/libraries/Wire/src/utility/twi.o
 .debug_aranges
                0x00000b60       0xf8 src/libraries/Wire/src/Wire.o
 .debug_aranges
                0x00000c58       0x40 src/MPU6050Calib.o
 .debug_aranges
                0x00000c98       0x30 src/my_libs/ENC_lib.o
 .debug_aranges
                0x00000cc8       0x60 src/my_libs/MOT_lib.o
 .debug_aranges
                0x00000d28       0xa0 src/my_libs/pwm_basic.o
 .debug_aranges
                0x00000dc8       0x68 P:\robot_mini\Arduino2Wheeler\ArduGirobot_AtmelStudio\ArduGirobot_AtmelStudio\ArduinoCore\Debug\libArduinoCore.a(HardwareSerial.o)
 .debug_aranges
                0x00000e30       0x48 P:\robot_mini\Arduino2Wheeler\ArduGirobot_AtmelStudio\ArduGirobot_AtmelStudio\ArduinoCore\Debug\libArduinoCore.a(HardwareSerial0.o)
 .debug_aranges
                0x00000e78       0x30 P:\robot_mini\Arduino2Wheeler\ArduGirobot_AtmelStudio\ArduGirobot_AtmelStudio\ArduinoCore\Debug\libArduinoCore.a(main.o)
 .debug_aranges
                0x00000ea8       0x28 P:\robot_mini\Arduino2Wheeler\ArduGirobot_AtmelStudio\ArduGirobot_AtmelStudio\ArduinoCore\Debug\libArduinoCore.a(new.o)
 .debug_aranges
                0x00000ed0      0x100 P:\robot_mini\Arduino2Wheeler\ArduGirobot_AtmelStudio\ArduGirobot_AtmelStudio\ArduinoCore\Debug\libArduinoCore.a(Print.o)
 .debug_aranges
                0x00000fd0       0x48 P:\robot_mini\Arduino2Wheeler\ArduGirobot_AtmelStudio\ArduGirobot_AtmelStudio\ArduinoCore\Debug\libArduinoCore.a(wiring.o)
 .debug_aranges
                0x00001018       0x38 P:\robot_mini\Arduino2Wheeler\ArduGirobot_AtmelStudio\ArduGirobot_AtmelStudio\ArduinoCore\Debug\libArduinoCore.a(wiring_digital.o)
 .debug_aranges
                0x00001050       0x48 P:\robot_mini\Arduino2Wheeler\ArduGirobot_AtmelStudio\ArduGirobot_AtmelStudio\ArduinoCore\Debug\libArduinoCore.a(WMath.o)
 .debug_aranges
                0x00001098       0x20 E:/IDEs/AtmelStudio/7.0/Packs/atmel/ATmega_DFP/1.2.150/gcc/dev/atmega328p/avr5\libatmega328p.a(eerd_byte.o)
 .debug_aranges
                0x000010b8       0x20 E:/IDEs/AtmelStudio/7.0/Packs/atmel/ATmega_DFP/1.2.150/gcc/dev/atmega328p/avr5\libatmega328p.a(eewr_byte.o)

.debug_pubnames
 *(.debug_pubnames)

.debug_info     0x00000000    0x1e61d
 *(.debug_info .gnu.linkonce.wi.*)
 .debug_info    0x00000000      0x5f4 E:/IDEs/AtmelStudio/7.0/Packs/atmel/ATmega_DFP/1.2.150/gcc/dev/atmega328p/avr5/crtatmega328p.o
 .debug_info    0x000005f4     0x4b3e Sketch.o
 .debug_info    0x00005132      0xc5a src/libraries/Arduino-PID-Library-master/PID_v1.o
 .debug_info    0x00005d8c     0x1198 src/libraries/I2Cdev/I2Cdev.o
 .debug_info    0x00006f24     0x8c79 src/libraries/MPU6050/MPU6050.o
 .debug_info    0x0000fb9d      0xd03 src/libraries/NewPing/NewPing.o
 .debug_info    0x000108a0      0x604 src/libraries/Wire/src/utility/twi.o
 .debug_info    0x00010ea4     0x27b4 src/libraries/Wire/src/Wire.o
 .debug_info    0x00013658     0x3191 src/MPU6050Calib.o
 .debug_info    0x000167e9      0x2ec src/my_libs/ENC_lib.o
 .debug_info    0x00016ad5      0x5e6 src/my_libs/MOT_lib.o
 .debug_info    0x000170bb      0x320 src/my_libs/pwm_basic.o
 .debug_info    0x000173db     0x1e89 P:\robot_mini\Arduino2Wheeler\ArduGirobot_AtmelStudio\ArduGirobot_AtmelStudio\ArduinoCore\Debug\libArduinoCore.a(HardwareSerial.o)
 .debug_info    0x00019264     0x1b16 P:\robot_mini\Arduino2Wheeler\ArduGirobot_AtmelStudio\ArduGirobot_AtmelStudio\ArduinoCore\Debug\libArduinoCore.a(HardwareSerial0.o)
 .debug_info    0x0001ad7a      0x237 P:\robot_mini\Arduino2Wheeler\ArduGirobot_AtmelStudio\ArduGirobot_AtmelStudio\ArduinoCore\Debug\libArduinoCore.a(main.o)
 .debug_info    0x0001afb1      0x11c P:\robot_mini\Arduino2Wheeler\ArduGirobot_AtmelStudio\ArduGirobot_AtmelStudio\ArduinoCore\Debug\libArduinoCore.a(new.o)
 .debug_info    0x0001b0cd     0x28ff P:\robot_mini\Arduino2Wheeler\ArduGirobot_AtmelStudio\ArduGirobot_AtmelStudio\ArduinoCore\Debug\libArduinoCore.a(Print.o)
 .debug_info    0x0001d9cc      0x2cb P:\robot_mini\Arduino2Wheeler\ArduGirobot_AtmelStudio\ArduGirobot_AtmelStudio\ArduinoCore\Debug\libArduinoCore.a(wiring.o)
 .debug_info    0x0001dc97      0x5fe P:\robot_mini\Arduino2Wheeler\ArduGirobot_AtmelStudio\ArduGirobot_AtmelStudio\ArduinoCore\Debug\libArduinoCore.a(wiring_digital.o)
 .debug_info    0x0001e295      0x230 P:\robot_mini\Arduino2Wheeler\ArduGirobot_AtmelStudio\ArduGirobot_AtmelStudio\ArduinoCore\Debug\libArduinoCore.a(WMath.o)
 .debug_info    0x0001e4c5       0xac E:/IDEs/AtmelStudio/7.0/Packs/atmel/ATmega_DFP/1.2.150/gcc/dev/atmega328p/avr5\libatmega328p.a(eerd_byte.o)
 .debug_info    0x0001e571       0xac E:/IDEs/AtmelStudio/7.0/Packs/atmel/ATmega_DFP/1.2.150/gcc/dev/atmega328p/avr5\libatmega328p.a(eewr_byte.o)

.debug_abbrev   0x00000000     0x38fc
 *(.debug_abbrev)
 .debug_abbrev  0x00000000      0x5a2 E:/IDEs/AtmelStudio/7.0/Packs/atmel/ATmega_DFP/1.2.150/gcc/dev/atmega328p/avr5/crtatmega328p.o
 .debug_abbrev  0x000005a2      0x65d Sketch.o
 .debug_abbrev  0x00000bff      0x2d2 src/libraries/Arduino-PID-Library-master/PID_v1.o
 .debug_abbrev  0x00000ed1      0x2d3 src/libraries/I2Cdev/I2Cdev.o
 .debug_abbrev  0x000011a4      0x2f5 src/libraries/MPU6050/MPU6050.o
 .debug_abbrev  0x00001499      0x3b7 src/libraries/NewPing/NewPing.o
 .debug_abbrev  0x00001850      0x260 src/libraries/Wire/src/utility/twi.o
 .debug_abbrev  0x00001ab0      0x581 src/libraries/Wire/src/Wire.o
 .debug_abbrev  0x00002031      0x2df src/MPU6050Calib.o
 .debug_abbrev  0x00002310       0xf7 src/my_libs/ENC_lib.o
 .debug_abbrev  0x00002407      0x1b6 src/my_libs/MOT_lib.o
 .debug_abbrev  0x000025bd       0xd6 src/my_libs/pwm_basic.o
 .debug_abbrev  0x00002693      0x432 P:\robot_mini\Arduino2Wheeler\ArduGirobot_AtmelStudio\ArduGirobot_AtmelStudio\ArduinoCore\Debug\libArduinoCore.a(HardwareSerial.o)
 .debug_abbrev  0x00002ac5      0x3ce P:\robot_mini\Arduino2Wheeler\ArduGirobot_AtmelStudio\ArduGirobot_AtmelStudio\ArduinoCore\Debug\libArduinoCore.a(HardwareSerial0.o)
 .debug_abbrev  0x00002e93      0x12d P:\robot_mini\Arduino2Wheeler\ArduGirobot_AtmelStudio\ArduGirobot_AtmelStudio\ArduinoCore\Debug\libArduinoCore.a(main.o)
 .debug_abbrev  0x00002fc0       0xce P:\robot_mini\Arduino2Wheeler\ArduGirobot_AtmelStudio\ArduGirobot_AtmelStudio\ArduinoCore\Debug\libArduinoCore.a(new.o)
 .debug_abbrev  0x0000308e      0x47a P:\robot_mini\Arduino2Wheeler\ArduGirobot_AtmelStudio\ArduGirobot_AtmelStudio\ArduinoCore\Debug\libArduinoCore.a(Print.o)
 .debug_abbrev  0x00003508      0x146 P:\robot_mini\Arduino2Wheeler\ArduGirobot_AtmelStudio\ArduGirobot_AtmelStudio\ArduinoCore\Debug\libArduinoCore.a(wiring.o)
 .debug_abbrev  0x0000364e      0x15b P:\robot_mini\Arduino2Wheeler\ArduGirobot_AtmelStudio\ArduGirobot_AtmelStudio\ArduinoCore\Debug\libArduinoCore.a(wiring_digital.o)
 .debug_abbrev  0x000037a9      0x12b P:\robot_mini\Arduino2Wheeler\ArduGirobot_AtmelStudio\ArduGirobot_AtmelStudio\ArduinoCore\Debug\libArduinoCore.a(WMath.o)
 .debug_abbrev  0x000038d4       0x14 E:/IDEs/AtmelStudio/7.0/Packs/atmel/ATmega_DFP/1.2.150/gcc/dev/atmega328p/avr5\libatmega328p.a(eerd_byte.o)
 .debug_abbrev  0x000038e8       0x14 E:/IDEs/AtmelStudio/7.0/Packs/atmel/ATmega_DFP/1.2.150/gcc/dev/atmega328p/avr5\libatmega328p.a(eewr_byte.o)

.debug_line     0x00000000     0x6f94
 *(.debug_line .debug_line.* .debug_line_end)
 .debug_line    0x00000000      0x133 E:/IDEs/AtmelStudio/7.0/Packs/atmel/ATmega_DFP/1.2.150/gcc/dev/atmega328p/avr5/crtatmega328p.o
 .debug_line    0x00000133      0xb63 Sketch.o
 .debug_line    0x00000c96      0x4c5 src/libraries/Arduino-PID-Library-master/PID_v1.o
 .debug_line    0x0000115b      0x663 src/libraries/I2Cdev/I2Cdev.o
 .debug_line    0x000017be     0x23e7 src/libraries/MPU6050/MPU6050.o
 .debug_line    0x00003ba5      0x4c8 src/libraries/NewPing/NewPing.o
 .debug_line    0x0000406d      0x51e src/libraries/Wire/src/utility/twi.o
 .debug_line    0x0000458b      0x5e8 src/libraries/Wire/src/Wire.o
 .debug_line    0x00004b73      0x586 src/MPU6050Calib.o
 .debug_line    0x000050f9      0x22d src/my_libs/ENC_lib.o
 .debug_line    0x00005326      0x2e4 src/my_libs/MOT_lib.o
 .debug_line    0x0000560a      0x2c1 src/my_libs/pwm_basic.o
 .debug_line    0x000058cb      0x41b P:\robot_mini\Arduino2Wheeler\ArduGirobot_AtmelStudio\ArduGirobot_AtmelStudio\ArduinoCore\Debug\libArduinoCore.a(HardwareSerial.o)
 .debug_line    0x00005ce6      0x281 P:\robot_mini\Arduino2Wheeler\ArduGirobot_AtmelStudio\ArduGirobot_AtmelStudio\ArduinoCore\Debug\libArduinoCore.a(HardwareSerial0.o)
 .debug_line    0x00005f67      0x16a P:\robot_mini\Arduino2Wheeler\ArduGirobot_AtmelStudio\ArduGirobot_AtmelStudio\ArduinoCore\Debug\libArduinoCore.a(main.o)
 .debug_line    0x000060d1      0x10f P:\robot_mini\Arduino2Wheeler\ArduGirobot_AtmelStudio\ArduGirobot_AtmelStudio\ArduinoCore\Debug\libArduinoCore.a(new.o)
 .debug_line    0x000061e0      0x67a P:\robot_mini\Arduino2Wheeler\ArduGirobot_AtmelStudio\ArduGirobot_AtmelStudio\ArduinoCore\Debug\libArduinoCore.a(Print.o)
 .debug_line    0x0000685a      0x298 P:\robot_mini\Arduino2Wheeler\ArduGirobot_AtmelStudio\ArduGirobot_AtmelStudio\ArduinoCore\Debug\libArduinoCore.a(wiring.o)
 .debug_line    0x00006af2      0x257 P:\robot_mini\Arduino2Wheeler\ArduGirobot_AtmelStudio\ArduGirobot_AtmelStudio\ArduinoCore\Debug\libArduinoCore.a(wiring_digital.o)
 .debug_line    0x00006d49      0x133 P:\robot_mini\Arduino2Wheeler\ArduGirobot_AtmelStudio\ArduGirobot_AtmelStudio\ArduinoCore\Debug\libArduinoCore.a(WMath.o)
 .debug_line    0x00006e7c       0x7a E:/IDEs/AtmelStudio/7.0/Packs/atmel/ATmega_DFP/1.2.150/gcc/dev/atmega328p/avr5\libatmega328p.a(eerd_byte.o)
 .debug_line    0x00006ef6       0x9e E:/IDEs/AtmelStudio/7.0/Packs/atmel/ATmega_DFP/1.2.150/gcc/dev/atmega328p/avr5\libatmega328p.a(eewr_byte.o)

.debug_frame    0x00000000     0x3acc
 *(.debug_frame)
 .debug_frame   0x00000000      0x2fc Sketch.o
 .debug_frame   0x000002fc      0x364 src/libraries/Arduino-PID-Library-master/PID_v1.o
 .debug_frame   0x00000660      0x3bc src/libraries/I2Cdev/I2Cdev.o
 .debug_frame   0x00000a1c     0x1eac src/libraries/MPU6050/MPU6050.o
 .debug_frame   0x000028c8      0x244 src/libraries/NewPing/NewPing.o
 .debug_frame   0x00002b0c      0x134 src/libraries/Wire/src/utility/twi.o
 .debug_frame   0x00002c40      0x284 src/libraries/Wire/src/Wire.o
 .debug_frame   0x00002ec4       0xc8 src/MPU6050Calib.o
 .debug_frame   0x00002f8c       0xa4 src/my_libs/ENC_lib.o
 .debug_frame   0x00003030       0xd0 src/my_libs/MOT_lib.o
 .debug_frame   0x00003100      0x154 src/my_libs/pwm_basic.o
 .debug_frame   0x00003254      0x110 P:\robot_mini\Arduino2Wheeler\ArduGirobot_AtmelStudio\ArduGirobot_AtmelStudio\ArduinoCore\Debug\libArduinoCore.a(HardwareSerial.o)
 .debug_frame   0x00003364       0xe0 P:\robot_mini\Arduino2Wheeler\ArduGirobot_AtmelStudio\ArduGirobot_AtmelStudio\ArduinoCore\Debug\libArduinoCore.a(HardwareSerial0.o)
 .debug_frame   0x00003444       0x54 P:\robot_mini\Arduino2Wheeler\ArduGirobot_AtmelStudio\ArduGirobot_AtmelStudio\ArduinoCore\Debug\libArduinoCore.a(main.o)
 .debug_frame   0x00003498       0x54 P:\robot_mini\Arduino2Wheeler\ArduGirobot_AtmelStudio\ArduGirobot_AtmelStudio\ArduinoCore\Debug\libArduinoCore.a(new.o)
 .debug_frame   0x000034ec      0x3ac P:\robot_mini\Arduino2Wheeler\ArduGirobot_AtmelStudio\ArduGirobot_AtmelStudio\ArduinoCore\Debug\libArduinoCore.a(Print.o)
 .debug_frame   0x00003898       0xc4 P:\robot_mini\Arduino2Wheeler\ArduGirobot_AtmelStudio\ArduGirobot_AtmelStudio\ArduinoCore\Debug\libArduinoCore.a(wiring.o)
 .debug_frame   0x0000395c       0x7c P:\robot_mini\Arduino2Wheeler\ArduGirobot_AtmelStudio\ArduGirobot_AtmelStudio\ArduinoCore\Debug\libArduinoCore.a(wiring_digital.o)
 .debug_frame   0x000039d8       0xf4 P:\robot_mini\Arduino2Wheeler\ArduGirobot_AtmelStudio\ArduGirobot_AtmelStudio\ArduinoCore\Debug\libArduinoCore.a(WMath.o)

.debug_str      0x00000000     0x77d1
 *(.debug_str)
 .debug_str     0x00000000      0x208 E:/IDEs/AtmelStudio/7.0/Packs/atmel/ATmega_DFP/1.2.150/gcc/dev/atmega328p/avr5/crtatmega328p.o
 .debug_str     0x00000208     0x4b3a Sketch.o
                               0x4c45 (size before relaxing)
 .debug_str     0x00004d42       0xb1 src/libraries/Arduino-PID-Library-master/PID_v1.o
                                0x5a5 (size before relaxing)
 .debug_str     0x00004df3      0x3ac src/libraries/I2Cdev/I2Cdev.o
                                0x687 (size before relaxing)
 .debug_str     0x0000519f      0x165 src/libraries/MPU6050/MPU6050.o
                               0x3fc7 (size before relaxing)
 .debug_str     0x00005304      0x121 src/libraries/NewPing/NewPing.o
                                0x6d1 (size before relaxing)
 .debug_str     0x00005425      0x2be src/libraries/Wire/src/utility/twi.o
                                0x3d9 (size before relaxing)
 .debug_str     0x000056e3     0x1389 src/libraries/Wire/src/Wire.o
                               0x18d0 (size before relaxing)
 .debug_str     0x00006a6c      0x1cd src/MPU6050Calib.o
                               0x3f1f (size before relaxing)
 .debug_str     0x00006c39       0xa9 src/my_libs/ENC_lib.o
                                0x326 (size before relaxing)
 .debug_str     0x00006ce2      0x202 src/my_libs/MOT_lib.o
                                0x4bb (size before relaxing)
 .debug_str     0x00006ee4       0x8a src/my_libs/pwm_basic.o
                                0x380 (size before relaxing)
 .debug_str     0x00006f6e      0x33e P:\robot_mini\Arduino2Wheeler\ArduGirobot_AtmelStudio\ArduGirobot_AtmelStudio\ArduinoCore\Debug\libArduinoCore.a(HardwareSerial.o)
                               0x15f7 (size before relaxing)
 .debug_str     0x000072ac       0x47 P:\robot_mini\Arduino2Wheeler\ArduGirobot_AtmelStudio\ArduGirobot_AtmelStudio\ArduinoCore\Debug\libArduinoCore.a(HardwareSerial0.o)
                               0x1413 (size before relaxing)
 .debug_str     0x000072f3       0x37 P:\robot_mini\Arduino2Wheeler\ArduGirobot_AtmelStudio\ArduGirobot_AtmelStudio\ArduinoCore\Debug\libArduinoCore.a(main.o)
                                0x2bf (size before relaxing)
 .debug_str     0x0000732a       0x44 P:\robot_mini\Arduino2Wheeler\ArduGirobot_AtmelStudio\ArduGirobot_AtmelStudio\ArduinoCore\Debug\libArduinoCore.a(new.o)
                                0x1d5 (size before relaxing)
 .debug_str     0x0000736e      0x2ff P:\robot_mini\Arduino2Wheeler\ArduGirobot_AtmelStudio\ArduGirobot_AtmelStudio\ArduinoCore\Debug\libArduinoCore.a(Print.o)
                               0x124d (size before relaxing)
 .debug_str     0x0000766d       0x66 P:\robot_mini\Arduino2Wheeler\ArduGirobot_AtmelStudio\ArduGirobot_AtmelStudio\ArduinoCore\Debug\libArduinoCore.a(wiring.o)
                                0x255 (size before relaxing)
 .debug_str     0x000076d3       0x52 P:\robot_mini\Arduino2Wheeler\ArduGirobot_AtmelStudio\ArduGirobot_AtmelStudio\ArduinoCore\Debug\libArduinoCore.a(wiring_digital.o)
                                0x2ba (size before relaxing)
 .debug_str     0x00007725       0xac P:\robot_mini\Arduino2Wheeler\ArduGirobot_AtmelStudio\ArduGirobot_AtmelStudio\ArduinoCore\Debug\libArduinoCore.a(WMath.o)
                                0x258 (size before relaxing)

.debug_loc      0x00000000    0x11713
 *(.debug_loc)
 .debug_loc     0x00000000      0xd4f Sketch.o
 .debug_loc     0x00000d4f     0x109d src/libraries/Arduino-PID-Library-master/PID_v1.o
 .debug_loc     0x00001dec     0x166b src/libraries/I2Cdev/I2Cdev.o
 .debug_loc     0x00003457     0x906e src/libraries/MPU6050/MPU6050.o
 .debug_loc     0x0000c4c5      0xba0 src/libraries/NewPing/NewPing.o
 .debug_loc     0x0000d065      0x3e6 src/libraries/Wire/src/utility/twi.o
 .debug_loc     0x0000d44b      0xbfd src/libraries/Wire/src/Wire.o
 .debug_loc     0x0000e048      0x36a src/MPU6050Calib.o
 .debug_loc     0x0000e3b2      0x114 src/my_libs/ENC_lib.o
 .debug_loc     0x0000e4c6      0x32f src/my_libs/MOT_lib.o
 .debug_loc     0x0000e7f5      0x482 P:\robot_mini\Arduino2Wheeler\ArduGirobot_AtmelStudio\ArduGirobot_AtmelStudio\ArduinoCore\Debug\libArduinoCore.a(HardwareSerial.o)
 .debug_loc     0x0000ec77      0x1b0 P:\robot_mini\Arduino2Wheeler\ArduGirobot_AtmelStudio\ArduGirobot_AtmelStudio\ArduinoCore\Debug\libArduinoCore.a(HardwareSerial0.o)
 .debug_loc     0x0000ee27       0x4c P:\robot_mini\Arduino2Wheeler\ArduGirobot_AtmelStudio\ArduGirobot_AtmelStudio\ArduinoCore\Debug\libArduinoCore.a(new.o)
 .debug_loc     0x0000ee73     0x1c87 P:\robot_mini\Arduino2Wheeler\ArduGirobot_AtmelStudio\ArduGirobot_AtmelStudio\ArduinoCore\Debug\libArduinoCore.a(Print.o)
 .debug_loc     0x00010afa      0x247 P:\robot_mini\Arduino2Wheeler\ArduGirobot_AtmelStudio\ArduGirobot_AtmelStudio\ArduinoCore\Debug\libArduinoCore.a(wiring.o)
 .debug_loc     0x00010d41      0x5fc P:\robot_mini\Arduino2Wheeler\ArduGirobot_AtmelStudio\ArduGirobot_AtmelStudio\ArduinoCore\Debug\libArduinoCore.a(wiring_digital.o)
 .debug_loc     0x0001133d      0x3d6 P:\robot_mini\Arduino2Wheeler\ArduGirobot_AtmelStudio\ArduGirobot_AtmelStudio\ArduinoCore\Debug\libArduinoCore.a(WMath.o)

.debug_macinfo
 *(.debug_macinfo)

.debug_weaknames
 *(.debug_weaknames)

.debug_funcnames
 *(.debug_funcnames)

.debug_typenames
 *(.debug_typenames)

.debug_varnames
 *(.debug_varnames)

.debug_pubtypes
 *(.debug_pubtypes)

.debug_ranges   0x00000000     0x1038
 *(.debug_ranges)
 .debug_ranges  0x00000000       0x88 Sketch.o
 .debug_ranges  0x00000088       0x80 src/libraries/Arduino-PID-Library-master/PID_v1.o
 .debug_ranges  0x00000108      0x100 src/libraries/I2Cdev/I2Cdev.o
 .debug_ranges  0x00000208      0x868 src/libraries/MPU6050/MPU6050.o
 .debug_ranges  0x00000a70       0x90 src/libraries/NewPing/NewPing.o
 .debug_ranges  0x00000b00       0x70 src/libraries/Wire/src/utility/twi.o
 .debug_ranges  0x00000b70       0xe8 src/libraries/Wire/src/Wire.o
 .debug_ranges  0x00000c58       0x48 src/MPU6050Calib.o
 .debug_ranges  0x00000ca0       0x20 src/my_libs/ENC_lib.o
 .debug_ranges  0x00000cc0       0x68 src/my_libs/MOT_lib.o
 .debug_ranges  0x00000d28       0x90 src/my_libs/pwm_basic.o
 .debug_ranges  0x00000db8       0x58 P:\robot_mini\Arduino2Wheeler\ArduGirobot_AtmelStudio\ArduGirobot_AtmelStudio\ArduinoCore\Debug\libArduinoCore.a(HardwareSerial.o)
 .debug_ranges  0x00000e10       0x38 P:\robot_mini\Arduino2Wheeler\ArduGirobot_AtmelStudio\ArduGirobot_AtmelStudio\ArduinoCore\Debug\libArduinoCore.a(HardwareSerial0.o)
 .debug_ranges  0x00000e48       0x20 P:\robot_mini\Arduino2Wheeler\ArduGirobot_AtmelStudio\ArduGirobot_AtmelStudio\ArduinoCore\Debug\libArduinoCore.a(main.o)
 .debug_ranges  0x00000e68       0x18 P:\robot_mini\Arduino2Wheeler\ArduGirobot_AtmelStudio\ArduGirobot_AtmelStudio\ArduinoCore\Debug\libArduinoCore.a(new.o)
 .debug_ranges  0x00000e80      0x120 P:\robot_mini\Arduino2Wheeler\ArduGirobot_AtmelStudio\ArduGirobot_AtmelStudio\ArduinoCore\Debug\libArduinoCore.a(Print.o)
 .debug_ranges  0x00000fa0       0x38 P:\robot_mini\Arduino2Wheeler\ArduGirobot_AtmelStudio\ArduGirobot_AtmelStudio\ArduinoCore\Debug\libArduinoCore.a(wiring.o)
 .debug_ranges  0x00000fd8       0x28 P:\robot_mini\Arduino2Wheeler\ArduGirobot_AtmelStudio\ArduGirobot_AtmelStudio\ArduinoCore\Debug\libArduinoCore.a(wiring_digital.o)
 .debug_ranges  0x00001000       0x38 P:\robot_mini\Arduino2Wheeler\ArduGirobot_AtmelStudio\ArduGirobot_AtmelStudio\ArduinoCore\Debug\libArduinoCore.a(WMath.o)

.debug_macro
 *(.debug_macro)
OUTPUT(ArduGirobot.elf elf32-avr)
LOAD linker stubs
